Archive member included to satisfy reference by file (symbol)

/Users/changhaibian/Documents/MATLAB/SupportPackages/R2020a/3P.instrset/cmsis.instrset/CMSIS/RTOS/RTX/LIB/GCC/libRTX_CM4.a(rt_cmsis.o)
                              RTX_Conf_CM.o (osKernelInitialize)
/Users/changhaibian/Documents/MATLAB/SupportPackages/R2020a/3P.instrset/cmsis.instrset/CMSIS/RTOS/RTX/LIB/GCC/libRTX_CM4.a(hal_cm.o)
                              /Users/changhaibian/Documents/MATLAB/SupportPackages/R2020a/3P.instrset/cmsis.instrset/CMSIS/RTOS/RTX/LIB/GCC/libRTX_CM4.a(rt_cmsis.o) (rt_ret_val)
/Users/changhaibian/Documents/MATLAB/SupportPackages/R2020a/3P.instrset/cmsis.instrset/CMSIS/RTOS/RTX/LIB/GCC/libRTX_CM4.a(rt_memory.o)
                              /Users/changhaibian/Documents/MATLAB/SupportPackages/R2020a/3P.instrset/cmsis.instrset/CMSIS/RTOS/RTX/LIB/GCC/libRTX_CM4.a(rt_cmsis.o) (rt_init_mem)
/Users/changhaibian/Documents/MATLAB/SupportPackages/R2020a/3P.instrset/cmsis.instrset/CMSIS/RTOS/RTX/LIB/GCC/libRTX_CM4.a(rt_membox.o)
                              /Users/changhaibian/Documents/MATLAB/SupportPackages/R2020a/3P.instrset/cmsis.instrset/CMSIS/RTOS/RTX/LIB/GCC/libRTX_CM4.a(rt_cmsis.o) (_init_box)
/Users/changhaibian/Documents/MATLAB/SupportPackages/R2020a/3P.instrset/cmsis.instrset/CMSIS/RTOS/RTX/LIB/GCC/libRTX_CM4.a(rt_mutex.o)
                              /Users/changhaibian/Documents/MATLAB/SupportPackages/R2020a/3P.instrset/cmsis.instrset/CMSIS/RTOS/RTX/LIB/GCC/libRTX_CM4.a(rt_cmsis.o) (rt_mut_init)
/Users/changhaibian/Documents/MATLAB/SupportPackages/R2020a/3P.instrset/cmsis.instrset/CMSIS/RTOS/RTX/LIB/GCC/libRTX_CM4.a(rt_time.o)
                              /Users/changhaibian/Documents/MATLAB/SupportPackages/R2020a/3P.instrset/cmsis.instrset/CMSIS/RTOS/RTX/LIB/GCC/libRTX_CM4.a(rt_cmsis.o) (os_time)
/Users/changhaibian/Documents/MATLAB/SupportPackages/R2020a/3P.instrset/cmsis.instrset/CMSIS/RTOS/RTX/LIB/GCC/libRTX_CM4.a(rt_semaphore.o)
                              /Users/changhaibian/Documents/MATLAB/SupportPackages/R2020a/3P.instrset/cmsis.instrset/CMSIS/RTOS/RTX/LIB/GCC/libRTX_CM4.a(rt_cmsis.o) (rt_sem_init)
/Users/changhaibian/Documents/MATLAB/SupportPackages/R2020a/3P.instrset/cmsis.instrset/CMSIS/RTOS/RTX/LIB/GCC/libRTX_CM4.a(rt_mailbox.o)
                              /Users/changhaibian/Documents/MATLAB/SupportPackages/R2020a/3P.instrset/cmsis.instrset/CMSIS/RTOS/RTX/LIB/GCC/libRTX_CM4.a(rt_cmsis.o) (rt_mbx_init)
/Users/changhaibian/Documents/MATLAB/SupportPackages/R2020a/3P.instrset/cmsis.instrset/CMSIS/RTOS/RTX/LIB/GCC/libRTX_CM4.a(rt_list.o)
                              /Users/changhaibian/Documents/MATLAB/SupportPackages/R2020a/3P.instrset/cmsis.instrset/CMSIS/RTOS/RTX/LIB/GCC/libRTX_CM4.a(rt_cmsis.o) (rt_put_prio)
/Users/changhaibian/Documents/MATLAB/SupportPackages/R2020a/3P.instrset/cmsis.instrset/CMSIS/RTOS/RTX/LIB/GCC/libRTX_CM4.a(rt_event.o)
                              /Users/changhaibian/Documents/MATLAB/SupportPackages/R2020a/3P.instrset/cmsis.instrset/CMSIS/RTOS/RTX/LIB/GCC/libRTX_CM4.a(rt_cmsis.o) (rt_evt_wait)
/Users/changhaibian/Documents/MATLAB/SupportPackages/R2020a/3P.instrset/cmsis.instrset/CMSIS/RTOS/RTX/LIB/GCC/libRTX_CM4.a(rt_system.o)
                              /Users/changhaibian/Documents/MATLAB/SupportPackages/R2020a/3P.instrset/cmsis.instrset/CMSIS/RTOS/RTX/LIB/GCC/libRTX_CM4.a(rt_cmsis.o) (rt_suspend)
/Users/changhaibian/Documents/MATLAB/SupportPackages/R2020a/3P.instrset/cmsis.instrset/CMSIS/RTOS/RTX/LIB/GCC/libRTX_CM4.a(rt_task.o)
                              /Users/changhaibian/Documents/MATLAB/SupportPackages/R2020a/3P.instrset/cmsis.instrset/CMSIS/RTOS/RTX/LIB/GCC/libRTX_CM4.a(rt_system.o) (rt_switch_req)
/Users/changhaibian/Documents/MATLAB/SupportPackages/R2020a/3P.instrset/cmsis.instrset/CMSIS/RTOS/RTX/LIB/GCC/libRTX_CM4.a(hal_cm4.o)
                              /Users/changhaibian/Documents/MATLAB/SupportPackages/R2020a/3P.instrset/cmsis.instrset/CMSIS/RTOS/RTX/LIB/GCC/libRTX_CM4.a(rt_task.o) (rt_get_PSP)
/Users/changhaibian/Documents/MATLAB/SupportPackages/R2020a/3P.instrset/cmsis.instrset/CMSIS/RTOS/RTX/LIB/GCC/libRTX_CM4.a(svc_table.o)
                              /Users/changhaibian/Documents/MATLAB/SupportPackages/R2020a/3P.instrset/cmsis.instrset/CMSIS/RTOS/RTX/LIB/GCC/libRTX_CM4.a(hal_cm4.o) (SVC_Table)
/Users/changhaibian/Documents/MATLAB/SupportPackages/R2020a/3P.instrset/cmsis.instrset/CMSIS/RTOS/RTX/LIB/GCC/libRTX_CM4.a(rt_robin.o)
                              /Users/changhaibian/Documents/MATLAB/SupportPackages/R2020a/3P.instrset/cmsis.instrset/CMSIS/RTOS/RTX/LIB/GCC/libRTX_CM4.a(rt_system.o) (os_robin)
/Users/changhaibian/Documents/MATLAB/SupportPackages/R2020a/toolbox/target/supportpackages/freedomk64f/src/ksdk_armgcc_lib/bm/libksdk_platform.a(fsl_os_abstraction_bm.o)
                              hardware_init.o (OSA_Init)
[...]
Memory Configuration

Name             Origin             Length             Attributes
m_interrupts     0x0000000000000000 0x0000000000000400 xr
m_flash_config   0x0000000000000400 0x0000000000000010 xr
m_text           0x0000000000000410 0x00000000000ffbf0 xr
m_data_2         0x000000001fff0000 0x0000000000010000 rw
m_data           0x0000000020000000 0x0000000000030000 rw
*default*        0x0000000000000000 0xffffffffffffffff

Linker script and memory map

LOAD /Users/changhaibian/Documents/MATLAB/SupportPackages/R2020a/3P.instrset/gnuarm-armcortex.instrset/maci64/gcc-arm-none-eabi-7-2017-q4-major/bin/../lib/gcc/arm-none-eabi/7.2.1/thumb/v7e-m/fpv4-sp/hard/crti.o
LOAD /Users/changhaibian/Documents/MATLAB/SupportPackages/R2020a/3P.instrset/gnuarm-armcortex.instrset/maci64/gcc-arm-none-eabi-7-2017-q4-major/bin/../lib/gcc/arm-none-eabi/7.2.1/thumb/v7e-m/fpv4-sp/hard/crtbegin.o
LOAD /Users/changhaibian/Documents/MATLAB/SupportPackages/R2020a/3P.instrset/gnuarm-armcortex.instrset/maci64/gcc-arm-none-eabi-7-2017-q4-major/bin/../lib/gcc/arm-none-eabi/7.2.1/../../../../arm-none-eabi/lib/thumb/v7e-m/fpv4-sp/hard/crt0.o
LOAD Assignment1.o
LOAD Assignment1_data.o
LOAD MW_AnalogInput.o
LOAD MW_PWM.o
LOAD MW_digitalIO.o
LOAD RTX_Conf_CM.o
LOAD board.o
LOAD cmsis_rtos_init.o
LOAD ert_main.o
LOAD fsl_edma_irq.o
LOAD fsl_misc_utilities.o
LOAD fsl_uart_irq.o
LOAD hardware_init.o
LOAD irq_stub.o
LOAD mw_sdk_interface.o
LOAD mw_semaphore.o
LOAD mw_signal.o
LOAD mw_thread.o
LOAD mw_timer.o
LOAD pin_mux.o
LOAD sbrk.o
LOAD startup.o
LOAD startup_MK64F12.o
LOAD system_MK64F12.o
LOAD /Users/changhaibian/Documents/MATLAB/SupportPackages/R2020a/3P.instrset/cmsis.instrset/CMSIS/Lib/GCC/libarm_cortexM4lf_math.a
LOAD /Users/changhaibian/Documents/MATLAB/SupportPackages/R2020a/3P.instrset/cmsis.instrset/CMSIS/RTOS/RTX/LIB/GCC/libRTX_CM4.a
LOAD /Users/changhaibian/Documents/MATLAB/SupportPackages/R2020a/toolbox/target/supportpackages/freedomk64f/src/ksdk_armgcc_lib/bm/libksdk_platform.a
LOAD /Users/changhaibian/Documents/MATLAB/SupportPackages/R2020a/3P.instrset/gnuarm-armcortex.instrset/maci64/gcc-arm-none-eabi-7-2017-q4-major/bin/../lib/gcc/arm-none-eabi/7.2.1/../../../../arm-none-eabi/lib/thumb/v7e-m/fpv4-sp/hard/libstdc++.a
LOAD /Users/changhaibian/Documents/MATLAB/SupportPackages/R2020a/3P.instrset/gnuarm-armcortex.instrset/maci64/gcc-arm-none-eabi-7-2017-q4-major/bin/../lib/gcc/arm-none-eabi/7.2.1/../../../../arm-none-eabi/lib/thumb/v7e-m/fpv4-sp/hard/libm.a
START GROUP
LOAD /Users/changhaibian/Documents/MATLAB/SupportPackages/R2020a/3P.instrset/gnuarm-armcortex.instrset/maci64/gcc-arm-none-eabi-7-2017-q4-major/bin/../lib/gcc/arm-none-eabi/7.2.1/thumb/v7e-m/fpv4-sp/hard/libgcc.a
LOAD /Users/changhaibian/Documents/MATLAB/SupportPackages/R2020a/3P.instrset/gnuarm-armcortex.instrset/maci64/gcc-arm-none-eabi-7-2017-q4-major/bin/../lib/gcc/arm-none-eabi/7.2.1/../../../../arm-none-eabi/lib/thumb/v7e-m/fpv4-sp/hard/libg.a
LOAD /Users/changhaibian/Documents/MATLAB/SupportPackages/R2020a/3P.instrset/gnuarm-armcortex.instrset/maci64/gcc-arm-none-eabi-7-2017-q4-major/bin/../lib/gcc/arm-none-eabi/7.2.1/../../../../arm-none-eabi/lib/thumb/v7e-m/fpv4-sp/hard/libc.a
END GROUP
START GROUP
LOAD /Users/changhaibian/Documents/MATLAB/SupportPackages/R2020a/3P.instrset/gnuarm-armcortex.instrset/maci64/gcc-arm-none-eabi-7-2017-q4-major/bin/../lib/gcc/arm-none-eabi/7.2.1/thumb/v7e-m/fpv4-sp/hard/libgcc.a
LOAD /Users/changhaibian/Documents/MATLAB/SupportPackages/R2020a/3P.instrset/gnuarm-armcortex.instrset/maci64/gcc-arm-none-eabi-7-2017-q4-major/bin/../lib/gcc/arm-none-eabi/7.2.1/../../../../arm-none-eabi/lib/thumb/v7e-m/fpv4-sp/hard/libc.a
LOAD /Users/changhaibian/Documents/MATLAB/SupportPackages/R2020a/3P.instrset/gnuarm-armcortex.instrset/maci64/gcc-arm-none-eabi-7-2017-q4-major/bin/../lib/gcc/arm-none-eabi/7.2.1/../../../../arm-none-eabi/lib/thumb/v7e-m/fpv4-sp/hard/libnosys.a
END GROUP
LOAD /Users/changhaibian/Documents/MATLAB/SupportPackages/R2020a/3P.instrset/gnuarm-armcortex.instrset/maci64/gcc-arm-none-eabi-7-2017-q4-major/bin/../lib/gcc/arm-none-eabi/7.2.1/thumb/v7e-m/fpv4-sp/hard/crtend.o
LOAD /Users/changhaibian/Documents/MATLAB/SupportPackages/R2020a/3P.instrset/gnuarm-armcortex.instrset/maci64/gcc-arm-none-eabi-7-2017-q4-major/bin/../lib/gcc/arm-none-eabi/7.2.1/thumb/v7e-m/fpv4-sp/hard/crtn.o
                0x0000000000000400                HEAP_SIZE = DEFINED (__heap_size__)?__heap_size__:0x400
                0x0000000000000400                STACK_SIZE = DEFINED (__stack_size__)?__stack_size__:0x400
                0x0000000000000000                M_VECTOR_RAM_SIZE = DEFINED (__ram_vector_table__)?0x400:0x0

.interrupts     0x0000000000000000      0x400
                0x0000000000000000                __VECTOR_TABLE = .
                0x0000000000000000                . = ALIGN (0x4)
 *(.isr_vector)
 .isr_vector    0x0000000000000000      0x400 startup_MK64F12.o
                0x0000000000000000                __isr_vector
                0x0000000000000400                . = ALIGN (0x4)

.flash_config   0x0000000000000400       0x10
                0x0000000000000400                . = ALIGN (0x4)
 *(.FlashConfig)
 .FlashConfig   0x0000000000000400       0x10 startup_MK64F12.o
                0x0000000000000410                . = ALIGN (0x4)

.text           0x0000000000000440     0xbfd4
                0x0000000000000440                . = ALIGN (0x4)
 *(.text)
 .text          0x0000000000000440       0x40 /Users/changhaibian/Documents/MATLAB/SupportPackages/R2020a/3P.instrset/gnuarm-armcortex.instrset/maci64/gcc-arm-none-eabi-7-2017-q4-major/bin/../lib/gcc/arm-none-eabi/7.2.1/thumb/v7e-m/fpv4-sp/hard/crtbegin.o
 .text          0x0000000000000480       0x74 /Users/changhaibian/Documents/MATLAB/SupportPackages/R2020a/3P.instrset/gnuarm-armcortex.instrset/maci64/gcc-arm-none-eabi-7-2017-q4-major/bin/../lib/gcc/arm-none-eabi/7.2.1/../../../../arm-none-eabi/lib/thumb/v7e-m/fpv4-sp/hard/crt0.o
                0x0000000000000480                _mainCRTStartup
                0x0000000000000480                _start
 .text          0x00000000000004f4       0x14 startup_MK64F12.o
                0x00000000000004f4                Reset_Handler
                0x0000000000000504                PIT0_IRQHandler
                0x0000000000000504                ENET_Receive_IRQHandler
                0x0000000000000504                ENET_1588_Timer_IRQHandler
                0x0000000000000504                DefaultISR
                0x0000000000000504                PIT2_IRQHandler
                0x0000000000000504                PIT3_IRQHandler
                0x0000000000000504                SDHC_IRQHandler
                0x0000000000000504                ENET_Transmit_IRQHandler
                0x0000000000000504                ENET_Error_IRQHandler
                0x0000000000000504                PIT1_IRQHandler
 .text          0x0000000000000508      0x198 /Users/changhaibian/Documents/MATLAB/SupportPackages/R2020a/3P.instrset/cmsis.instrset/CMSIS/RTOS/RTX/LIB/GCC/libRTX_CM4.a(hal_cm4.o)
                0x0000000000000508                rt_set_PSP
                0x000000000000050e                rt_get_PSP
                0x0000000000000514                os_set_env
                0x000000000000052c                _alloc_box
                0x0000000000000548                _free_box
                0x0000000000000564                SVC_Handler
                0x000000000000060a                PendSV_Handler
                0x0000000000000610                Sys_Switch
                0x000000000000066a                SysTick_Handler
                0x0000000000000674                OS_Tick_Handler
 .text          0x00000000000006a0      0x378 /Users/changhaibian/Documents/MATLAB/SupportPackages/R2020a/3P.instrset/gnuarm-armcortex.instrset/maci64/gcc-arm-none-eabi-7-2017-q4-major/bin/../lib/gcc/arm-none-eabi/7.2.1/thumb/v7e-m/fpv4-sp/hard/libgcc.a(_arm_addsubdf3.o)
                0x00000000000006a0                __aeabi_drsub
                0x00000000000006a8                __subdf3
                0x00000000000006a8                __aeabi_dsub
                0x00000000000006ac                __aeabi_dadd
                0x00000000000006ac                __adddf3
                0x0000000000000924                __aeabi_ui2d
                0x0000000000000924                __floatunsidf
                0x0000000000000944                __floatsidf
                0x0000000000000944                __aeabi_i2d
                0x0000000000000968                __extendsfdf2
                0x0000000000000968                __aeabi_f2d
                0x00000000000009ac                __aeabi_ul2d
                0x00000000000009ac                __floatundidf
                0x00000000000009bc                __aeabi_l2d
                0x00000000000009bc                __floatdidf
 .text          0x0000000000000a18      0x424 /Users/changhaibian/Documents/MATLAB/SupportPackages/R2020a/3P.instrset/gnuarm-armcortex.instrset/maci64/gcc-arm-none-eabi-7-2017-q4-major/bin/../lib/gcc/arm-none-eabi/7.2.1/thumb/v7e-m/fpv4-sp/hard/libgcc.a(_arm_muldivdf3.o)
                0x0000000000000a18                __aeabi_dmul
                0x0000000000000a18                __muldf3
                0x0000000000000c6c                __aeabi_ddiv
                0x0000000000000c6c                __divdf3
 .text          0x0000000000000e3c      0x110 /Users/changhaibian/Documents/MATLAB/SupportPackages/R2020a/3P.instrset/gnuarm-armcortex.instrset/maci64/gcc-arm-none-eabi-7-2017-q4-major/bin/../lib/gcc/arm-none-eabi/7.2.1/thumb/v7e-m/fpv4-sp/hard/libgcc.a(_arm_cmpdf2.o)
                0x0000000000000e3c                __gedf2
                0x0000000000000e3c                __gtdf2
                0x0000000000000e44                __ledf2
                0x0000000000000e44                __ltdf2
                0x0000000000000e4c                __cmpdf2
                0x0000000000000e4c                __eqdf2
                0x0000000000000e4c                __nedf2
                0x0000000000000ec8                __aeabi_cdrcmple
                0x0000000000000ed8                __aeabi_cdcmple
                0x0000000000000ed8                __aeabi_cdcmpeq
                0x0000000000000ee8                __aeabi_dcmpeq
                0x0000000000000efc                __aeabi_dcmplt
                0x0000000000000f10                __aeabi_dcmple
                0x0000000000000f24                __aeabi_dcmpge
                0x0000000000000f38                __aeabi_dcmpgt
 .text          0x0000000000000f4c       0x40 /Users/changhaibian/Documents/MATLAB/SupportPackages/R2020a/3P.instrset/gnuarm-armcortex.instrset/maci64/gcc-arm-none-eabi-7-2017-q4-major/bin/../lib/gcc/arm-none-eabi/7.2.1/thumb/v7e-m/fpv4-sp/hard/libgcc.a(_arm_fixunsdfsi.o)
                0x0000000000000f4c                __fixunsdfsi
                0x0000000000000f4c                __aeabi_d2uiz
 .text          0x0000000000000f8c       0x30 /Users/changhaibian/Documents/MATLAB/SupportPackages/R2020a/3P.instrset/gnuarm-armcortex.instrset/maci64/gcc-arm-none-eabi-7-2017-q4-major/bin/../lib/gcc/arm-none-eabi/7.2.1/thumb/v7e-m/fpv4-sp/hard/libgcc.a(_aeabi_uldivmod.o)
                0x0000000000000f8c                __aeabi_uldivmod
 .text          0x0000000000000fbc      0x2cc /Users/changhaibian/Documents/MATLAB/SupportPackages/R2020a/3P.instrset/gnuarm-armcortex.instrset/maci64/gcc-arm-none-eabi-7-2017-q4-major/bin/../lib/gcc/arm-none-eabi/7.2.1/thumb/v7e-m/fpv4-sp/hard/libgcc.a(_udivmoddi4.o)
                0x0000000000000fbc                __udivmoddi4
 .text          0x0000000000001288      0x9ec /Users/changhaibian/Documents/MATLAB/SupportPackages/R2020a/3P.instrset/gnuarm-armcortex.instrset/maci64/gcc-arm-none-eabi-7-2017-q4-major/bin/../lib/gcc/arm-none-eabi/7.2.1/thumb/v7e-m/fpv4-sp/hard/libgcc.a(unwind-arm.o)
                0x000000000000153c                _Unwind_GetCFA
                0x0000000000001540                __gnu_Unwind_RaiseException
                0x00000000000015a0                __gnu_Unwind_ForcedUnwind
                0x00000000000015b4                __gnu_Unwind_Resume
                0x00000000000015f8                __gnu_Unwind_Resume_or_Rethrow
                0x0000000000001608                _Unwind_Complete
                0x000000000000160c                _Unwind_DeleteException
                0x0000000000001618                _Unwind_VRS_Get
                0x000000000000165c                _Unwind_VRS_Set
                0x00000000000016a4                __gnu_Unwind_Backtrace
                0x00000000000019e8                __aeabi_unwind_cpp_pr0
                0x00000000000019ec                __aeabi_unwind_cpp_pr1
                0x00000000000019f0                __aeabi_unwind_cpp_pr2
                0x00000000000019f4                _Unwind_VRS_Pop
 .text          0x0000000000001c74      0x1ac /Users/changhaibian/Documents/MATLAB/SupportPackages/R2020a/3P.instrset/gnuarm-armcortex.instrset/maci64/gcc-arm-none-eabi-7-2017-q4-major/bin/../lib/gcc/arm-none-eabi/7.2.1/thumb/v7e-m/fpv4-sp/hard/libgcc.a(libunwind.o)
                0x0000000000001c74                __restore_core_regs
                0x0000000000001c74                restore_core_regs
                0x0000000000001c8c                __gnu_Unwind_Restore_VFP
                0x0000000000001c94                __gnu_Unwind_Save_VFP
                0x0000000000001c9c                __gnu_Unwind_Restore_VFP_D
                0x0000000000001ca4                __gnu_Unwind_Save_VFP_D
                0x0000000000001cac                __gnu_Unwind_Restore_VFP_D_16_to_31
                0x0000000000001cb4                __gnu_Unwind_Save_VFP_D_16_to_31
                0x0000000000001cbc                __gnu_Unwind_Restore_WMMXD
                0x0000000000001d00                __gnu_Unwind_Save_WMMXD
                0x0000000000001d44                __gnu_Unwind_Restore_WMMXC
                0x0000000000001d58                __gnu_Unwind_Save_WMMXC
                0x0000000000001d6c                _Unwind_RaiseException
                0x0000000000001d6c                ___Unwind_RaiseException
                0x0000000000001d90                ___Unwind_Resume
                0x0000000000001d90                _Unwind_Resume
                0x0000000000001db4                ___Unwind_Resume_or_Rethrow
                0x0000000000001db4                _Unwind_Resume_or_Rethrow
                0x0000000000001dd8                _Unwind_ForcedUnwind
                0x0000000000001dd8                ___Unwind_ForcedUnwind
                0x0000000000001dfc                _Unwind_Backtrace
                0x0000000000001dfc                ___Unwind_Backtrace
 .text          0x0000000000001e20      0x374 /Users/changhaibian/Documents/MATLAB/SupportPackages/R2020a/3P.instrset/gnuarm-armcortex.instrset/maci64/gcc-arm-none-eabi-7-2017-q4-major/bin/../lib/gcc/arm-none-eabi/7.2.1/thumb/v7e-m/fpv4-sp/hard/libgcc.a(pr-support.o)
                0x0000000000001e78                __gnu_unwind_execute
                0x000000000000213c                __gnu_unwind_frame
                0x0000000000002164                _Unwind_GetRegionStart
                0x0000000000002170                _Unwind_GetLanguageSpecificData
                0x0000000000002184                _Unwind_GetDataRelBase
                0x000000000000218c                _Unwind_GetTextRelBase
 .text          0x0000000000002194        0x4 /Users/changhaibian/Documents/MATLAB/SupportPackages/R2020a/3P.instrset/gnuarm-armcortex.instrset/maci64/gcc-arm-none-eabi-7-2017-q4-major/bin/../lib/gcc/arm-none-eabi/7.2.1/thumb/v7e-m/fpv4-sp/hard/libgcc.a(_dvmd_tls.o)
                0x0000000000002194                __aeabi_ldiv0
                0x0000000000002194                __aeabi_idiv0
 .text          0x0000000000002198      0x134 /Users/changhaibian/Documents/MATLAB/SupportPackages/R2020a/3P.instrset/gnuarm-armcortex.instrset/maci64/gcc-arm-none-eabi-7-2017-q4-major/bin/../lib/gcc/arm-none-eabi/7.2.1/../../../../arm-none-eabi/lib/thumb/v7e-m/fpv4-sp/hard/libg.a(lib_a-memcpy.o)
                0x0000000000002198                memcpy
 *fill*         0x00000000000022cc        0x4 
 .text          0x00000000000022d0       0xa0 /Users/changhaibian/Documents/MATLAB/SupportPackages/R2020a/3P.instrset/gnuarm-armcortex.instrset/maci64/gcc-arm-none-eabi-7-2017-q4-major/bin/../lib/gcc/arm-none-eabi/7.2.1/../../../../arm-none-eabi/lib/thumb/v7e-m/fpv4-sp/hard/libg.a(lib_a-memchr.o)
                0x00000000000022d0                memchr
 *fill*         0x0000000000002370       0x10 
 .text          0x0000000000002380       0xdc /Users/changhaibian/Documents/MATLAB/SupportPackages/R2020a/3P.instrset/gnuarm-armcortex.instrset/maci64/gcc-arm-none-eabi-7-2017-q4-major/bin/../lib/gcc/arm-none-eabi/7.2.1/../../../../arm-none-eabi/lib/thumb/v7e-m/fpv4-sp/hard/libg.a(lib_a-strlen.o)
                0x0000000000002380                strlen
 *(.text*)
 .text.Assignm_enter_atomic_AOO_Charge
                0x000000000000245c       0xac Assignment1.o
 .text.Assignment1_AAI
                0x0000000000002508      0x380 Assignment1.o
 .text.Assignment1_AOO
                0x0000000000002888      0x29c Assignment1.o
 .text.Assignm_enter_atomic_VOO_Charge
                0x0000000000002b24       0xac Assignment1.o
 .text.Assign_SystemCore_release_j3b1w
                0x0000000000002bd0       0x2a Assignment1.o
 .text.Assignm_SystemCore_delete_j3b1w
                0x0000000000002bfa       0x16 Assignment1.o
 .text.matlabCodegenHandle_matla_j3b1w
                0x0000000000002c10       0x24 Assignment1.o
 .text.Assi_SystemCore_release_j3b1wei
                0x0000000000002c34       0x2a Assignment1.o
 .text.Assig_SystemCore_delete_j3b1wei
                0x0000000000002c5e       0x16 Assignment1.o
 .text.matlabCodegenHandle_mat_j3b1wei
                0x0000000000002c74       0x24 Assignment1.o
 .text.SystemCore_relea_j3b1wei5ggv3l5
                0x0000000000002c98       0x34 Assignment1.o
 .text.SystemCore_delet_j3b1wei5ggv3l5
                0x0000000000002ccc       0x16 Assignment1.o
 .text.matlabCodegenHan_j3b1wei5ggv3l5
                0x0000000000002ce2       0x24 Assignment1.o
 .text.Assignment1_SystemCore_release
                0x0000000000002d06       0x34 Assignment1.o
 .text.Assignment1_SystemCore_delete
                0x0000000000002d3a       0x16 Assignment1.o
 .text.matlabCodegenHandle_matlabCodeg
                0x0000000000002d50       0x24 Assignment1.o
 *fill*         0x0000000000002d74        0x4 
 .text.Assignment1_step
                0x0000000000002d78      0xc78 Assignment1.o
                0x0000000000002d78                Assignment1_step
 .text.Assignment1_initialize
                0x00000000000039f0      0x688 Assignment1.o
                0x00000000000039f0                Assignment1_initialize
 .text.Assignment1_terminate
                0x0000000000004078       0xc8 Assignment1.o
                0x0000000000004078                Assignment1_terminate
 .text.MW_AnalogInSingle_Open
                0x0000000000004140       0xa8 MW_AnalogInput.o
                0x0000000000004140                MW_AnalogInSingle_Open
 .text.MW_AnalogIn_SetTriggerSource
                0x00000000000041e8       0x1a MW_AnalogInput.o
                0x00000000000041e8                MW_AnalogIn_SetTriggerSource
 *fill*         0x0000000000004202        0x6 
 .text.MW_AnalogInSingle_ReadResult
                0x0000000000004208       0xb8 MW_AnalogInput.o
                0x0000000000004208                MW_AnalogInSingle_ReadResult
 .text.MW_AnalogIn_Start
                0x00000000000042c0       0x14 MW_AnalogInput.o
                0x00000000000042c0                MW_AnalogIn_Start
 .text.MW_AnalogIn_Stop
                0x00000000000042d4       0x14 MW_AnalogInput.o
                0x00000000000042d4                MW_AnalogIn_Stop
 .text.MW_AnalogIn_Close
                0x00000000000042e8       0x14 MW_AnalogInput.o
                0x00000000000042e8                MW_AnalogIn_Close
 .text.PORT_HAL_SetMuxMode
                0x00000000000042fc       0x58 MW_PWM.o
 .text.FTM_HAL_SetClockSource
                0x0000000000004354       0x2e MW_PWM.o
 *fill*         0x0000000000004382        0x2 
 .text.MW_PWM_Open
                0x0000000000004384      0x164 MW_PWM.o
                0x0000000000004384                MW_PWM_Open
 .text.MW_PWM_Start
                0x00000000000044e8       0x14 MW_PWM.o
                0x00000000000044e8                MW_PWM_Start
 .text.MW_PWM_SetDutyCycle
                0x00000000000044fc       0x7c MW_PWM.o
                0x00000000000044fc                MW_PWM_SetDutyCycle
 .text.MW_PWM_Stop
                0x0000000000004578       0x2c MW_PWM.o
                0x0000000000004578                MW_PWM_Stop
 .text.MW_PWM_Close
                0x00000000000045a4       0x14 MW_PWM.o
                0x00000000000045a4                MW_PWM_Close
 .text.MW_digitalIO_open
                0x00000000000045b8       0xe0 MW_digitalIO.o
                0x00000000000045b8                MW_digitalIO_open
 .text.MW_digitalIO_read
                0x0000000000004698       0x70 MW_digitalIO.o
                0x0000000000004698                MW_digitalIO_read
 .text.MW_digitalIO_write
                0x0000000000004708       0x7e MW_digitalIO.o
                0x0000000000004708                MW_digitalIO_write
 .text.MW_digitalIO_close
                0x0000000000004786       0x3c MW_digitalIO.o
                0x0000000000004786                MW_digitalIO_close
 .text.os_idle_demon
                0x00000000000047c2        0x6 RTX_Conf_CM.o
                0x00000000000047c2                os_idle_demon
 .text.os_error
                0x00000000000047c8       0x2c RTX_Conf_CM.o
                0x00000000000047c8                os_error
 .text.rt_init_robin
                0x00000000000047f4        0x2 RTX_Conf_CM.o
                0x00000000000047f4                rt_init_robin
 .text.rt_chk_robin
                0x00000000000047f6        0x2 RTX_Conf_CM.o
                0x00000000000047f6                rt_chk_robin
 .text.software_init_hook
                0x00000000000047f8       0x34 RTX_Conf_CM.o
                0x00000000000047f8                software_init_hook
 .text.PORT_HAL_SetMuxMode
                0x000000000000482c       0x58 board.o
 .text.SMC_HAL_SetProtection
                0x0000000000004884       0x1e board.o
 *fill*         0x00000000000048a2        0x2 
 .text.BOARD_InitOsc0
                0x00000000000048a4       0x30 board.o
                0x00000000000048a4                BOARD_InitOsc0
 .text.BOARD_InitRtcOsc
                0x00000000000048d4       0x28 board.o
                0x00000000000048d4                BOARD_InitRtcOsc
 .text.BOARD_ClockInit
                0x00000000000048fc       0x34 board.o
                0x00000000000048fc                BOARD_ClockInit
 .text.schedulerTask
                0x0000000000004930       0x1c cmsis_rtos_init.o
                0x0000000000004930                schedulerTask
 .text.mw_initSignalEvents
                0x000000000000494c       0x40 cmsis_rtos_init.o
                0x000000000000494c                mw_initSignalEvents
 .text.mw_RTOSInit
                0x000000000000498c       0x8c cmsis_rtos_init.o
                0x000000000000498c                mw_RTOSInit
 .text.baseRateTask
                0x0000000000004a18       0x7c ert_main.o
                0x0000000000004a18                baseRateTask
 .text.terminateTask
                0x0000000000004a94       0x34 ert_main.o
                0x0000000000004a94                terminateTask
 .text.main     0x0000000000004ac8       0x48 ert_main.o
                0x0000000000004ac8                main
 .text.DMA0_IRQHandler
                0x0000000000004b10        0xe fsl_edma_irq.o
                0x0000000000004b10                DMA0_IRQHandler
 .text.DMA1_IRQHandler
                0x0000000000004b1e        0xe fsl_edma_irq.o
                0x0000000000004b1e                DMA1_IRQHandler
 .text.DMA2_IRQHandler
                0x0000000000004b2c        0xe fsl_edma_irq.o
                0x0000000000004b2c                DMA2_IRQHandler
 .text.DMA3_IRQHandler
                0x0000000000004b3a        0xe fsl_edma_irq.o
                0x0000000000004b3a                DMA3_IRQHandler
 .text.DMA4_IRQHandler
                0x0000000000004b48        0xe fsl_edma_irq.o
                0x0000000000004b48                DMA4_IRQHandler
 .text.DMA5_IRQHandler
                0x0000000000004b56        0xe fsl_edma_irq.o
                0x0000000000004b56                DMA5_IRQHandler
 .text.DMA6_IRQHandler
                0x0000000000004b64        0xe fsl_edma_irq.o
                0x0000000000004b64                DMA6_IRQHandler
 .text.DMA7_IRQHandler
                0x0000000000004b72        0xe fsl_edma_irq.o
                0x0000000000004b72                DMA7_IRQHandler
 .text.DMA8_IRQHandler
                0x0000000000004b80        0xe fsl_edma_irq.o
                0x0000000000004b80                DMA8_IRQHandler
 .text.DMA9_IRQHandler
                0x0000000000004b8e        0xe fsl_edma_irq.o
                0x0000000000004b8e                DMA9_IRQHandler
 .text.DMA10_IRQHandler
                0x0000000000004b9c        0xe fsl_edma_irq.o
                0x0000000000004b9c                DMA10_IRQHandler
 .text.DMA11_IRQHandler
                0x0000000000004baa        0xe fsl_edma_irq.o
                0x0000000000004baa                DMA11_IRQHandler
 .text.DMA12_IRQHandler
                0x0000000000004bb8        0xe fsl_edma_irq.o
                0x0000000000004bb8                DMA12_IRQHandler
 .text.DMA13_IRQHandler
                0x0000000000004bc6        0xe fsl_edma_irq.o
                0x0000000000004bc6                DMA13_IRQHandler
 .text.DMA14_IRQHandler
                0x0000000000004bd4        0xe fsl_edma_irq.o
                0x0000000000004bd4                DMA14_IRQHandler
 .text.DMA15_IRQHandler
                0x0000000000004be2        0xe fsl_edma_irq.o
                0x0000000000004be2                DMA15_IRQHandler
 .text.DMA_Error_IRQHandler
                0x0000000000004bf0        0xe fsl_edma_irq.o
                0x0000000000004bf0                DMA_Error_IRQHandler
 .text.UART0_RX_TX_IRQHandler
                0x0000000000004bfe        0xe fsl_uart_irq.o
                0x0000000000004bfe                UART0_RX_TX_IRQHandler
 .text.UART1_RX_TX_IRQHandler
                0x0000000000004c0c        0xe fsl_uart_irq.o
                0x0000000000004c0c                UART1_RX_TX_IRQHandler
 .text.UART2_RX_TX_IRQHandler
                0x0000000000004c1a        0xe fsl_uart_irq.o
                0x0000000000004c1a                UART2_RX_TX_IRQHandler
 .text.UART3_RX_TX_IRQHandler
                0x0000000000004c28        0xe fsl_uart_irq.o
                0x0000000000004c28                UART3_RX_TX_IRQHandler
 .text.UART4_RX_TX_IRQHandler
                0x0000000000004c36        0xe fsl_uart_irq.o
                0x0000000000004c36                UART4_RX_TX_IRQHandler
 .text.UART5_RX_TX_IRQHandler
                0x0000000000004c44        0xe fsl_uart_irq.o
                0x0000000000004c44                UART5_RX_TX_IRQHandler
 .text.hardware_init
                0x0000000000004c52       0x30 hardware_init.o
                0x0000000000004c52                hardware_init
 .text.NMI_Handler
                0x0000000000004c82        0x6 irq_stub.o
                0x0000000000004c82                NMI_Handler
 .text.HardFault_Handler
                0x0000000000004c88        0x6 irq_stub.o
                0x0000000000004c88                HardFault_Handler
 .text.MemManage_Handler
                0x0000000000004c8e        0x6 irq_stub.o
                0x0000000000004c8e                MemManage_Handler
 .text.BusFault_Handler
                0x0000000000004c94        0x6 irq_stub.o
                0x0000000000004c94                BusFault_Handler
 .text.UsageFault_Handler
                0x0000000000004c9a        0x6 irq_stub.o
                0x0000000000004c9a                UsageFault_Handler
 .text.DebugMon_Handler
                0x0000000000004ca0        0x6 irq_stub.o
                0x0000000000004ca0                DebugMon_Handler
 .text.MCM_IRQHandler
                0x0000000000004ca6        0x6 irq_stub.o
                0x0000000000004ca6                MCM_IRQHandler
 .text.FTFE_IRQHandler
                0x0000000000004cac        0x6 irq_stub.o
                0x0000000000004cac                FTFE_IRQHandler
 .text.Read_Collision_IRQHandler
                0x0000000000004cb2        0x6 irq_stub.o
                0x0000000000004cb2                Read_Collision_IRQHandler
 .text.LVD_LVW_IRQHandler
                0x0000000000004cb8        0x6 irq_stub.o
                0x0000000000004cb8                LVD_LVW_IRQHandler
 .text.LLWU_IRQHandler
                0x0000000000004cbe        0x6 irq_stub.o
                0x0000000000004cbe                LLWU_IRQHandler
 .text.WDOG_EWM_IRQHandler
                0x0000000000004cc4        0x6 irq_stub.o
                0x0000000000004cc4                WDOG_EWM_IRQHandler
 .text.RNG_IRQHandler
                0x0000000000004cca        0x6 irq_stub.o
                0x0000000000004cca                RNG_IRQHandler
 .text.I2C0_IRQHandler
                0x0000000000004cd0        0x6 irq_stub.o
                0x0000000000004cd0                I2C0_IRQHandler
 .text.I2C1_IRQHandler
                0x0000000000004cd6        0x6 irq_stub.o
                0x0000000000004cd6                I2C1_IRQHandler
 .text.SPI0_IRQHandler
                0x0000000000004cdc        0x6 irq_stub.o
                0x0000000000004cdc                SPI0_IRQHandler
 .text.SPI1_IRQHandler
                0x0000000000004ce2        0x6 irq_stub.o
                0x0000000000004ce2                SPI1_IRQHandler
 .text.I2S0_Tx_IRQHandler
                0x0000000000004ce8        0x6 irq_stub.o
                0x0000000000004ce8                I2S0_Tx_IRQHandler
 .text.I2S0_Rx_IRQHandler
                0x0000000000004cee        0x6 irq_stub.o
                0x0000000000004cee                I2S0_Rx_IRQHandler
 .text.UART0_LON_IRQHandler
                0x0000000000004cf4        0x6 irq_stub.o
                0x0000000000004cf4                UART0_LON_IRQHandler
 .text.UART0_ERR_IRQHandler
                0x0000000000004cfa        0x6 irq_stub.o
                0x0000000000004cfa                UART0_ERR_IRQHandler
 .text.UART1_ERR_IRQHandler
                0x0000000000004d00        0x6 irq_stub.o
                0x0000000000004d00                UART1_ERR_IRQHandler
 .text.UART2_ERR_IRQHandler
                0x0000000000004d06        0x6 irq_stub.o
                0x0000000000004d06                UART2_ERR_IRQHandler
 .text.UART3_ERR_IRQHandler
                0x0000000000004d0c        0x6 irq_stub.o
                0x0000000000004d0c                UART3_ERR_IRQHandler
 .text.ADC0_IRQHandler
                0x0000000000004d12        0x6 irq_stub.o
                0x0000000000004d12                ADC0_IRQHandler
 .text.CMP0_IRQHandler
                0x0000000000004d18        0x6 irq_stub.o
                0x0000000000004d18                CMP0_IRQHandler
 .text.CMP1_IRQHandler
                0x0000000000004d1e        0x6 irq_stub.o
                0x0000000000004d1e                CMP1_IRQHandler
 .text.FTM0_IRQHandler
                0x0000000000004d24        0x6 irq_stub.o
                0x0000000000004d24                FTM0_IRQHandler
 .text.FTM1_IRQHandler
                0x0000000000004d2a        0x6 irq_stub.o
                0x0000000000004d2a                FTM1_IRQHandler
 .text.FTM2_IRQHandler
                0x0000000000004d30        0x6 irq_stub.o
                0x0000000000004d30                FTM2_IRQHandler
 .text.CMT_IRQHandler
                0x0000000000004d36        0x6 irq_stub.o
                0x0000000000004d36                CMT_IRQHandler
 .text.RTC_IRQHandler
                0x0000000000004d3c        0x6 irq_stub.o
                0x0000000000004d3c                RTC_IRQHandler
 .text.RTC_Seconds_IRQHandler
                0x0000000000004d42        0x6 irq_stub.o
                0x0000000000004d42                RTC_Seconds_IRQHandler
 .text.PDB0_IRQHandler
                0x0000000000004d48        0x6 irq_stub.o
                0x0000000000004d48                PDB0_IRQHandler
 .text.USB0_IRQHandler
                0x0000000000004d4e        0x6 irq_stub.o
                0x0000000000004d4e                USB0_IRQHandler
 .text.USBDCD_IRQHandler
                0x0000000000004d54        0x6 irq_stub.o
                0x0000000000004d54                USBDCD_IRQHandler
 .text.Reserved71_IRQHandler
                0x0000000000004d5a        0x6 irq_stub.o
                0x0000000000004d5a                Reserved71_IRQHandler
 .text.DAC0_IRQHandler
                0x0000000000004d60        0x6 irq_stub.o
                0x0000000000004d60                DAC0_IRQHandler
 .text.MCG_IRQHandler
                0x0000000000004d66        0x6 irq_stub.o
                0x0000000000004d66                MCG_IRQHandler
 .text.LPTMR0_IRQHandler
                0x0000000000004d6c        0x6 irq_stub.o
                0x0000000000004d6c                LPTMR0_IRQHandler
 .text.PORTA_IRQHandler
                0x0000000000004d72        0x6 irq_stub.o
                0x0000000000004d72                PORTA_IRQHandler
 .text.PORTB_IRQHandler
                0x0000000000004d78        0x6 irq_stub.o
                0x0000000000004d78                PORTB_IRQHandler
 .text.PORTC_IRQHandler
                0x0000000000004d7e        0x6 irq_stub.o
                0x0000000000004d7e                PORTC_IRQHandler
 .text.PORTD_IRQHandler
                0x0000000000004d84        0x6 irq_stub.o
                0x0000000000004d84                PORTD_IRQHandler
 .text.PORTE_IRQHandler
                0x0000000000004d8a        0x6 irq_stub.o
                0x0000000000004d8a                PORTE_IRQHandler
 .text.SWI_IRQHandler
                0x0000000000004d90        0x6 irq_stub.o
                0x0000000000004d90                SWI_IRQHandler
 .text.SPI2_IRQHandler
                0x0000000000004d96        0x6 irq_stub.o
                0x0000000000004d96                SPI2_IRQHandler
 .text.UART4_ERR_IRQHandler
                0x0000000000004d9c        0x6 irq_stub.o
                0x0000000000004d9c                UART4_ERR_IRQHandler
 .text.UART5_ERR_IRQHandler
                0x0000000000004da2        0x6 irq_stub.o
                0x0000000000004da2                UART5_ERR_IRQHandler
 .text.CMP2_IRQHandler
                0x0000000000004da8        0x6 irq_stub.o
                0x0000000000004da8                CMP2_IRQHandler
 .text.FTM3_IRQHandler
                0x0000000000004dae        0x6 irq_stub.o
                0x0000000000004dae                FTM3_IRQHandler
 .text.DAC1_IRQHandler
                0x0000000000004db4        0x6 irq_stub.o
                0x0000000000004db4                DAC1_IRQHandler
 .text.ADC1_IRQHandler
                0x0000000000004dba        0x6 irq_stub.o
                0x0000000000004dba                ADC1_IRQHandler
 .text.I2C2_IRQHandler
                0x0000000000004dc0        0x6 irq_stub.o
                0x0000000000004dc0                I2C2_IRQHandler
 .text.CAN0_ORed_Message_buffer_IRQHandler
                0x0000000000004dc6        0x6 irq_stub.o
                0x0000000000004dc6                CAN0_ORed_Message_buffer_IRQHandler
 .text.CAN0_Bus_Off_IRQHandler
                0x0000000000004dcc        0x6 irq_stub.o
                0x0000000000004dcc                CAN0_Bus_Off_IRQHandler
 .text.CAN0_Error_IRQHandler
                0x0000000000004dd2        0x6 irq_stub.o
                0x0000000000004dd2                CAN0_Error_IRQHandler
 .text.CAN0_Tx_Warning_IRQHandler
                0x0000000000004dd8        0x6 irq_stub.o
                0x0000000000004dd8                CAN0_Tx_Warning_IRQHandler
 .text.CAN0_Rx_Warning_IRQHandler
                0x0000000000004dde        0x6 irq_stub.o
                0x0000000000004dde                CAN0_Rx_Warning_IRQHandler
 .text.CAN0_Wake_Up_IRQHandler
                0x0000000000004de4        0x6 irq_stub.o
                0x0000000000004de4                CAN0_Wake_Up_IRQHandler
 .text.mw_osSignalSet
                0x0000000000004dea       0x2e mw_signal.o
                0x0000000000004dea                mw_osSignalSet
 .text.mw_osSignalClear
                0x0000000000004e18       0x26 mw_signal.o
                0x0000000000004e18                mw_osSignalClear
 .text.mw_osSignalWaitEver
                0x0000000000004e3e       0x20 mw_signal.o
                0x0000000000004e3e                mw_osSignalWaitEver
 .text.mw_osSignalEventCreate
                0x0000000000004e5e       0x20 mw_signal.o
                0x0000000000004e5e                mw_osSignalEventCreate
 .text.mw_osSignalEventRelease
                0x0000000000004e7e       0x26 mw_signal.o
                0x0000000000004e7e                mw_osSignalEventRelease
 .text.mw_osSignalEventWaitEver
                0x0000000000004ea4       0x34 mw_signal.o
                0x0000000000004ea4                mw_osSignalEventWaitEver
 .text.mw_osThreadCreate
                0x0000000000004ed8       0x52 mw_thread.o
                0x0000000000004ed8                mw_osThreadCreate
 .text.mw_osThreadGetId
                0x0000000000004f2a        0xe mw_thread.o
                0x0000000000004f2a                mw_osThreadGetId
 .text.mw_osThreadExit
                0x0000000000004f38       0x22 mw_thread.o
                0x0000000000004f38                mw_osThreadExit
 .text.mw_osTimerCreate
                0x0000000000004f5a       0x4e mw_timer.o
                0x0000000000004f5a                mw_osTimerCreate
 .text.mw_osTimerStart
                0x0000000000004fa8       0x24 mw_timer.o
                0x0000000000004fa8                mw_osTimerStart
 .text._sbrk    0x0000000000004fcc       0x5c sbrk.o
                0x0000000000004fcc                _sbrk
 .text.init_data_bss
                0x0000000000005028       0xcc startup.o
                0x0000000000005028                init_data_bss
 .text.SystemInit
                0x00000000000050f4      0x1dc system_MK64F12.o
                0x00000000000050f4                SystemInit
 .text.SystemCoreClockUpdate
                0x00000000000052d0      0x278 system_MK64F12.o
                0x00000000000052d0                SystemCoreClockUpdate
 .text.osThreadExit
                0x0000000000005548       0x18 /Users/changhaibian/Documents/MATLAB/SupportPackages/R2020a/3P.instrset/cmsis.instrset/CMSIS/RTOS/RTX/LIB/GCC/libRTX_CM4.a(rt_cmsis.o)
                0x0000000000005548                osThreadExit
 .text.svcKernelInitialize
                0x0000000000005560      0x100 /Users/changhaibian/Documents/MATLAB/SupportPackages/R2020a/3P.instrset/cmsis.instrset/CMSIS/RTOS/RTX/LIB/GCC/libRTX_CM4.a(rt_cmsis.o)
                0x0000000000005560                svcKernelInitialize
 .text.svcKernelStart
                0x0000000000005660       0x4c /Users/changhaibian/Documents/MATLAB/SupportPackages/R2020a/3P.instrset/cmsis.instrset/CMSIS/RTOS/RTX/LIB/GCC/libRTX_CM4.a(rt_cmsis.o)
                0x0000000000005660                svcKernelStart
 .text.osKernelInitialize
                0x00000000000056ac      0x120 /Users/changhaibian/Documents/MATLAB/SupportPackages/R2020a/3P.instrset/cmsis.instrset/CMSIS/RTOS/RTX/LIB/GCC/libRTX_CM4.a(rt_cmsis.o)
                0x00000000000056ac                osKernelInitialize
 .text.osKernelStart
                0x00000000000057cc       0x70 /Users/changhaibian/Documents/MATLAB/SupportPackages/R2020a/3P.instrset/cmsis.instrset/CMSIS/RTOS/RTX/LIB/GCC/libRTX_CM4.a(rt_cmsis.o)
                0x00000000000057cc                osKernelStart
 .text.svcThreadCreate
                0x000000000000583c       0x7c /Users/changhaibian/Documents/MATLAB/SupportPackages/R2020a/3P.instrset/cmsis.instrset/CMSIS/RTOS/RTX/LIB/GCC/libRTX_CM4.a(rt_cmsis.o)
                0x000000000000583c                svcThreadCreate
 .text.svcThreadGetId
                0x00000000000058b8       0x18 /Users/changhaibian/Documents/MATLAB/SupportPackages/R2020a/3P.instrset/cmsis.instrset/CMSIS/RTOS/RTX/LIB/GCC/libRTX_CM4.a(rt_cmsis.o)
                0x00000000000058b8                svcThreadGetId
 .text.svcThreadTerminate
                0x00000000000058d0       0x44 /Users/changhaibian/Documents/MATLAB/SupportPackages/R2020a/3P.instrset/cmsis.instrset/CMSIS/RTOS/RTX/LIB/GCC/libRTX_CM4.a(rt_cmsis.o)
                0x00000000000058d0                svcThreadTerminate
 .text.osThreadCreate
                0x0000000000005914       0x9c /Users/changhaibian/Documents/MATLAB/SupportPackages/R2020a/3P.instrset/cmsis.instrset/CMSIS/RTOS/RTX/LIB/GCC/libRTX_CM4.a(rt_cmsis.o)
                0x0000000000005914                osThreadCreate
 .text.osThreadGetId
                0x00000000000059b0       0x18 /Users/changhaibian/Documents/MATLAB/SupportPackages/R2020a/3P.instrset/cmsis.instrset/CMSIS/RTOS/RTX/LIB/GCC/libRTX_CM4.a(rt_cmsis.o)
                0x00000000000059b0                osThreadGetId
 .text.osThreadTerminate
                0x00000000000059c8       0x18 /Users/changhaibian/Documents/MATLAB/SupportPackages/R2020a/3P.instrset/cmsis.instrset/CMSIS/RTOS/RTX/LIB/GCC/libRTX_CM4.a(rt_cmsis.o)
                0x00000000000059c8                osThreadTerminate
 .text.svcTimerCreate
                0x00000000000059e0       0x3c /Users/changhaibian/Documents/MATLAB/SupportPackages/R2020a/3P.instrset/cmsis.instrset/CMSIS/RTOS/RTX/LIB/GCC/libRTX_CM4.a(rt_cmsis.o)
                0x00000000000059e0                svcTimerCreate
 .text.svcTimerStart
                0x0000000000005a1c       0xc8 /Users/changhaibian/Documents/MATLAB/SupportPackages/R2020a/3P.instrset/cmsis.instrset/CMSIS/RTOS/RTX/LIB/GCC/libRTX_CM4.a(rt_cmsis.o)
                0x0000000000005a1c                svcTimerStart
 .text.svcTimerCall
                0x0000000000005ae4       0x18 /Users/changhaibian/Documents/MATLAB/SupportPackages/R2020a/3P.instrset/cmsis.instrset/CMSIS/RTOS/RTX/LIB/GCC/libRTX_CM4.a(rt_cmsis.o)
                0x0000000000005ae4                svcTimerCall
 .text.sysTimerTick
                0x0000000000005afc       0xb4 /Users/changhaibian/Documents/MATLAB/SupportPackages/R2020a/3P.instrset/cmsis.instrset/CMSIS/RTOS/RTX/LIB/GCC/libRTX_CM4.a(rt_cmsis.o)
                0x0000000000005afc                sysTimerTick
 .text.osTimerCreate
                0x0000000000005bb0       0x64 /Users/changhaibian/Documents/MATLAB/SupportPackages/R2020a/3P.instrset/cmsis.instrset/CMSIS/RTOS/RTX/LIB/GCC/libRTX_CM4.a(rt_cmsis.o)
                0x0000000000005bb0                osTimerCreate
 .text.osTimerStart
                0x0000000000005c14       0x18 /Users/changhaibian/Documents/MATLAB/SupportPackages/R2020a/3P.instrset/cmsis.instrset/CMSIS/RTOS/RTX/LIB/GCC/libRTX_CM4.a(rt_cmsis.o)
                0x0000000000005c14                osTimerStart
 .text.osTimerThread
                0x0000000000005c2c       0x40 /Users/changhaibian/Documents/MATLAB/SupportPackages/R2020a/3P.instrset/cmsis.instrset/CMSIS/RTOS/RTX/LIB/GCC/libRTX_CM4.a(rt_cmsis.o)
                0x0000000000005c2c                osTimerThread
 .text.svcSignalSet
                0x0000000000005c6c       0x28 /Users/changhaibian/Documents/MATLAB/SupportPackages/R2020a/3P.instrset/cmsis.instrset/CMSIS/RTOS/RTX/LIB/GCC/libRTX_CM4.a(rt_cmsis.o)
                0x0000000000005c6c                svcSignalSet
 .text.svcSignalClear
                0x0000000000005c94       0x28 /Users/changhaibian/Documents/MATLAB/SupportPackages/R2020a/3P.instrset/cmsis.instrset/CMSIS/RTOS/RTX/LIB/GCC/libRTX_CM4.a(rt_cmsis.o)
                0x0000000000005c94                svcSignalClear
 .text.svcSignalWait
                0x0000000000005cbc       0xfc /Users/changhaibian/Documents/MATLAB/SupportPackages/R2020a/3P.instrset/cmsis.instrset/CMSIS/RTOS/RTX/LIB/GCC/libRTX_CM4.a(rt_cmsis.o)
                0x0000000000005cbc                svcSignalWait
 .text.osSignalSet
                0x0000000000005db8       0x40 /Users/changhaibian/Documents/MATLAB/SupportPackages/R2020a/3P.instrset/cmsis.instrset/CMSIS/RTOS/RTX/LIB/GCC/libRTX_CM4.a(rt_cmsis.o)
                0x0000000000005db8                osSignalSet
 .text.osSignalClear
                0x0000000000005df8       0x1c /Users/changhaibian/Documents/MATLAB/SupportPackages/R2020a/3P.instrset/cmsis.instrset/CMSIS/RTOS/RTX/LIB/GCC/libRTX_CM4.a(rt_cmsis.o)
                0x0000000000005df8                osSignalClear
 .text.osSignalWait
                0x0000000000005e14       0x28 /Users/changhaibian/Documents/MATLAB/SupportPackages/R2020a/3P.instrset/cmsis.instrset/CMSIS/RTOS/RTX/LIB/GCC/libRTX_CM4.a(rt_cmsis.o)
                0x0000000000005e14                osSignalWait
 .text.svcMessageGet
                0x0000000000005e3c       0xa8 /Users/changhaibian/Documents/MATLAB/SupportPackages/R2020a/3P.instrset/cmsis.instrset/CMSIS/RTOS/RTX/LIB/GCC/libRTX_CM4.a(rt_cmsis.o)
                0x0000000000005e3c                svcMessageGet
 .text.rt_init_stack
                0x0000000000005ee4       0xa4 /Users/changhaibian/Documents/MATLAB/SupportPackages/R2020a/3P.instrset/cmsis.instrset/CMSIS/RTOS/RTX/LIB/GCC/libRTX_CM4.a(hal_cm.o)
                0x0000000000005ee4                rt_init_stack
 .text.rt_ret_val
                0x0000000000005f88       0x14 /Users/changhaibian/Documents/MATLAB/SupportPackages/R2020a/3P.instrset/cmsis.instrset/CMSIS/RTOS/RTX/LIB/GCC/libRTX_CM4.a(hal_cm.o)
                0x0000000000005f88                rt_ret_val
 .text.rt_ret_val2
                0x0000000000005f9c       0x24 /Users/changhaibian/Documents/MATLAB/SupportPackages/R2020a/3P.instrset/cmsis.instrset/CMSIS/RTOS/RTX/LIB/GCC/libRTX_CM4.a(hal_cm.o)
                0x0000000000005f9c                rt_ret_val2
 .text.dbg_init
                0x0000000000005fc0       0x34 /Users/changhaibian/Documents/MATLAB/SupportPackages/R2020a/3P.instrset/cmsis.instrset/CMSIS/RTOS/RTX/LIB/GCC/libRTX_CM4.a(hal_cm.o)
                0x0000000000005fc0                dbg_init
 .text.dbg_task_notify
                0x0000000000005ff4       0x2c /Users/changhaibian/Documents/MATLAB/SupportPackages/R2020a/3P.instrset/cmsis.instrset/CMSIS/RTOS/RTX/LIB/GCC/libRTX_CM4.a(hal_cm.o)
                0x0000000000005ff4                dbg_task_notify
 .text.dbg_task_switch
                0x0000000000006020       0x14 /Users/changhaibian/Documents/MATLAB/SupportPackages/R2020a/3P.instrset/cmsis.instrset/CMSIS/RTOS/RTX/LIB/GCC/libRTX_CM4.a(hal_cm.o)
                0x0000000000006020                dbg_task_switch
 .text.rt_init_mem
                0x0000000000006034       0x1c /Users/changhaibian/Documents/MATLAB/SupportPackages/R2020a/3P.instrset/cmsis.instrset/CMSIS/RTOS/RTX/LIB/GCC/libRTX_CM4.a(rt_memory.o)
                0x0000000000006034                rt_init_mem
 .text.rt_alloc_mem
                0x0000000000006050       0x50 /Users/changhaibian/Documents/MATLAB/SupportPackages/R2020a/3P.instrset/cmsis.instrset/CMSIS/RTOS/RTX/LIB/GCC/libRTX_CM4.a(rt_memory.o)
                0x0000000000006050                rt_alloc_mem
 .text.rt_free_mem
                0x00000000000060a0       0x44 /Users/changhaibian/Documents/MATLAB/SupportPackages/R2020a/3P.instrset/cmsis.instrset/CMSIS/RTOS/RTX/LIB/GCC/libRTX_CM4.a(rt_memory.o)
                0x00000000000060a0                rt_free_mem
 .text._init_box
                0x00000000000060e4       0x58 /Users/changhaibian/Documents/MATLAB/SupportPackages/R2020a/3P.instrset/cmsis.instrset/CMSIS/RTOS/RTX/LIB/GCC/libRTX_CM4.a(rt_membox.o)
                0x00000000000060e4                _init_box
 .text.rt_alloc_box
                0x000000000000613c       0x1c /Users/changhaibian/Documents/MATLAB/SupportPackages/R2020a/3P.instrset/cmsis.instrset/CMSIS/RTOS/RTX/LIB/GCC/libRTX_CM4.a(rt_membox.o)
                0x000000000000613c                rt_alloc_box
 .text.rt_free_box
                0x0000000000006158       0x28 /Users/changhaibian/Documents/MATLAB/SupportPackages/R2020a/3P.instrset/cmsis.instrset/CMSIS/RTOS/RTX/LIB/GCC/libRTX_CM4.a(rt_membox.o)
                0x0000000000006158                rt_free_box
 .text.rt_sem_psh
                0x0000000000006180       0x34 /Users/changhaibian/Documents/MATLAB/SupportPackages/R2020a/3P.instrset/cmsis.instrset/CMSIS/RTOS/RTX/LIB/GCC/libRTX_CM4.a(rt_semaphore.o)
                0x0000000000006180                rt_sem_psh
 .text.rt_mbx_init
                0x00000000000061b4       0x1c /Users/changhaibian/Documents/MATLAB/SupportPackages/R2020a/3P.instrset/cmsis.instrset/CMSIS/RTOS/RTX/LIB/GCC/libRTX_CM4.a(rt_mailbox.o)
                0x00000000000061b4                rt_mbx_init
 .text.rt_mbx_wait
                0x00000000000061d0       0xa8 /Users/changhaibian/Documents/MATLAB/SupportPackages/R2020a/3P.instrset/cmsis.instrset/CMSIS/RTOS/RTX/LIB/GCC/libRTX_CM4.a(rt_mailbox.o)
                0x00000000000061d0                rt_mbx_wait
 .text.rt_mbx_check
                0x0000000000006278        0x8 /Users/changhaibian/Documents/MATLAB/SupportPackages/R2020a/3P.instrset/cmsis.instrset/CMSIS/RTOS/RTX/LIB/GCC/libRTX_CM4.a(rt_mailbox.o)
                0x0000000000006278                rt_mbx_check
 .text.isr_mbx_send
                0x0000000000006280       0x10 /Users/changhaibian/Documents/MATLAB/SupportPackages/R2020a/3P.instrset/cmsis.instrset/CMSIS/RTOS/RTX/LIB/GCC/libRTX_CM4.a(rt_mailbox.o)
                0x0000000000006280                isr_mbx_send
 .text.rt_mbx_psh
                0x0000000000006290       0xe4 /Users/changhaibian/Documents/MATLAB/SupportPackages/R2020a/3P.instrset/cmsis.instrset/CMSIS/RTOS/RTX/LIB/GCC/libRTX_CM4.a(rt_mailbox.o)
                0x0000000000006290                rt_mbx_psh
 .text.rt_put_prio
                0x0000000000006374       0x50 /Users/changhaibian/Documents/MATLAB/SupportPackages/R2020a/3P.instrset/cmsis.instrset/CMSIS/RTOS/RTX/LIB/GCC/libRTX_CM4.a(rt_list.o)
                0x0000000000006374                rt_put_prio
 .text.rt_get_first
                0x00000000000063c4       0x28 /Users/changhaibian/Documents/MATLAB/SupportPackages/R2020a/3P.instrset/cmsis.instrset/CMSIS/RTOS/RTX/LIB/GCC/libRTX_CM4.a(rt_list.o)
                0x00000000000063c4                rt_get_first
 .text.rt_put_rdy_first
                0x00000000000063ec       0x14 /Users/changhaibian/Documents/MATLAB/SupportPackages/R2020a/3P.instrset/cmsis.instrset/CMSIS/RTOS/RTX/LIB/GCC/libRTX_CM4.a(rt_list.o)
                0x00000000000063ec                rt_put_rdy_first
 .text.rt_resort_prio
                0x0000000000006400       0x94 /Users/changhaibian/Documents/MATLAB/SupportPackages/R2020a/3P.instrset/cmsis.instrset/CMSIS/RTOS/RTX/LIB/GCC/libRTX_CM4.a(rt_list.o)
                0x0000000000006400                rt_resort_prio
 .text.rt_put_dly
                0x0000000000006494       0x60 /Users/changhaibian/Documents/MATLAB/SupportPackages/R2020a/3P.instrset/cmsis.instrset/CMSIS/RTOS/RTX/LIB/GCC/libRTX_CM4.a(rt_list.o)
                0x0000000000006494                rt_put_dly
 .text.rt_dec_dly
                0x00000000000064f4       0xd8 /Users/changhaibian/Documents/MATLAB/SupportPackages/R2020a/3P.instrset/cmsis.instrset/CMSIS/RTOS/RTX/LIB/GCC/libRTX_CM4.a(rt_list.o)
                0x00000000000064f4                rt_dec_dly
 .text.rt_rmv_list
                0x00000000000065cc       0x2c /Users/changhaibian/Documents/MATLAB/SupportPackages/R2020a/3P.instrset/cmsis.instrset/CMSIS/RTOS/RTX/LIB/GCC/libRTX_CM4.a(rt_list.o)
                0x00000000000065cc                rt_rmv_list
 .text.rt_rmv_dly
                0x00000000000065f8       0x2c /Users/changhaibian/Documents/MATLAB/SupportPackages/R2020a/3P.instrset/cmsis.instrset/CMSIS/RTOS/RTX/LIB/GCC/libRTX_CM4.a(rt_list.o)
                0x00000000000065f8                rt_rmv_dly
 .text.rt_psq_enq
                0x0000000000006624       0x44 /Users/changhaibian/Documents/MATLAB/SupportPackages/R2020a/3P.instrset/cmsis.instrset/CMSIS/RTOS/RTX/LIB/GCC/libRTX_CM4.a(rt_list.o)
                0x0000000000006624                rt_psq_enq
 .text.rt_evt_wait
                0x0000000000006668       0x4c /Users/changhaibian/Documents/MATLAB/SupportPackages/R2020a/3P.instrset/cmsis.instrset/CMSIS/RTOS/RTX/LIB/GCC/libRTX_CM4.a(rt_event.o)
                0x0000000000006668                rt_evt_wait
 .text.rt_evt_set
                0x00000000000066b4       0x58 /Users/changhaibian/Documents/MATLAB/SupportPackages/R2020a/3P.instrset/cmsis.instrset/CMSIS/RTOS/RTX/LIB/GCC/libRTX_CM4.a(rt_event.o)
                0x00000000000066b4                rt_evt_set
 .text.rt_evt_clr
                0x000000000000670c       0x18 /Users/changhaibian/Documents/MATLAB/SupportPackages/R2020a/3P.instrset/cmsis.instrset/CMSIS/RTOS/RTX/LIB/GCC/libRTX_CM4.a(rt_event.o)
                0x000000000000670c                rt_evt_clr
 .text.isr_evt_set
                0x0000000000006724       0x24 /Users/changhaibian/Documents/MATLAB/SupportPackages/R2020a/3P.instrset/cmsis.instrset/CMSIS/RTOS/RTX/LIB/GCC/libRTX_CM4.a(rt_event.o)
                0x0000000000006724                isr_evt_set
 .text.rt_evt_psh
                0x0000000000006748       0x50 /Users/changhaibian/Documents/MATLAB/SupportPackages/R2020a/3P.instrset/cmsis.instrset/CMSIS/RTOS/RTX/LIB/GCC/libRTX_CM4.a(rt_event.o)
                0x0000000000006748                rt_evt_psh
 .text.rt_psh_req
                0x0000000000006798       0x20 /Users/changhaibian/Documents/MATLAB/SupportPackages/R2020a/3P.instrset/cmsis.instrset/CMSIS/RTOS/RTX/LIB/GCC/libRTX_CM4.a(rt_system.o)
                0x0000000000006798                rt_psh_req
 .text.rt_pop_req
                0x00000000000067b8       0x78 /Users/changhaibian/Documents/MATLAB/SupportPackages/R2020a/3P.instrset/cmsis.instrset/CMSIS/RTOS/RTX/LIB/GCC/libRTX_CM4.a(rt_system.o)
                0x00000000000067b8                rt_pop_req
 .text.os_tick_init
                0x0000000000006830       0x40 /Users/changhaibian/Documents/MATLAB/SupportPackages/R2020a/3P.instrset/cmsis.instrset/CMSIS/RTOS/RTX/LIB/GCC/libRTX_CM4.a(rt_system.o)
                0x0000000000006830                os_tick_init
 .text.os_tick_irqack
                0x0000000000006870        0x4 /Users/changhaibian/Documents/MATLAB/SupportPackages/R2020a/3P.instrset/cmsis.instrset/CMSIS/RTOS/RTX/LIB/GCC/libRTX_CM4.a(rt_system.o)
                0x0000000000006870                os_tick_irqack
 .text.rt_systick
                0x0000000000006874       0x3c /Users/changhaibian/Documents/MATLAB/SupportPackages/R2020a/3P.instrset/cmsis.instrset/CMSIS/RTOS/RTX/LIB/GCC/libRTX_CM4.a(rt_system.o)
                0x0000000000006874                rt_systick
 .text.rt_stk_check
                0x00000000000068b0       0x24 /Users/changhaibian/Documents/MATLAB/SupportPackages/R2020a/3P.instrset/cmsis.instrset/CMSIS/RTOS/RTX/LIB/GCC/libRTX_CM4.a(rt_system.o)
                0x00000000000068b0                rt_stk_check
 .text.rt_switch_req
                0x00000000000068d4       0x24 /Users/changhaibian/Documents/MATLAB/SupportPackages/R2020a/3P.instrset/cmsis.instrset/CMSIS/RTOS/RTX/LIB/GCC/libRTX_CM4.a(rt_task.o)
                0x00000000000068d4                rt_switch_req
 .text.rt_dispatch
                0x00000000000068f8       0x7c /Users/changhaibian/Documents/MATLAB/SupportPackages/R2020a/3P.instrset/cmsis.instrset/CMSIS/RTOS/RTX/LIB/GCC/libRTX_CM4.a(rt_task.o)
                0x00000000000068f8                rt_dispatch
 .text.rt_block
                0x0000000000006974       0x50 /Users/changhaibian/Documents/MATLAB/SupportPackages/R2020a/3P.instrset/cmsis.instrset/CMSIS/RTOS/RTX/LIB/GCC/libRTX_CM4.a(rt_task.o)
                0x0000000000006974                rt_block
 .text.rt_tsk_self
                0x00000000000069c4       0x10 /Users/changhaibian/Documents/MATLAB/SupportPackages/R2020a/3P.instrset/cmsis.instrset/CMSIS/RTOS/RTX/LIB/GCC/libRTX_CM4.a(rt_task.o)
                0x00000000000069c4                rt_tsk_self
 .text.rt_tsk_prio
                0x00000000000069d4       0xf8 /Users/changhaibian/Documents/MATLAB/SupportPackages/R2020a/3P.instrset/cmsis.instrset/CMSIS/RTOS/RTX/LIB/GCC/libRTX_CM4.a(rt_task.o)
                0x00000000000069d4                rt_tsk_prio
 .text.rt_tsk_create
                0x0000000000006acc      0x110 /Users/changhaibian/Documents/MATLAB/SupportPackages/R2020a/3P.instrset/cmsis.instrset/CMSIS/RTOS/RTX/LIB/GCC/libRTX_CM4.a(rt_task.o)
                0x0000000000006acc                rt_tsk_create
 .text.rt_tsk_delete
                0x0000000000006bdc      0x1c4 /Users/changhaibian/Documents/MATLAB/SupportPackages/R2020a/3P.instrset/cmsis.instrset/CMSIS/RTOS/RTX/LIB/GCC/libRTX_CM4.a(rt_task.o)
                0x0000000000006bdc                rt_tsk_delete
 .text.rt_sys_init
                0x0000000000006da0       0xec /Users/changhaibian/Documents/MATLAB/SupportPackages/R2020a/3P.instrset/cmsis.instrset/CMSIS/RTOS/RTX/LIB/GCC/libRTX_CM4.a(rt_task.o)
                0x0000000000006da0                rt_sys_init
 .text.rt_sys_start
                0x0000000000006e8c       0x8c /Users/changhaibian/Documents/MATLAB/SupportPackages/R2020a/3P.instrset/cmsis.instrset/CMSIS/RTOS/RTX/LIB/GCC/libRTX_CM4.a(rt_task.o)
                0x0000000000006e8c                rt_sys_start
 .text.OSA_TimeInit
                0x0000000000006f18       0x44 /Users/changhaibian/Documents/MATLAB/SupportPackages/R2020a/toolbox/target/supportpackages/freedomk64f/src/ksdk_armgcc_lib/bm/libksdk_platform.a(fsl_os_abstraction_bm.o)
                0x0000000000006f18                OSA_TimeInit
 .text.OSA_SemaPost
                0x0000000000006f5c       0x3c /Users/changhaibian/Documents/MATLAB/SupportPackages/R2020a/toolbox/target/supportpackages/freedomk64f/src/ksdk_armgcc_lib/bm/libksdk_platform.a(fsl_os_abstraction_bm.o)
                0x0000000000006f5c                OSA_SemaPost
 .text.task_init
                0x0000000000006f98       0x38 /Users/changhaibian/Documents/MATLAB/SupportPackages/R2020a/toolbox/target/supportpackages/freedomk64f/src/ksdk_armgcc_lib/bm/libksdk_platform.a(fsl_os_abstraction_bm.o)
                0x0000000000006f98                task_init
 .text.OSA_Init
                0x0000000000006fd0        0xe /Users/changhaibian/Documents/MATLAB/SupportPackages/R2020a/toolbox/target/supportpackages/freedomk64f/src/ksdk_armgcc_lib/bm/libksdk_platform.a(fsl_os_abstraction_bm.o)
                0x0000000000006fd0                OSA_Init
 *fill*         0x0000000000006fde        0x2 
 .text.CLOCK_SYS_SetMcgPeeToFbe
                0x0000000000006fe0       0x34 /Users/changhaibian/Documents/MATLAB/SupportPackages/R2020a/toolbox/target/supportpackages/freedomk64f/src/ksdk_armgcc_lib/bm/libksdk_platform.a(fsl_clock_manager.o)
 .text.CLOCK_SYS_SetMcgMode
                0x0000000000007014      0x124 /Users/changhaibian/Documents/MATLAB/SupportPackages/R2020a/toolbox/target/supportpackages/freedomk64f/src/ksdk_armgcc_lib/bm/libksdk_platform.a(fsl_clock_manager.o)
                0x0000000000007014                CLOCK_SYS_SetMcgMode
 .text.CLOCK_SYS_SetOscerConfigration
                0x0000000000007138       0x1c /Users/changhaibian/Documents/MATLAB/SupportPackages/R2020a/toolbox/target/supportpackages/freedomk64f/src/ksdk_armgcc_lib/bm/libksdk_platform.a(fsl_clock_manager.o)
                0x0000000000007138                CLOCK_SYS_SetOscerConfigration
 .text.CLOCK_SYS_OscInit
                0x0000000000007154       0x9c /Users/changhaibian/Documents/MATLAB/SupportPackages/R2020a/toolbox/target/supportpackages/freedomk64f/src/ksdk_armgcc_lib/bm/libksdk_platform.a(fsl_clock_manager.o)
                0x0000000000007154                CLOCK_SYS_OscInit
 .text.CLOCK_SYS_RtcOscInit
                0x00000000000071f0       0x68 /Users/changhaibian/Documents/MATLAB/SupportPackages/R2020a/toolbox/target/supportpackages/freedomk64f/src/ksdk_armgcc_lib/bm/libksdk_platform.a(fsl_clock_manager.o)
                0x00000000000071f0                CLOCK_SYS_RtcOscInit
 .text.SIM_HAL_EnableClock.constprop.10
                0x0000000000007258       0x1c /Users/changhaibian/Documents/MATLAB/SupportPackages/R2020a/toolbox/target/supportpackages/freedomk64f/src/ksdk_armgcc_lib/bm/libksdk_platform.a(fsl_clock_MK64F12.o)
 .text.CLOCK_SYS_GetCoreClockFreq
                0x0000000000007274       0x24 /Users/changhaibian/Documents/MATLAB/SupportPackages/R2020a/toolbox/target/supportpackages/freedomk64f/src/ksdk_armgcc_lib/bm/libksdk_platform.a(fsl_clock_MK64F12.o)
                0x0000000000007274                CLOCK_SYS_GetCoreClockFreq
 .text.CLOCK_SYS_SetConfiguration
                0x0000000000007298       0x94 /Users/changhaibian/Documents/MATLAB/SupportPackages/R2020a/toolbox/target/supportpackages/freedomk64f/src/ksdk_armgcc_lib/bm/libksdk_platform.a(fsl_clock_MK64F12.o)
                0x0000000000007298                CLOCK_SYS_SetConfiguration
 .text.CLOCK_SYS_FllStableDelay
                0x000000000000732c       0x1a /Users/changhaibian/Documents/MATLAB/SupportPackages/R2020a/toolbox/target/supportpackages/freedomk64f/src/ksdk_armgcc_lib/bm/libksdk_platform.a(fsl_clock_MK64F12.o)
 *fill*         0x0000000000007346        0x2 
 .text.CLOCK_SYS_GetBusClockFreq
                0x0000000000007348       0x24 /Users/changhaibian/Documents/MATLAB/SupportPackages/R2020a/toolbox/target/supportpackages/freedomk64f/src/ksdk_armgcc_lib/bm/libksdk_platform.a(fsl_clock_MK64F12.o)
                0x0000000000007348                CLOCK_SYS_GetBusClockFreq
 .text.CLOCK_SYS_GetFtmExternalFreq
                0x000000000000736c       0x20 /Users/changhaibian/Documents/MATLAB/SupportPackages/R2020a/toolbox/target/supportpackages/freedomk64f/src/ksdk_armgcc_lib/bm/libksdk_platform.a(fsl_clock_MK64F12.o)
                0x000000000000736c                CLOCK_SYS_GetFtmExternalFreq
 .text.CLOCK_SYS_EnablePortClock
                0x000000000000738c       0x30 /Users/changhaibian/Documents/MATLAB/SupportPackages/R2020a/toolbox/target/supportpackages/freedomk64f/src/ksdk_armgcc_lib/bm/libksdk_platform.a(fsl_clock_MK64F12.o)
                0x000000000000738c                CLOCK_SYS_EnablePortClock
 .text.CLOCK_SYS_EnableAdcClock
                0x00000000000073bc       0x30 /Users/changhaibian/Documents/MATLAB/SupportPackages/R2020a/toolbox/target/supportpackages/freedomk64f/src/ksdk_armgcc_lib/bm/libksdk_platform.a(fsl_clock_MK64F12.o)
                0x00000000000073bc                CLOCK_SYS_EnableAdcClock
 .text.CLOCK_SYS_EnableFtmClock
                0x00000000000073ec       0x30 /Users/changhaibian/Documents/MATLAB/SupportPackages/R2020a/toolbox/target/supportpackages/freedomk64f/src/ksdk_armgcc_lib/bm/libksdk_platform.a(fsl_clock_MK64F12.o)
                0x00000000000073ec                CLOCK_SYS_EnableFtmClock
 .text.INT_SYS_EnableIRQGlobal
                0x000000000000741c       0x14 /Users/changhaibian/Documents/MATLAB/SupportPackages/R2020a/toolbox/target/supportpackages/freedomk64f/src/ksdk_armgcc_lib/bm/libksdk_platform.a(fsl_interrupt_manager.o)
                0x000000000000741c                INT_SYS_EnableIRQGlobal
 .text.INT_SYS_DisableIRQGlobal
                0x0000000000007430       0x10 /Users/changhaibian/Documents/MATLAB/SupportPackages/R2020a/toolbox/target/supportpackages/freedomk64f/src/ksdk_armgcc_lib/bm/libksdk_platform.a(fsl_interrupt_manager.o)
                0x0000000000007430                INT_SYS_DisableIRQGlobal
 .text.unlikely.ADC16_HAL_GetChnConvCompletedFlag.part.0
                0x0000000000007440       0x1c /Users/changhaibian/Documents/MATLAB/SupportPackages/R2020a/toolbox/target/supportpackages/freedomk64f/src/ksdk_armgcc_lib/bm/libksdk_platform.a(fsl_adc16_driver.o)
 .text.ADC16_DRV_StructInitUserConfigDefault
                0x000000000000745c       0x24 /Users/changhaibian/Documents/MATLAB/SupportPackages/R2020a/toolbox/target/supportpackages/freedomk64f/src/ksdk_armgcc_lib/bm/libksdk_platform.a(fsl_adc16_driver.o)
                0x000000000000745c                ADC16_DRV_StructInitUserConfigDefault
 .text.ADC16_DRV_Init
                0x0000000000007480       0x90 /Users/changhaibian/Documents/MATLAB/SupportPackages/R2020a/toolbox/target/supportpackages/freedomk64f/src/ksdk_armgcc_lib/bm/libksdk_platform.a(fsl_adc16_driver.o)
                0x0000000000007480                ADC16_DRV_Init
 .text.ADC16_DRV_SetChnMux
                0x0000000000007510       0x40 /Users/changhaibian/Documents/MATLAB/SupportPackages/R2020a/toolbox/target/supportpackages/freedomk64f/src/ksdk_armgcc_lib/bm/libksdk_platform.a(fsl_adc16_driver.o)
                0x0000000000007510                ADC16_DRV_SetChnMux
 .text.ADC16_DRV_ConfigConvChn
                0x0000000000007550       0x38 /Users/changhaibian/Documents/MATLAB/SupportPackages/R2020a/toolbox/target/supportpackages/freedomk64f/src/ksdk_armgcc_lib/bm/libksdk_platform.a(fsl_adc16_driver.o)
                0x0000000000007550                ADC16_DRV_ConfigConvChn
 .text.ADC16_DRV_WaitConvDone
                0x0000000000007588       0x48 /Users/changhaibian/Documents/MATLAB/SupportPackages/R2020a/toolbox/target/supportpackages/freedomk64f/src/ksdk_armgcc_lib/bm/libksdk_platform.a(fsl_adc16_driver.o)
                0x0000000000007588                ADC16_DRV_WaitConvDone
 .text.ADC16_DRV_GetConvValueRAW
                0x00000000000075d0       0x50 /Users/changhaibian/Documents/MATLAB/SupportPackages/R2020a/toolbox/target/supportpackages/freedomk64f/src/ksdk_armgcc_lib/bm/libksdk_platform.a(fsl_adc16_driver.o)
                0x00000000000075d0                ADC16_DRV_GetConvValueRAW
 .text.EDMA_DRV_IRQHandler
                0x0000000000007620       0x30 /Users/changhaibian/Documents/MATLAB/SupportPackages/R2020a/toolbox/target/supportpackages/freedomk64f/src/ksdk_armgcc_lib/bm/libksdk_platform.a(fsl_edma_driver.o)
                0x0000000000007620                EDMA_DRV_IRQHandler
 .text.EDMA_DRV_ErrorIRQHandler
                0x0000000000007650       0x88 /Users/changhaibian/Documents/MATLAB/SupportPackages/R2020a/toolbox/target/supportpackages/freedomk64f/src/ksdk_armgcc_lib/bm/libksdk_platform.a(fsl_edma_driver.o)
                0x0000000000007650                EDMA_DRV_ErrorIRQHandler
 .text.FTM_HAL_SetClockSource
                0x00000000000076d8       0x12 /Users/changhaibian/Documents/MATLAB/SupportPackages/R2020a/toolbox/target/supportpackages/freedomk64f/src/ksdk_armgcc_lib/bm/libksdk_platform.a(fsl_ftm_driver.o)
 *fill*         0x00000000000076ea        0x2 
 .text.unlikely.FTM_HAL_SetChnCountVal.part.2
                0x00000000000076ec       0x1c /Users/changhaibian/Documents/MATLAB/SupportPackages/R2020a/toolbox/target/supportpackages/freedomk64f/src/ksdk_armgcc_lib/bm/libksdk_platform.a(fsl_ftm_driver.o)
 .text.FTM_DRV_Init
                0x0000000000007708      0x108 /Users/changhaibian/Documents/MATLAB/SupportPackages/R2020a/toolbox/target/supportpackages/freedomk64f/src/ksdk_armgcc_lib/bm/libksdk_platform.a(fsl_ftm_driver.o)
                0x0000000000007708                FTM_DRV_Init
 .text.FTM_DRV_SetClock
                0x0000000000007810       0x54 /Users/changhaibian/Documents/MATLAB/SupportPackages/R2020a/toolbox/target/supportpackages/freedomk64f/src/ksdk_armgcc_lib/bm/libksdk_platform.a(fsl_ftm_driver.o)
                0x0000000000007810                FTM_DRV_SetClock
 .text.FTM_DRV_GetClock
                0x0000000000007864       0x68 /Users/changhaibian/Documents/MATLAB/SupportPackages/R2020a/toolbox/target/supportpackages/freedomk64f/src/ksdk_armgcc_lib/bm/libksdk_platform.a(fsl_ftm_driver.o)
                0x0000000000007864                FTM_DRV_GetClock
 .text.FTM_DRV_PwmStart
                0x00000000000078cc      0x1c8 /Users/changhaibian/Documents/MATLAB/SupportPackages/R2020a/toolbox/target/supportpackages/freedomk64f/src/ksdk_armgcc_lib/bm/libksdk_platform.a(fsl_ftm_driver.o)
                0x00000000000078cc                FTM_DRV_PwmStart
 .text.unlikely.PORT_HAL_SetMuxMode.part.0
                0x0000000000007a94       0x1c /Users/changhaibian/Documents/MATLAB/SupportPackages/R2020a/toolbox/target/supportpackages/freedomk64f/src/ksdk_armgcc_lib/bm/libksdk_platform.a(fsl_gpio_driver.o)
 .text.GPIO_DRV_InputPinInit
                0x0000000000007ab0       0xe0 /Users/changhaibian/Documents/MATLAB/SupportPackages/R2020a/toolbox/target/supportpackages/freedomk64f/src/ksdk_armgcc_lib/bm/libksdk_platform.a(fsl_gpio_driver.o)
                0x0000000000007ab0                GPIO_DRV_InputPinInit
 .text.GPIO_DRV_OutputPinInit
                0x0000000000007b90       0x70 /Users/changhaibian/Documents/MATLAB/SupportPackages/R2020a/toolbox/target/supportpackages/freedomk64f/src/ksdk_armgcc_lib/bm/libksdk_platform.a(fsl_gpio_driver.o)
                0x0000000000007b90                GPIO_DRV_OutputPinInit
 .text.GPIO_DRV_WritePinOutput
                0x0000000000007c00       0x1c /Users/changhaibian/Documents/MATLAB/SupportPackages/R2020a/toolbox/target/supportpackages/freedomk64f/src/ksdk_armgcc_lib/bm/libksdk_platform.a(fsl_gpio_driver.o)
                0x0000000000007c00                GPIO_DRV_WritePinOutput
 .text.GPIO_DRV_ReadPinInput
                0x0000000000007c1c       0x3c /Users/changhaibian/Documents/MATLAB/SupportPackages/R2020a/toolbox/target/supportpackages/freedomk64f/src/ksdk_armgcc_lib/bm/libksdk_platform.a(fsl_gpio_driver.o)
                0x0000000000007c1c                GPIO_DRV_ReadPinInput
 .text.LPTMR_HAL_SetTimerWorkingMode
                0x0000000000007c58       0x3c /Users/changhaibian/Documents/MATLAB/SupportPackages/R2020a/toolbox/target/supportpackages/freedomk64f/src/ksdk_armgcc_lib/bm/libksdk_platform.a(fsl_lptmr_hal.o)
                0x0000000000007c58                LPTMR_HAL_SetTimerWorkingMode
 .text.LPTMR_HAL_SetPrescalerMode
                0x0000000000007c94       0x1a /Users/changhaibian/Documents/MATLAB/SupportPackages/R2020a/toolbox/target/supportpackages/freedomk64f/src/ksdk_armgcc_lib/bm/libksdk_platform.a(fsl_lptmr_hal.o)
                0x0000000000007c94                LPTMR_HAL_SetPrescalerMode
 *fill*         0x0000000000007cae        0x2 
 .text.CLOCK_HAL_TestOscFreq
                0x0000000000007cb0       0x28 /Users/changhaibian/Documents/MATLAB/SupportPackages/R2020a/toolbox/target/supportpackages/freedomk64f/src/ksdk_armgcc_lib/bm/libksdk_platform.a(fsl_mcg_hal.o)
                0x0000000000007cb0                CLOCK_HAL_TestOscFreq
 .text.CLOCK_HAL_GetMcgExternalClkFreq
                0x0000000000007cd8        0xa /Users/changhaibian/Documents/MATLAB/SupportPackages/R2020a/toolbox/target/supportpackages/freedomk64f/src/ksdk_armgcc_lib/bm/libksdk_platform.a(fsl_mcg_hal.o)
 .text.CLOCK_HAL_TestFllExternalRefFreq
                0x0000000000007ce2       0x32 /Users/changhaibian/Documents/MATLAB/SupportPackages/R2020a/toolbox/target/supportpackages/freedomk64f/src/ksdk_armgcc_lib/bm/libksdk_platform.a(fsl_mcg_hal.o)
                0x0000000000007ce2                CLOCK_HAL_TestFllExternalRefFreq
 .text.CLOCK_HAL_GetFllRefClk
                0x0000000000007d14       0x3c /Users/changhaibian/Documents/MATLAB/SupportPackages/R2020a/toolbox/target/supportpackages/freedomk64f/src/ksdk_armgcc_lib/bm/libksdk_platform.a(fsl_mcg_hal.o)
                0x0000000000007d14                CLOCK_HAL_GetFllRefClk
 .text.CLOCK_HAL_TestFllFreq
                0x0000000000007d50       0x34 /Users/changhaibian/Documents/MATLAB/SupportPackages/R2020a/toolbox/target/supportpackages/freedomk64f/src/ksdk_armgcc_lib/bm/libksdk_platform.a(fsl_mcg_hal.o)
                0x0000000000007d50                CLOCK_HAL_TestFllFreq
 .text.CLOCK_HAL_GetFllClk
                0x0000000000007d84       0x36 /Users/changhaibian/Documents/MATLAB/SupportPackages/R2020a/toolbox/target/supportpackages/freedomk64f/src/ksdk_armgcc_lib/bm/libksdk_platform.a(fsl_mcg_hal.o)
                0x0000000000007d84                CLOCK_HAL_GetFllClk
 .text.CLOCK_HAL_UpdateFastClkInternalRefDiv
                0x0000000000007dba       0x52 /Users/changhaibian/Documents/MATLAB/SupportPackages/R2020a/toolbox/target/supportpackages/freedomk64f/src/ksdk_armgcc_lib/bm/libksdk_platform.a(fsl_mcg_hal.o)
                0x0000000000007dba                CLOCK_HAL_UpdateFastClkInternalRefDiv
 .text.CLOCK_HAL_GetPll0Clk
                0x0000000000007e0c       0x3e /Users/changhaibian/Documents/MATLAB/SupportPackages/R2020a/toolbox/target/supportpackages/freedomk64f/src/ksdk_armgcc_lib/bm/libksdk_platform.a(fsl_mcg_hal.o)
                0x0000000000007e0c                CLOCK_HAL_GetPll0Clk
 .text.CLOCK_HAL_EnablePll0InFllMode
                0x0000000000007e4a       0x38 /Users/changhaibian/Documents/MATLAB/SupportPackages/R2020a/toolbox/target/supportpackages/freedomk64f/src/ksdk_armgcc_lib/bm/libksdk_platform.a(fsl_mcg_hal.o)
                0x0000000000007e4a                CLOCK_HAL_EnablePll0InFllMode
 *fill*         0x0000000000007e82        0x2 
 .text.CLOCK_HAL_GetInternalRefClk
                0x0000000000007e84       0x3c /Users/changhaibian/Documents/MATLAB/SupportPackages/R2020a/toolbox/target/supportpackages/freedomk64f/src/ksdk_armgcc_lib/bm/libksdk_platform.a(fsl_mcg_hal.o)
                0x0000000000007e84                CLOCK_HAL_GetInternalRefClk
 .text.CLOCK_HAL_GetOutClk
                0x0000000000007ec0       0x22 /Users/changhaibian/Documents/MATLAB/SupportPackages/R2020a/toolbox/target/supportpackages/freedomk64f/src/ksdk_armgcc_lib/bm/libksdk_platform.a(fsl_mcg_hal.o)
                0x0000000000007ec0                CLOCK_HAL_GetOutClk
 .text.CLOCK_HAL_GetFixedFreqClk
                0x0000000000007ee2       0x20 /Users/changhaibian/Documents/MATLAB/SupportPackages/R2020a/toolbox/target/supportpackages/freedomk64f/src/ksdk_armgcc_lib/bm/libksdk_platform.a(fsl_mcg_hal.o)
                0x0000000000007ee2                CLOCK_HAL_GetFixedFreqClk
 .text.CLOCK_HAL_SetOsc0Mode
                0x0000000000007f02       0x24 /Users/changhaibian/Documents/MATLAB/SupportPackages/R2020a/toolbox/target/supportpackages/freedomk64f/src/ksdk_armgcc_lib/bm/libksdk_platform.a(fsl_mcg_hal.o)
                0x0000000000007f02                CLOCK_HAL_SetOsc0Mode
 .text.CLOCK_HAL_PrepareOsc
                0x0000000000007f26       0x2c /Users/changhaibian/Documents/MATLAB/SupportPackages/R2020a/toolbox/target/supportpackages/freedomk64f/src/ksdk_armgcc_lib/bm/libksdk_platform.a(fsl_mcg_hal_modes.o)
 .text.CLOCK_HAL_GetMcgMode
                0x0000000000007f52       0x72 /Users/changhaibian/Documents/MATLAB/SupportPackages/R2020a/toolbox/target/supportpackages/freedomk64f/src/ksdk_armgcc_lib/bm/libksdk_platform.a(fsl_mcg_hal_modes.o)
                0x0000000000007f52                CLOCK_HAL_GetMcgMode
 .text.CLOCK_HAL_SetFbiMode
                0x0000000000007fc4       0xb8 /Users/changhaibian/Documents/MATLAB/SupportPackages/R2020a/toolbox/target/supportpackages/freedomk64f/src/ksdk_armgcc_lib/bm/libksdk_platform.a(fsl_mcg_hal_modes.o)
                0x0000000000007fc4                CLOCK_HAL_SetFbiMode
 .text.CLOCK_HAL_SetFbeMode
                0x000000000000807c       0xea /Users/changhaibian/Documents/MATLAB/SupportPackages/R2020a/toolbox/target/supportpackages/freedomk64f/src/ksdk_armgcc_lib/bm/libksdk_platform.a(fsl_mcg_hal_modes.o)
                0x000000000000807c                CLOCK_HAL_SetFbeMode
 *fill*         0x0000000000008166        0x2 
 .text.CLOCK_HAL_SetPbeMode
                0x0000000000008168       0xd0 /Users/changhaibian/Documents/MATLAB/SupportPackages/R2020a/toolbox/target/supportpackages/freedomk64f/src/ksdk_armgcc_lib/bm/libksdk_platform.a(fsl_mcg_hal_modes.o)
                0x0000000000008168                CLOCK_HAL_SetPbeMode
 .text.OSC_HAL_SetCapacitor
                0x0000000000008238        0xe /Users/changhaibian/Documents/MATLAB/SupportPackages/R2020a/toolbox/target/supportpackages/freedomk64f/src/ksdk_armgcc_lib/bm/libksdk_platform.a(fsl_osc_hal.o)
                0x0000000000008238                OSC_HAL_SetCapacitor
 .text.CLOCK_HAL_SetOutDiv
                0x0000000000008246       0x28 /Users/changhaibian/Documents/MATLAB/SupportPackages/R2020a/toolbox/target/supportpackages/freedomk64f/src/ksdk_armgcc_lib/bm/libksdk_platform.a(fsl_sim_hal_MK64F12.o)
                0x0000000000008246                CLOCK_HAL_SetOutDiv
 *fill*         0x000000000000826e        0x2 
 .text.SIM_HAL_GetFtmExternalClkPinMode
                0x0000000000008270       0x50 /Users/changhaibian/Documents/MATLAB/SupportPackages/R2020a/toolbox/target/supportpackages/freedomk64f/src/ksdk_armgcc_lib/bm/libksdk_platform.a(fsl_sim_hal_MK64F12.o)
                0x0000000000008270                SIM_HAL_GetFtmExternalClkPinMode
 .text.UART_DRV_CompleteSendData
                0x00000000000082c0       0x54 /Users/changhaibian/Documents/MATLAB/SupportPackages/R2020a/toolbox/target/supportpackages/freedomk64f/src/ksdk_armgcc_lib/bm/libksdk_platform.a(fsl_uart_driver.o)
 .text.UART_DRV_CompleteReceiveData
                0x0000000000008314       0x5c /Users/changhaibian/Documents/MATLAB/SupportPackages/R2020a/toolbox/target/supportpackages/freedomk64f/src/ksdk_armgcc_lib/bm/libksdk_platform.a(fsl_uart_driver.o)
 .text.UART_DRV_IRQHandler
                0x0000000000008370       0xdc /Users/changhaibian/Documents/MATLAB/SupportPackages/R2020a/toolbox/target/supportpackages/freedomk64f/src/ksdk_armgcc_lib/bm/libksdk_platform.a(fsl_uart_driver.o)
                0x0000000000008370                UART_DRV_IRQHandler
 .text.ADC16_HAL_Init
                0x000000000000844c       0x10 /Users/changhaibian/Documents/MATLAB/SupportPackages/R2020a/toolbox/target/supportpackages/freedomk64f/src/ksdk_armgcc_lib/bm/libksdk_platform.a(fsl_adc16_hal.o)
                0x000000000000844c                ADC16_HAL_Init
 .text.ADC16_HAL_ConfigChn
                0x000000000000845c       0x40 /Users/changhaibian/Documents/MATLAB/SupportPackages/R2020a/toolbox/target/supportpackages/freedomk64f/src/ksdk_armgcc_lib/bm/libksdk_platform.a(fsl_adc16_hal.o)
                0x000000000000845c                ADC16_HAL_ConfigChn
 .text.ADC16_HAL_ConfigConverter
                0x000000000000849c       0x92 /Users/changhaibian/Documents/MATLAB/SupportPackages/R2020a/toolbox/target/supportpackages/freedomk64f/src/ksdk_armgcc_lib/bm/libksdk_platform.a(fsl_adc16_hal.o)
                0x000000000000849c                ADC16_HAL_ConfigConverter
 .text.EDMA_HAL_SetDmaRequestCmd
                0x000000000000852e        0xa /Users/changhaibian/Documents/MATLAB/SupportPackages/R2020a/toolbox/target/supportpackages/freedomk64f/src/ksdk_armgcc_lib/bm/libksdk_platform.a(fsl_edma_hal.o)
                0x000000000000852e                EDMA_HAL_SetDmaRequestCmd
 .text.unlikely.FTM_HAL_SetChnEdgeLevel.part.0
                0x0000000000008538       0x1c /Users/changhaibian/Documents/MATLAB/SupportPackages/R2020a/toolbox/target/supportpackages/freedomk64f/src/ksdk_armgcc_lib/bm/libksdk_platform.a(fsl_ftm_hal.o)
 .text.FTM_HAL_Init
                0x0000000000008554       0x38 /Users/changhaibian/Documents/MATLAB/SupportPackages/R2020a/toolbox/target/supportpackages/freedomk64f/src/ksdk_armgcc_lib/bm/libksdk_platform.a(fsl_ftm_hal.o)
                0x0000000000008554                FTM_HAL_Init
 .text.FTM_HAL_SetSyncMode
                0x000000000000858c       0x94 /Users/changhaibian/Documents/MATLAB/SupportPackages/R2020a/toolbox/target/supportpackages/freedomk64f/src/ksdk_armgcc_lib/bm/libksdk_platform.a(fsl_ftm_hal.o)
                0x000000000000858c                FTM_HAL_SetSyncMode
 .text.FTM_HAL_Reset
                0x0000000000008620       0x3e /Users/changhaibian/Documents/MATLAB/SupportPackages/R2020a/toolbox/target/supportpackages/freedomk64f/src/ksdk_armgcc_lib/bm/libksdk_platform.a(fsl_ftm_hal.o)
                0x0000000000008620                FTM_HAL_Reset
 .text.FTM_HAL_GetChnPairIndex
                0x000000000000865e       0x1e /Users/changhaibian/Documents/MATLAB/SupportPackages/R2020a/toolbox/target/supportpackages/freedomk64f/src/ksdk_armgcc_lib/bm/libksdk_platform.a(fsl_ftm_hal.o)
                0x000000000000865e                FTM_HAL_GetChnPairIndex
 .text.FTM_HAL_EnablePwmMode
                0x000000000000867c       0xcc /Users/changhaibian/Documents/MATLAB/SupportPackages/R2020a/toolbox/target/supportpackages/freedomk64f/src/ksdk_armgcc_lib/bm/libksdk_platform.a(fsl_ftm_hal.o)
                0x000000000000867c                FTM_HAL_EnablePwmMode
 .text.GPIO_HAL_SetPinDir
                0x0000000000008748       0x34 /Users/changhaibian/Documents/MATLAB/SupportPackages/R2020a/toolbox/target/supportpackages/freedomk64f/src/ksdk_armgcc_lib/bm/libksdk_platform.a(fsl_gpio_hal.o)
                0x0000000000008748                GPIO_HAL_SetPinDir
 .text.GPIO_HAL_WritePinOutput
                0x000000000000877c       0x30 /Users/changhaibian/Documents/MATLAB/SupportPackages/R2020a/toolbox/target/supportpackages/freedomk64f/src/ksdk_armgcc_lib/bm/libksdk_platform.a(fsl_gpio_hal.o)
                0x000000000000877c                GPIO_HAL_WritePinOutput
 .text.UART_HAL_Putchar
                0x00000000000087ac        0x6 /Users/changhaibian/Documents/MATLAB/SupportPackages/R2020a/toolbox/target/supportpackages/freedomk64f/src/ksdk_armgcc_lib/bm/libksdk_platform.a(fsl_uart_hal.o)
                0x00000000000087ac                UART_HAL_Putchar
 .text.UART_HAL_Getchar
                0x00000000000087b2        0x8 /Users/changhaibian/Documents/MATLAB/SupportPackages/R2020a/toolbox/target/supportpackages/freedomk64f/src/ksdk_armgcc_lib/bm/libksdk_platform.a(fsl_uart_hal.o)
                0x00000000000087b2                UART_HAL_Getchar
 .text.UART_HAL_SetIntMode
                0x00000000000087ba       0x66 /Users/changhaibian/Documents/MATLAB/SupportPackages/R2020a/toolbox/target/supportpackages/freedomk64f/src/ksdk_armgcc_lib/bm/libksdk_platform.a(fsl_uart_hal.o)
                0x00000000000087ba                UART_HAL_SetIntMode
 .text.UART_HAL_GetStatusFlag
                0x0000000000008820       0x2a /Users/changhaibian/Documents/MATLAB/SupportPackages/R2020a/toolbox/target/supportpackages/freedomk64f/src/ksdk_armgcc_lib/bm/libksdk_platform.a(fsl_uart_hal.o)
                0x0000000000008820                UART_HAL_GetStatusFlag
 .text.UART_HAL_ClearStatusFlag
                0x000000000000884a       0x64 /Users/changhaibian/Documents/MATLAB/SupportPackages/R2020a/toolbox/target/supportpackages/freedomk64f/src/ksdk_armgcc_lib/bm/libksdk_platform.a(fsl_uart_hal.o)
                0x000000000000884a                UART_HAL_ClearStatusFlag
 *fill*         0x00000000000088ae        0x2 
 .text.ceil     0x00000000000088b0      0x110 /Users/changhaibian/Documents/MATLAB/SupportPackages/R2020a/3P.instrset/gnuarm-armcortex.instrset/maci64/gcc-arm-none-eabi-7-2017-q4-major/bin/../lib/gcc/arm-none-eabi/7.2.1/../../../../arm-none-eabi/lib/thumb/v7e-m/fpv4-sp/hard/libm.a(lib_a-s_ceil.o)
                0x00000000000088b0                ceil
 .text.abort    0x00000000000089c0       0x10 /Users/changhaibian/Documents/MATLAB/SupportPackages/R2020a/3P.instrset/gnuarm-armcortex.instrset/maci64/gcc-arm-none-eabi-7-2017-q4-major/bin/../lib/gcc/arm-none-eabi/7.2.1/../../../../arm-none-eabi/lib/thumb/v7e-m/fpv4-sp/hard/libg.a(lib_a-abort.o)
                0x00000000000089c0                abort
 .text.__assert_func
                0x00000000000089d0       0x3c /Users/changhaibian/Documents/MATLAB/SupportPackages/R2020a/3P.instrset/gnuarm-armcortex.instrset/maci64/gcc-arm-none-eabi-7-2017-q4-major/bin/../lib/gcc/arm-none-eabi/7.2.1/../../../../arm-none-eabi/lib/thumb/v7e-m/fpv4-sp/hard/libg.a(lib_a-assert.o)
                0x00000000000089d0                __assert_func
 .text.atexit   0x0000000000008a0c        0xc /Users/changhaibian/Documents/MATLAB/SupportPackages/R2020a/3P.instrset/gnuarm-armcortex.instrset/maci64/gcc-arm-none-eabi-7-2017-q4-major/bin/../lib/gcc/arm-none-eabi/7.2.1/../../../../arm-none-eabi/lib/thumb/v7e-m/fpv4-sp/hard/libg.a(lib_a-atexit.o)
                0x0000000000008a0c                atexit
 .text.__errno  0x0000000000008a18        0xc /Users/changhaibian/Documents/MATLAB/SupportPackages/R2020a/3P.instrset/gnuarm-armcortex.instrset/maci64/gcc-arm-none-eabi-7-2017-q4-major/bin/../lib/gcc/arm-none-eabi/7.2.1/../../../../arm-none-eabi/lib/thumb/v7e-m/fpv4-sp/hard/libg.a(lib_a-errno.o)
                0x0000000000008a18                __errno
 .text.exit     0x0000000000008a24       0x20 /Users/changhaibian/Documents/MATLAB/SupportPackages/R2020a/3P.instrset/gnuarm-armcortex.instrset/maci64/gcc-arm-none-eabi-7-2017-q4-major/bin/../lib/gcc/arm-none-eabi/7.2.1/../../../../arm-none-eabi/lib/thumb/v7e-m/fpv4-sp/hard/libg.a(lib_a-exit.o)
                0x0000000000008a24                exit
 .text.__libc_fini_array
                0x0000000000008a44       0x34 /Users/changhaibian/Documents/MATLAB/SupportPackages/R2020a/3P.instrset/gnuarm-armcortex.instrset/maci64/gcc-arm-none-eabi-7-2017-q4-major/bin/../lib/gcc/arm-none-eabi/7.2.1/../../../../arm-none-eabi/lib/thumb/v7e-m/fpv4-sp/hard/libg.a(lib_a-fini.o)
                0x0000000000008a44                __libc_fini_array
 .text.fiprintf
                0x0000000000008a78       0x28 /Users/changhaibian/Documents/MATLAB/SupportPackages/R2020a/3P.instrset/gnuarm-armcortex.instrset/maci64/gcc-arm-none-eabi-7-2017-q4-major/bin/../lib/gcc/arm-none-eabi/7.2.1/../../../../arm-none-eabi/lib/thumb/v7e-m/fpv4-sp/hard/libg.a(lib_a-fiprintf.o)
                0x0000000000008a78                fiprintf
 .text.__libc_init_array
                0x0000000000008aa0       0x48 /Users/changhaibian/Documents/MATLAB/SupportPackages/R2020a/3P.instrset/gnuarm-armcortex.instrset/maci64/gcc-arm-none-eabi-7-2017-q4-major/bin/../lib/gcc/arm-none-eabi/7.2.1/../../../../arm-none-eabi/lib/thumb/v7e-m/fpv4-sp/hard/libg.a(lib_a-init.o)
                0x0000000000008aa0                __libc_init_array
 .text.malloc   0x0000000000008ae8       0x10 /Users/changhaibian/Documents/MATLAB/SupportPackages/R2020a/3P.instrset/gnuarm-armcortex.instrset/maci64/gcc-arm-none-eabi-7-2017-q4-major/bin/../lib/gcc/arm-none-eabi/7.2.1/../../../../arm-none-eabi/lib/thumb/v7e-m/fpv4-sp/hard/libg.a(lib_a-malloc.o)
                0x0000000000008ae8                malloc
 .text.free     0x0000000000008af8       0x10 /Users/changhaibian/Documents/MATLAB/SupportPackages/R2020a/3P.instrset/gnuarm-armcortex.instrset/maci64/gcc-arm-none-eabi-7-2017-q4-major/bin/../lib/gcc/arm-none-eabi/7.2.1/../../../../arm-none-eabi/lib/thumb/v7e-m/fpv4-sp/hard/libg.a(lib_a-malloc.o)
                0x0000000000008af8                free
 .text._malloc_r
                0x0000000000008b08      0x548 /Users/changhaibian/Documents/MATLAB/SupportPackages/R2020a/3P.instrset/gnuarm-armcortex.instrset/maci64/gcc-arm-none-eabi-7-2017-q4-major/bin/../lib/gcc/arm-none-eabi/7.2.1/../../../../arm-none-eabi/lib/thumb/v7e-m/fpv4-sp/hard/libg.a(lib_a-mallocr.o)
                0x0000000000008b08                _malloc_r
 .text.memset   0x0000000000009050       0x94 /Users/changhaibian/Documents/MATLAB/SupportPackages/R2020a/3P.instrset/gnuarm-armcortex.instrset/maci64/gcc-arm-none-eabi-7-2017-q4-major/bin/../lib/gcc/arm-none-eabi/7.2.1/../../../../arm-none-eabi/lib/thumb/v7e-m/fpv4-sp/hard/libg.a(lib_a-memset.o)
                0x0000000000009050                memset
 .text.__malloc_lock
                0x00000000000090e4        0xc /Users/changhaibian/Documents/MATLAB/SupportPackages/R2020a/3P.instrset/gnuarm-armcortex.instrset/maci64/gcc-arm-none-eabi-7-2017-q4-major/bin/../lib/gcc/arm-none-eabi/7.2.1/../../../../arm-none-eabi/lib/thumb/v7e-m/fpv4-sp/hard/libg.a(lib_a-mlock.o)
                0x00000000000090e4                __malloc_lock
 .text.__malloc_unlock
                0x00000000000090f0        0xc /Users/changhaibian/Documents/MATLAB/SupportPackages/R2020a/3P.instrset/gnuarm-armcortex.instrset/maci64/gcc-arm-none-eabi-7-2017-q4-major/bin/../lib/gcc/arm-none-eabi/7.2.1/../../../../arm-none-eabi/lib/thumb/v7e-m/fpv4-sp/hard/libg.a(lib_a-mlock.o)
                0x00000000000090f0                __malloc_unlock
 .text._sbrk_r  0x00000000000090fc       0x24 /Users/changhaibian/Documents/MATLAB/SupportPackages/R2020a/3P.instrset/gnuarm-armcortex.instrset/maci64/gcc-arm-none-eabi-7-2017-q4-major/bin/../lib/gcc/arm-none-eabi/7.2.1/../../../../arm-none-eabi/lib/thumb/v7e-m/fpv4-sp/hard/libg.a(lib_a-sbrkr.o)
                0x00000000000090fc                _sbrk_r
 .text._raise_r
                0x0000000000009120       0x58 /Users/changhaibian/Documents/MATLAB/SupportPackages/R2020a/3P.instrset/gnuarm-armcortex.instrset/maci64/gcc-arm-none-eabi-7-2017-q4-major/bin/../lib/gcc/arm-none-eabi/7.2.1/../../../../arm-none-eabi/lib/thumb/v7e-m/fpv4-sp/hard/libg.a(lib_a-signal.o)
                0x0000000000009120                _raise_r
 .text.raise    0x0000000000009178       0x10 /Users/changhaibian/Documents/MATLAB/SupportPackages/R2020a/3P.instrset/gnuarm-armcortex.instrset/maci64/gcc-arm-none-eabi-7-2017-q4-major/bin/../lib/gcc/arm-none-eabi/7.2.1/../../../../arm-none-eabi/lib/thumb/v7e-m/fpv4-sp/hard/libg.a(lib_a-signal.o)
                0x0000000000009178                raise
 .text._kill_r  0x0000000000009188       0x28 /Users/changhaibian/Documents/MATLAB/SupportPackages/R2020a/3P.instrset/gnuarm-armcortex.instrset/maci64/gcc-arm-none-eabi-7-2017-q4-major/bin/../lib/gcc/arm-none-eabi/7.2.1/../../../../arm-none-eabi/lib/thumb/v7e-m/fpv4-sp/hard/libg.a(lib_a-signalr.o)
                0x0000000000009188                _kill_r
 .text._getpid_r
                0x00000000000091b0        0x4 /Users/changhaibian/Documents/MATLAB/SupportPackages/R2020a/3P.instrset/gnuarm-armcortex.instrset/maci64/gcc-arm-none-eabi-7-2017-q4-major/bin/../lib/gcc/arm-none-eabi/7.2.1/../../../../arm-none-eabi/lib/thumb/v7e-m/fpv4-sp/hard/libg.a(lib_a-signalr.o)
                0x00000000000091b0                _getpid_r
 .text.__sprint_r.part.0
                0x00000000000091b4       0x78 /Users/changhaibian/Documents/MATLAB/SupportPackages/R2020a/3P.instrset/gnuarm-armcortex.instrset/maci64/gcc-arm-none-eabi-7-2017-q4-major/bin/../lib/gcc/arm-none-eabi/7.2.1/../../../../arm-none-eabi/lib/thumb/v7e-m/fpv4-sp/hard/libg.a(lib_a-vfiprintf.o)
 .text._vfiprintf_r
                0x000000000000922c      0xc24 /Users/changhaibian/Documents/MATLAB/SupportPackages/R2020a/3P.instrset/gnuarm-armcortex.instrset/maci64/gcc-arm-none-eabi-7-2017-q4-major/bin/../lib/gcc/arm-none-eabi/7.2.1/../../../../arm-none-eabi/lib/thumb/v7e-m/fpv4-sp/hard/libg.a(lib_a-vfiprintf.o)
                0x000000000000922c                _vfiprintf_r
 .text.__sbprintf
                0x0000000000009e50       0x84 /Users/changhaibian/Documents/MATLAB/SupportPackages/R2020a/3P.instrset/gnuarm-armcortex.instrset/maci64/gcc-arm-none-eabi-7-2017-q4-major/bin/../lib/gcc/arm-none-eabi/7.2.1/../../../../arm-none-eabi/lib/thumb/v7e-m/fpv4-sp/hard/libg.a(lib_a-vfiprintf.o)
 .text.__swsetup_r
                0x0000000000009ed4       0xcc /Users/changhaibian/Documents/MATLAB/SupportPackages/R2020a/3P.instrset/gnuarm-armcortex.instrset/maci64/gcc-arm-none-eabi-7-2017-q4-major/bin/../lib/gcc/arm-none-eabi/7.2.1/../../../../arm-none-eabi/lib/thumb/v7e-m/fpv4-sp/hard/libg.a(lib_a-wsetup.o)
                0x0000000000009ed4                __swsetup_r
 .text.__register_exitproc
                0x0000000000009fa0       0xc0 /Users/changhaibian/Documents/MATLAB/SupportPackages/R2020a/3P.instrset/gnuarm-armcortex.instrset/maci64/gcc-arm-none-eabi-7-2017-q4-major/bin/../lib/gcc/arm-none-eabi/7.2.1/../../../../arm-none-eabi/lib/thumb/v7e-m/fpv4-sp/hard/libg.a(lib_a-__atexit.o)
                0x0000000000009fa0                __register_exitproc
 .text.startup.register_fini
                0x000000000000a060       0x14 /Users/changhaibian/Documents/MATLAB/SupportPackages/R2020a/3P.instrset/gnuarm-armcortex.instrset/maci64/gcc-arm-none-eabi-7-2017-q4-major/bin/../lib/gcc/arm-none-eabi/7.2.1/../../../../arm-none-eabi/lib/thumb/v7e-m/fpv4-sp/hard/libg.a(lib_a-__call_atexit.o)
 .text.__call_exitprocs
                0x000000000000a074       0xe8 /Users/changhaibian/Documents/MATLAB/SupportPackages/R2020a/3P.instrset/gnuarm-armcortex.instrset/maci64/gcc-arm-none-eabi-7-2017-q4-major/bin/../lib/gcc/arm-none-eabi/7.2.1/../../../../arm-none-eabi/lib/thumb/v7e-m/fpv4-sp/hard/libg.a(lib_a-__call_atexit.o)
                0x000000000000a074                __call_exitprocs
 .text.__sflush_r
                0x000000000000a15c      0x154 /Users/changhaibian/Documents/MATLAB/SupportPackages/R2020a/3P.instrset/gnuarm-armcortex.instrset/maci64/gcc-arm-none-eabi-7-2017-q4-major/bin/../lib/gcc/arm-none-eabi/7.2.1/../../../../arm-none-eabi/lib/thumb/v7e-m/fpv4-sp/hard/libg.a(lib_a-fflush.o)
                0x000000000000a15c                __sflush_r
 .text._fflush_r
                0x000000000000a2b0       0x5c /Users/changhaibian/Documents/MATLAB/SupportPackages/R2020a/3P.instrset/gnuarm-armcortex.instrset/maci64/gcc-arm-none-eabi-7-2017-q4-major/bin/../lib/gcc/arm-none-eabi/7.2.1/../../../../arm-none-eabi/lib/thumb/v7e-m/fpv4-sp/hard/libg.a(lib_a-fflush.o)
                0x000000000000a2b0                _fflush_r
 .text.std      0x000000000000a30c       0x50 /Users/changhaibian/Documents/MATLAB/SupportPackages/R2020a/3P.instrset/gnuarm-armcortex.instrset/maci64/gcc-arm-none-eabi-7-2017-q4-major/bin/../lib/gcc/arm-none-eabi/7.2.1/../../../../arm-none-eabi/lib/thumb/v7e-m/fpv4-sp/hard/libg.a(lib_a-findfp.o)
 .text._cleanup_r
                0x000000000000a35c        0xc /Users/changhaibian/Documents/MATLAB/SupportPackages/R2020a/3P.instrset/gnuarm-armcortex.instrset/maci64/gcc-arm-none-eabi-7-2017-q4-major/bin/../lib/gcc/arm-none-eabi/7.2.1/../../../../arm-none-eabi/lib/thumb/v7e-m/fpv4-sp/hard/libg.a(lib_a-findfp.o)
                0x000000000000a35c                _cleanup_r