Archive member included to satisfy reference by file (symbol)

C:/ProgramData/MATLAB/SupportPackages/R2020a/3P.instrset/cmsis.instrset/CMSIS/RTOS/RTX/LIB/GCC/libRTX_CM4.a(rt_cmsis.o)
                              RTX_Conf_CM.o (osKernelInitialize)
C:/ProgramData/MATLAB/SupportPackages/R2020a/3P.instrset/cmsis.instrset/CMSIS/RTOS/RTX/LIB/GCC/libRTX_CM4.a(hal_cm.o)
                              C:/ProgramData/MATLAB/SupportPackages/R2020a/3P.instrset/cmsis.instrset/CMSIS/RTOS/RTX/LIB/GCC/libRTX_CM4.a(rt_cmsis.o) (rt_ret_val)
C:/ProgramData/MATLAB/SupportPackages/R2020a/3P.instrset/cmsis.instrset/CMSIS/RTOS/RTX/LIB/GCC/libRTX_CM4.a(rt_memory.o)
                              C:/ProgramData/MATLAB/SupportPackages/R2020a/3P.instrset/cmsis.instrset/CMSIS/RTOS/RTX/LIB/GCC/libRTX_CM4.a(rt_cmsis.o) (rt_init_mem)
C:/ProgramData/MATLAB/SupportPackages/R2020a/3P.instrset/cmsis.instrset/CMSIS/RTOS/RTX/LIB/GCC/libRTX_CM4.a(rt_membox.o)
                              C:/ProgramData/MATLAB/SupportPackages/R2020a/3P.instrset/cmsis.instrset/CMSIS/RTOS/RTX/LIB/GCC/libRTX_CM4.a(rt_cmsis.o) (_init_box)
C:/ProgramData/MATLAB/SupportPackages/R2020a/3P.instrset/cmsis.instrset/CMSIS/RTOS/RTX/LIB/GCC/libRTX_CM4.a(rt_mutex.o)
                              C:/ProgramData/MATLAB/SupportPackages/R2020a/3P.instrset/cmsis.instrset/CMSIS/RTOS/RTX/LIB/GCC/libRTX_CM4.a(rt_cmsis.o) (rt_mut_init)
C:/ProgramData/MATLAB/SupportPackages/R2020a/3P.instrset/cmsis.instrset/CMSIS/RTOS/RTX/LIB/GCC/libRTX_CM4.a(rt_time.o)
                              C:/ProgramData/MATLAB/SupportPackages/R2020a/3P.instrset/cmsis.instrset/CMSIS/RTOS/RTX/LIB/GCC/libRTX_CM4.a(rt_cmsis.o) (os_time)
C:/ProgramData/MATLAB/SupportPackages/R2020a/3P.instrset/cmsis.instrset/CMSIS/RTOS/RTX/LIB/GCC/libRTX_CM4.a(rt_semaphore.o)
                              C:/ProgramData/MATLAB/SupportPackages/R2020a/3P.instrset/cmsis.instrset/CMSIS/RTOS/RTX/LIB/GCC/libRTX_CM4.a(rt_cmsis.o) (rt_sem_init)
C:/ProgramData/MATLAB/SupportPackages/R2020a/3P.instrset/cmsis.instrset/CMSIS/RTOS/RTX/LIB/GCC/libRTX_CM4.a(rt_mailbox.o)
                              C:/ProgramData/MATLAB/SupportPackages/R2020a/3P.instrset/cmsis.instrset/CMSIS/RTOS/RTX/LIB/GCC/libRTX_CM4.a(rt_cmsis.o) (rt_mbx_init)
C:/ProgramData/MATLAB/SupportPackages/R2020a/3P.instrset/cmsis.instrset/CMSIS/RTOS/RTX/LIB/GCC/libRTX_CM4.a(rt_list.o)
                              C:/ProgramData/MATLAB/SupportPackages/R2020a/3P.instrset/cmsis.instrset/CMSIS/RTOS/RTX/LIB/GCC/libRTX_CM4.a(rt_cmsis.o) (rt_put_prio)
C:/ProgramData/MATLAB/SupportPackages/R2020a/3P.instrset/cmsis.instrset/CMSIS/RTOS/RTX/LIB/GCC/libRTX_CM4.a(rt_event.o)
                              C:/ProgramData/MATLAB/SupportPackages/R2020a/3P.instrset/cmsis.instrset/CMSIS/RTOS/RTX/LIB/GCC/libRTX_CM4.a(rt_cmsis.o) (rt_evt_wait)
C:/ProgramData/MATLAB/SupportPackages/R2020a/3P.instrset/cmsis.instrset/CMSIS/RTOS/RTX/LIB/GCC/libRTX_CM4.a(rt_system.o)
                              C:/ProgramData/MATLAB/SupportPackages/R2020a/3P.instrset/cmsis.instrset/CMSIS/RTOS/RTX/LIB/GCC/libRTX_CM4.a(rt_cmsis.o) (rt_suspend)
C:/ProgramData/MATLAB/SupportPackages/R2020a/3P.instrset/cmsis.instrset/CMSIS/RTOS/RTX/LIB/GCC/libRTX_CM4.a(rt_task.o)
                              C:/ProgramData/MATLAB/SupportPackages/R2020a/3P.instrset/cmsis.instrset/CMSIS/RTOS/RTX/LIB/GCC/libRTX_CM4.a(rt_system.o) (rt_switch_req)
C:/ProgramData/MATLAB/SupportPackages/R2020a/3P.instrset/cmsis.instrset/CMSIS/RTOS/RTX/LIB/GCC/libRTX_CM4.a(hal_cm4.o)
                              C:/ProgramData/MATLAB/SupportPackages/R2020a/3P.instrset/cmsis.instrset/CMSIS/RTOS/RTX/LIB/GCC/libRTX_CM4.a(rt_task.o) (rt_get_PSP)
C:/ProgramData/MATLAB/SupportPackages/R2020a/3P.instrset/cmsis.instrset/CMSIS/RTOS/RTX/LIB/GCC/libRTX_CM4.a(svc_table.o)
                              C:/ProgramData/MATLAB/SupportPackages/R2020a/3P.instrset/cmsis.instrset/CMSIS/RTOS/RTX/LIB/GCC/libRTX_CM4.a(hal_cm4.o) (SVC_Table)
C:/ProgramData/MATLAB/SupportPackages/R2020a/3P.instrset/cmsis.instrset/CMSIS/RTOS/RTX/LIB/GCC/libRTX_CM4.a(rt_robin.o)
                              C:/ProgramData/MATLAB/SupportPackages/R2020a/3P.instrset/cmsis.instrset/CMSIS/RTOS/RTX/LIB/GCC/libRTX_CM4.a(rt_system.o) (os_robin)
C:/ProgramData/MATLAB/SupportPackages/R2020a/toolbox/target/supportpackages/freedomk64f/src/ksdk_armgcc_lib/bm/libksdk_platform.a(fsl_os_abstraction_bm.o)
                              hardware_init.o (OSA_Init)
C:/ProgramData/MATLAB/SupportPackages/R2020a/toolbox/target/supportpackages/freedomk64f/src/ksdk_armgcc_lib/bm/libksdk_platform.a(fsl_clock_manager.o)
                              board.o (CLOCK_SYS_OscInit)
C:/ProgramData/MATLAB/SupportPackages/R2020a/toolbox/target/supportpackages/freedomk64f/src/ksdk_armgcc_lib/bm/libksdk_platform.a(fsl_clock_manager_common.o)
                              C:/ProgramData/MATLAB/SupportPackages/R2020a/toolbox/target/supportpackages/freedomk64f/src/ksdk_armgcc_lib/bm/libksdk_platform.a(fsl_clock_manager.o) (g_oscBase)
[...]
Memory Configuration

Name             Origin             Length             Attributes
m_interrupts     0x00000000         0x00000400         xr
m_flash_config   0x00000400         0x00000010         xr
m_text           0x00000410         0x000ffbf0         xr
m_data_2         0x1fff0000         0x00010000         rw
m_data           0x20000000         0x00030000         rw
*default*        0x00000000         0xffffffff

Linker script and memory map

LOAD c:/progra~3/matlab/suppor~1/r2020a/3p778c~1.ins/gnuarm~1.ins/win/bin/../lib/gcc/arm-none-eabi/7.2.1/thumb/v7e-m/fpv4-sp/hard/crti.o
LOAD c:/progra~3/matlab/suppor~1/r2020a/3p778c~1.ins/gnuarm~1.ins/win/bin/../lib/gcc/arm-none-eabi/7.2.1/thumb/v7e-m/fpv4-sp/hard/crtbegin.o
LOAD c:/progra~3/matlab/suppor~1/r2020a/3p778c~1.ins/gnuarm~1.ins/win/bin/../lib/gcc/arm-none-eabi/7.2.1/../../../../arm-none-eabi/lib/thumb/v7e-m/fpv4-sp/hard/crt0.o
LOAD Assignment1.o
LOAD Assignment1_data.o
LOAD MW_AnalogInput.o
LOAD MW_PWM.o
LOAD MW_digitalIO.o
LOAD RTX_Conf_CM.o
LOAD board.o
LOAD cmsis_rtos_init.o
LOAD ert_main.o
LOAD fsl_edma_irq.o
LOAD fsl_misc_utilities.o
LOAD fsl_uart_irq.o
LOAD hardware_init.o
LOAD irq_stub.o
LOAD mw_sdk_interface.o
LOAD mw_semaphore.o
LOAD mw_signal.o
LOAD mw_thread.o
LOAD mw_timer.o
LOAD pin_mux.o
LOAD sbrk.o
LOAD startup.o
LOAD startup_MK64F12.o
LOAD system_MK64F12.o
LOAD C:/ProgramData/MATLAB/SupportPackages/R2020a/3P.instrset/cmsis.instrset/CMSIS/Lib/GCC/libarm_cortexM4lf_math.a
LOAD C:/ProgramData/MATLAB/SupportPackages/R2020a/3P.instrset/cmsis.instrset/CMSIS/RTOS/RTX/LIB/GCC/libRTX_CM4.a
LOAD C:/ProgramData/MATLAB/SupportPackages/R2020a/toolbox/target/supportpackages/freedomk64f/src/ksdk_armgcc_lib/bm/libksdk_platform.a
LOAD c:/progra~3/matlab/suppor~1/r2020a/3p778c~1.ins/gnuarm~1.ins/win/bin/../lib/gcc/arm-none-eabi/7.2.1/../../../../arm-none-eabi/lib/thumb/v7e-m/fpv4-sp/hard\libstdc++.a
LOAD c:/progra~3/matlab/suppor~1/r2020a/3p778c~1.ins/gnuarm~1.ins/win/bin/../lib/gcc/arm-none-eabi/7.2.1/../../../../arm-none-eabi/lib/thumb/v7e-m/fpv4-sp/hard\libm.a
START GROUP
LOAD c:/progra~3/matlab/suppor~1/r2020a/3p778c~1.ins/gnuarm~1.ins/win/bin/../lib/gcc/arm-none-eabi/7.2.1/thumb/v7e-m/fpv4-sp/hard\libgcc.a
LOAD c:/progra~3/matlab/suppor~1/r2020a/3p778c~1.ins/gnuarm~1.ins/win/bin/../lib/gcc/arm-none-eabi/7.2.1/../../../../arm-none-eabi/lib/thumb/v7e-m/fpv4-sp/hard\libg.a
LOAD c:/progra~3/matlab/suppor~1/r2020a/3p778c~1.ins/gnuarm~1.ins/win/bin/../lib/gcc/arm-none-eabi/7.2.1/../../../../arm-none-eabi/lib/thumb/v7e-m/fpv4-sp/hard\libc.a
END GROUP
START GROUP
LOAD c:/progra~3/matlab/suppor~1/r2020a/3p778c~1.ins/gnuarm~1.ins/win/bin/../lib/gcc/arm-none-eabi/7.2.1/thumb/v7e-m/fpv4-sp/hard\libgcc.a
LOAD c:/progra~3/matlab/suppor~1/r2020a/3p778c~1.ins/gnuarm~1.ins/win/bin/../lib/gcc/arm-none-eabi/7.2.1/../../../../arm-none-eabi/lib/thumb/v7e-m/fpv4-sp/hard\libc.a
LOAD c:/progra~3/matlab/suppor~1/r2020a/3p778c~1.ins/gnuarm~1.ins/win/bin/../lib/gcc/arm-none-eabi/7.2.1/../../../../arm-none-eabi/lib/thumb/v7e-m/fpv4-sp/hard\libnosys.a
END GROUP
LOAD c:/progra~3/matlab/suppor~1/r2020a/3p778c~1.ins/gnuarm~1.ins/win/bin/../lib/gcc/arm-none-eabi/7.2.1/thumb/v7e-m/fpv4-sp/hard/crtend.o
LOAD c:/progra~3/matlab/suppor~1/r2020a/3p778c~1.ins/gnuarm~1.ins/win/bin/../lib/gcc/arm-none-eabi/7.2.1/thumb/v7e-m/fpv4-sp/hard/crtn.o
                0x00000400                HEAP_SIZE = DEFINED (__heap_size__)?__heap_size__:0x400
                0x00000400                STACK_SIZE = DEFINED (__stack_size__)?__stack_size__:0x400
                0x00000000                M_VECTOR_RAM_SIZE = DEFINED (__ram_vector_table__)?0x400:0x0

.interrupts     0x00000000      0x400
                0x00000000                __VECTOR_TABLE = .
                0x00000000                . = ALIGN (0x4)
 *(.isr_vector)
 .isr_vector    0x00000000      0x400 startup_MK64F12.o
                0x00000000                __isr_vector
                0x00000400                . = ALIGN (0x4)

.flash_config   0x00000400       0x10
                0x00000400                . = ALIGN (0x4)
 *(.FlashConfig)
 .FlashConfig   0x00000400       0x10 startup_MK64F12.o
                0x00000410                . = ALIGN (0x4)

.text           0x00000440     0xc108
                0x00000440                . = ALIGN (0x4)
 *(.text)
 .text          0x00000440       0x40 c:/progra~3/matlab/suppor~1/r2020a/3p778c~1.ins/gnuarm~1.ins/win/bin/../lib/gcc/arm-none-eabi/7.2.1/thumb/v7e-m/fpv4-sp/hard/crtbegin.o
 .text          0x00000480       0x74 c:/progra~3/matlab/suppor~1/r2020a/3p778c~1.ins/gnuarm~1.ins/win/bin/../lib/gcc/arm-none-eabi/7.2.1/../../../../arm-none-eabi/lib/thumb/v7e-m/fpv4-sp/hard/crt0.o
                0x00000480                _start
                0x00000480                _mainCRTStartup
 .text          0x000004f4       0x14 startup_MK64F12.o
                0x000004f4                Reset_Handler
                0x00000504                ENET_Receive_IRQHandler
                0x00000504                ENET_1588_Timer_IRQHandler
                0x00000504                DefaultISR
                0x00000504                PIT2_IRQHandler
                0x00000504                PIT0_IRQHandler
                0x00000504                ENET_Error_IRQHandler
                0x00000504                PIT3_IRQHandler
                0x00000504                SDHC_IRQHandler
                0x00000504                ENET_Transmit_IRQHandler
                0x00000504                PIT1_IRQHandler
 .text          0x00000508      0x198 C:/ProgramData/MATLAB/SupportPackages/R2020a/3P.instrset/cmsis.instrset/CMSIS/RTOS/RTX/LIB/GCC/libRTX_CM4.a(hal_cm4.o)
                0x00000508                rt_set_PSP
                0x0000050e                rt_get_PSP
                0x00000514                os_set_env
                0x0000052c                _alloc_box
                0x00000548                _free_box
                0x00000564                SVC_Handler
                0x0000060a                PendSV_Handler
                0x00000610                Sys_Switch
                0x0000066a                SysTick_Handler
                0x00000674                OS_Tick_Handler
 .text          0x000006a0      0x378 c:/progra~3/matlab/suppor~1/r2020a/3p778c~1.ins/gnuarm~1.ins/win/bin/../lib/gcc/arm-none-eabi/7.2.1/thumb/v7e-m/fpv4-sp/hard\libgcc.a(_arm_addsubdf3.o)
                0x000006a0                __aeabi_drsub
                0x000006a8                __aeabi_dsub
                0x000006a8                __subdf3
                0x000006ac                __aeabi_dadd
                0x000006ac                __adddf3
                0x00000924                __floatunsidf
                0x00000924                __aeabi_ui2d
                0x00000944                __floatsidf
                0x00000944                __aeabi_i2d
                0x00000968                __aeabi_f2d
                0x00000968                __extendsfdf2
                0x000009ac                __floatundidf
                0x000009ac                __aeabi_ul2d
                0x000009bc                __floatdidf
                0x000009bc                __aeabi_l2d
 .text          0x00000a18      0x424 c:/progra~3/matlab/suppor~1/r2020a/3p778c~1.ins/gnuarm~1.ins/win/bin/../lib/gcc/arm-none-eabi/7.2.1/thumb/v7e-m/fpv4-sp/hard\libgcc.a(_arm_muldivdf3.o)
                0x00000a18                __aeabi_dmul
                0x00000a18                __muldf3
                0x00000c6c                __divdf3
                0x00000c6c                __aeabi_ddiv
 .text          0x00000e3c      0x110 c:/progra~3/matlab/suppor~1/r2020a/3p778c~1.ins/gnuarm~1.ins/win/bin/../lib/gcc/arm-none-eabi/7.2.1/thumb/v7e-m/fpv4-sp/hard\libgcc.a(_arm_cmpdf2.o)
                0x00000e3c                __gtdf2
                0x00000e3c                __gedf2
                0x00000e44                __ltdf2
                0x00000e44                __ledf2
                0x00000e4c                __nedf2
                0x00000e4c                __eqdf2
                0x00000e4c                __cmpdf2
                0x00000ec8                __aeabi_cdrcmple
                0x00000ed8                __aeabi_cdcmpeq
                0x00000ed8                __aeabi_cdcmple
                0x00000ee8                __aeabi_dcmpeq
                0x00000efc                __aeabi_dcmplt
                0x00000f10                __aeabi_dcmple
                0x00000f24                __aeabi_dcmpge
                0x00000f38                __aeabi_dcmpgt
 .text          0x00000f4c       0x40 c:/progra~3/matlab/suppor~1/r2020a/3p778c~1.ins/gnuarm~1.ins/win/bin/../lib/gcc/arm-none-eabi/7.2.1/thumb/v7e-m/fpv4-sp/hard\libgcc.a(_arm_fixunsdfsi.o)
                0x00000f4c                __aeabi_d2uiz
                0x00000f4c                __fixunsdfsi
 .text          0x00000f8c       0x30 c:/progra~3/matlab/suppor~1/r2020a/3p778c~1.ins/gnuarm~1.ins/win/bin/../lib/gcc/arm-none-eabi/7.2.1/thumb/v7e-m/fpv4-sp/hard\libgcc.a(_aeabi_uldivmod.o)
                0x00000f8c                __aeabi_uldivmod
 .text          0x00000fbc      0x2cc c:/progra~3/matlab/suppor~1/r2020a/3p778c~1.ins/gnuarm~1.ins/win/bin/../lib/gcc/arm-none-eabi/7.2.1/thumb/v7e-m/fpv4-sp/hard\libgcc.a(_udivmoddi4.o)
                0x00000fbc                __udivmoddi4
 .text          0x00001288      0x9ec c:/progra~3/matlab/suppor~1/r2020a/3p778c~1.ins/gnuarm~1.ins/win/bin/../lib/gcc/arm-none-eabi/7.2.1/thumb/v7e-m/fpv4-sp/hard\libgcc.a(unwind-arm.o)
                0x0000153c                _Unwind_GetCFA
                0x00001540                __gnu_Unwind_RaiseException
                0x000015a0                __gnu_Unwind_ForcedUnwind
                0x000015b4                __gnu_Unwind_Resume
                0x000015f8                __gnu_Unwind_Resume_or_Rethrow
                0x00001608                _Unwind_Complete
                0x0000160c                _Unwind_DeleteException
                0x00001618                _Unwind_VRS_Get
                0x0000165c                _Unwind_VRS_Set
                0x000016a4                __gnu_Unwind_Backtrace
                0x000019e8                __aeabi_unwind_cpp_pr0
                0x000019ec                __aeabi_unwind_cpp_pr1
                0x000019f0                __aeabi_unwind_cpp_pr2
                0x000019f4                _Unwind_VRS_Pop
 .text          0x00001c74      0x1ac c:/progra~3/matlab/suppor~1/r2020a/3p778c~1.ins/gnuarm~1.ins/win/bin/../lib/gcc/arm-none-eabi/7.2.1/thumb/v7e-m/fpv4-sp/hard\libgcc.a(libunwind.o)
                0x00001c74                __restore_core_regs
                0x00001c74                restore_core_regs
                0x00001c8c                __gnu_Unwind_Restore_VFP
                0x00001c94                __gnu_Unwind_Save_VFP
                0x00001c9c                __gnu_Unwind_Restore_VFP_D
                0x00001ca4                __gnu_Unwind_Save_VFP_D
                0x00001cac                __gnu_Unwind_Restore_VFP_D_16_to_31
                0x00001cb4                __gnu_Unwind_Save_VFP_D_16_to_31
                0x00001cbc                __gnu_Unwind_Restore_WMMXD
                0x00001d00                __gnu_Unwind_Save_WMMXD
                0x00001d44                __gnu_Unwind_Restore_WMMXC
                0x00001d58                __gnu_Unwind_Save_WMMXC
                0x00001d6c                ___Unwind_RaiseException
                0x00001d6c                _Unwind_RaiseException
                0x00001d90                _Unwind_Resume
                0x00001d90                ___Unwind_Resume
                0x00001db4                _Unwind_Resume_or_Rethrow
                0x00001db4                ___Unwind_Resume_or_Rethrow
                0x00001dd8                _Unwind_ForcedUnwind
                0x00001dd8                ___Unwind_ForcedUnwind
                0x00001dfc                ___Unwind_Backtrace
                0x00001dfc                _Unwind_Backtrace
 .text          0x00001e20      0x374 c:/progra~3/matlab/suppor~1/r2020a/3p778c~1.ins/gnuarm~1.ins/win/bin/../lib/gcc/arm-none-eabi/7.2.1/thumb/v7e-m/fpv4-sp/hard\libgcc.a(pr-support.o)
                0x00001e78                __gnu_unwind_execute
                0x0000213c                __gnu_unwind_frame
                0x00002164                _Unwind_GetRegionStart
                0x00002170                _Unwind_GetLanguageSpecificData
                0x00002184                _Unwind_GetDataRelBase
                0x0000218c                _Unwind_GetTextRelBase
 .text          0x00002194        0x4 c:/progra~3/matlab/suppor~1/r2020a/3p778c~1.ins/gnuarm~1.ins/win/bin/../lib/gcc/arm-none-eabi/7.2.1/thumb/v7e-m/fpv4-sp/hard\libgcc.a(_dvmd_tls.o)
                0x00002194                __aeabi_idiv0
                0x00002194                __aeabi_ldiv0
 .text          0x00002198      0x134 c:/progra~3/matlab/suppor~1/r2020a/3p778c~1.ins/gnuarm~1.ins/win/bin/../lib/gcc/arm-none-eabi/7.2.1/../../../../arm-none-eabi/lib/thumb/v7e-m/fpv4-sp/hard\libg.a(lib_a-memcpy.o)
                0x00002198                memcpy
 *fill*         0x000022cc        0x4 
 .text          0x000022d0       0xa0 c:/progra~3/matlab/suppor~1/r2020a/3p778c~1.ins/gnuarm~1.ins/win/bin/../lib/gcc/arm-none-eabi/7.2.1/../../../../arm-none-eabi/lib/thumb/v7e-m/fpv4-sp/hard\libg.a(lib_a-memchr.o)
                0x000022d0                memchr
 *fill*         0x00002370       0x10 
 .text          0x00002380       0xdc c:/progra~3/matlab/suppor~1/r2020a/3p778c~1.ins/gnuarm~1.ins/win/bin/../lib/gcc/arm-none-eabi/7.2.1/../../../../arm-none-eabi/lib/thumb/v7e-m/fpv4-sp/hard\libg.a(lib_a-strlen.o)
                0x00002380                strlen
 *(.text*)
 .text.Assignment1_APWLimiter
                0x0000245c       0x70 Assignment1.o
                0x0000245c                Assignment1_APWLimiter
 .text.Assignment1_ARPLimiter
                0x000024cc       0x70 Assignment1.o
                0x000024cc                Assignment1_ARPLimiter
 .text.Assignm_enter_atomic_AOO_Charge
                0x0000253c       0xb0 Assignment1.o
 *fill*         0x000025ec        0x4 
 .text.Assignment1_AAI
                0x000025f0      0x380 Assignment1.o
 .text.Assignment1_AOO
                0x00002970      0x2a8 Assignment1.o
 .text.Assignm_enter_atomic_VOO_Charge
                0x00002c18       0xb0 Assignment1.o
 .text.Assign_SystemCore_release_j3b1w
                0x00002cc8       0x2a Assignment1.o
 .text.Assignm_SystemCore_delete_j3b1w
                0x00002cf2       0x16 Assignment1.o
 .text.matlabCodegenHandle_matla_j3b1w
                0x00002d08       0x24 Assignment1.o
 .text.Assi_SystemCore_release_j3b1wei
                0x00002d2c       0x2a Assignment1.o
 .text.Assig_SystemCore_delete_j3b1wei
                0x00002d56       0x16 Assignment1.o
 .text.matlabCodegenHandle_mat_j3b1wei
                0x00002d6c       0x24 Assignment1.o
 .text.SystemCore_relea_j3b1wei5ggv3l5
                0x00002d90       0x34 Assignment1.o
 .text.SystemCore_delet_j3b1wei5ggv3l5
                0x00002dc4       0x16 Assignment1.o
 .text.matlabCodegenHan_j3b1wei5ggv3l5
                0x00002dda       0x24 Assignment1.o
 .text.Assignment1_SystemCore_release
                0x00002dfe       0x34 Assignment1.o
 .text.Assignment1_SystemCore_delete
                0x00002e32       0x16 Assignment1.o
 .text.matlabCodegenHandle_matlabCodeg
                0x00002e48       0x24 Assignment1.o
 *fill*         0x00002e6c        0x4 
 .text.Assignment1_step
                0x00002e70      0xe6c Assignment1.o
                0x00002e70                Assignment1_step
 *fill*         0x00003cdc        0x4 
 .text.Assignment1_initialize
                0x00003ce0      0x688 Assignment1.o
                0x00003ce0                Assignment1_initialize
 .text.Assignment1_terminate
                0x00004368       0xc8 Assignment1.o
                0x00004368                Assignment1_terminate
 .text.MW_AnalogInSingle_Open
                0x00004430       0xa8 MW_AnalogInput.o
                0x00004430                MW_AnalogInSingle_Open
 .text.MW_AnalogIn_SetTriggerSource
                0x000044d8       0x1a MW_AnalogInput.o
                0x000044d8                MW_AnalogIn_SetTriggerSource
 *fill*         0x000044f2        0x6 
 .text.MW_AnalogInSingle_ReadResult
                0x000044f8       0xb8 MW_AnalogInput.o
                0x000044f8                MW_AnalogInSingle_ReadResult
 .text.MW_AnalogIn_Start
                0x000045b0       0x14 MW_AnalogInput.o
                0x000045b0                MW_AnalogIn_Start
 .text.MW_AnalogIn_Stop
                0x000045c4       0x14 MW_AnalogInput.o
                0x000045c4                MW_AnalogIn_Stop
 .text.MW_AnalogIn_Close
                0x000045d8       0x14 MW_AnalogInput.o
                0x000045d8                MW_AnalogIn_Close
 .text.PORT_HAL_SetMuxMode
                0x000045ec       0x58 MW_PWM.o
 .text.FTM_HAL_SetClockSource
                0x00004644       0x2e MW_PWM.o
 *fill*         0x00004672        0x2 
 .text.MW_PWM_Open
                0x00004674      0x164 MW_PWM.o
                0x00004674                MW_PWM_Open
 .text.MW_PWM_Start
                0x000047d8       0x14 MW_PWM.o
                0x000047d8                MW_PWM_Start
 .text.MW_PWM_SetDutyCycle
                0x000047ec       0x7c MW_PWM.o
                0x000047ec                MW_PWM_SetDutyCycle
 .text.MW_PWM_Stop
                0x00004868       0x2c MW_PWM.o
                0x00004868                MW_PWM_Stop
 .text.MW_PWM_Close
                0x00004894       0x14 MW_PWM.o
                0x00004894                MW_PWM_Close
 .text.MW_digitalIO_open
                0x000048a8       0xe0 MW_digitalIO.o
                0x000048a8                MW_digitalIO_open
 .text.MW_digitalIO_read
                0x00004988       0x70 MW_digitalIO.o
                0x00004988                MW_digitalIO_read
 .text.MW_digitalIO_write
                0x000049f8       0x7e MW_digitalIO.o
                0x000049f8                MW_digitalIO_write
 .text.MW_digitalIO_close
                0x00004a76       0x3c MW_digitalIO.o
                0x00004a76                MW_digitalIO_close
 .text.os_idle_demon
                0x00004ab2        0x6 RTX_Conf_CM.o
                0x00004ab2                os_idle_demon
 .text.os_error
                0x00004ab8       0x2c RTX_Conf_CM.o
                0x00004ab8                os_error
 .text.rt_init_robin
                0x00004ae4        0x2 RTX_Conf_CM.o
                0x00004ae4                rt_init_robin
 .text.rt_chk_robin
                0x00004ae6        0x2 RTX_Conf_CM.o
                0x00004ae6                rt_chk_robin
 .text.software_init_hook
                0x00004ae8       0x34 RTX_Conf_CM.o
                0x00004ae8                software_init_hook
 .text.PORT_HAL_SetMuxMode
                0x00004b1c       0x58 board.o
 .text.SMC_HAL_SetProtection
                0x00004b74       0x1e board.o
 *fill*         0x00004b92        0x2 
 .text.BOARD_InitOsc0
                0x00004b94       0x30 board.o
                0x00004b94                BOARD_InitOsc0
 .text.BOARD_InitRtcOsc
                0x00004bc4       0x28 board.o
                0x00004bc4                BOARD_InitRtcOsc
 .text.BOARD_ClockInit
                0x00004bec       0x34 board.o
                0x00004bec                BOARD_ClockInit
 .text.schedulerTask
                0x00004c20       0x1c cmsis_rtos_init.o
                0x00004c20                schedulerTask
 .text.mw_initSignalEvents
                0x00004c3c       0x40 cmsis_rtos_init.o
                0x00004c3c                mw_initSignalEvents
 .text.mw_RTOSInit
                0x00004c7c       0x8c cmsis_rtos_init.o
                0x00004c7c                mw_RTOSInit
 .text.baseRateTask
                0x00004d08       0x7c ert_main.o
                0x00004d08                baseRateTask
 .text.terminateTask
                0x00004d84       0x34 ert_main.o
                0x00004d84                terminateTask
 .text.main     0x00004db8       0x48 ert_main.o
                0x00004db8                main
 .text.DMA0_IRQHandler
                0x00004e00        0xe fsl_edma_irq.o
                0x00004e00                DMA0_IRQHandler
 .text.DMA1_IRQHandler
                0x00004e0e        0xe fsl_edma_irq.o
                0x00004e0e                DMA1_IRQHandler
 .text.DMA2_IRQHandler
                0x00004e1c        0xe fsl_edma_irq.o
                0x00004e1c                DMA2_IRQHandler
 .text.DMA3_IRQHandler
                0x00004e2a        0xe fsl_edma_irq.o
                0x00004e2a                DMA3_IRQHandler
 .text.DMA4_IRQHandler
                0x00004e38        0xe fsl_edma_irq.o
                0x00004e38                DMA4_IRQHandler
 .text.DMA5_IRQHandler
                0x00004e46        0xe fsl_edma_irq.o
                0x00004e46                DMA5_IRQHandler
 .text.DMA6_IRQHandler
                0x00004e54        0xe fsl_edma_irq.o
                0x00004e54                DMA6_IRQHandler
 .text.DMA7_IRQHandler
                0x00004e62        0xe fsl_edma_irq.o
                0x00004e62                DMA7_IRQHandler
 .text.DMA8_IRQHandler
                0x00004e70        0xe fsl_edma_irq.o
                0x00004e70                DMA8_IRQHandler
 .text.DMA9_IRQHandler
                0x00004e7e        0xe fsl_edma_irq.o
                0x00004e7e                DMA9_IRQHandler
 .text.DMA10_IRQHandler
                0x00004e8c        0xe fsl_edma_irq.o
                0x00004e8c                DMA10_IRQHandler
 .text.DMA11_IRQHandler
                0x00004e9a        0xe fsl_edma_irq.o
                0x00004e9a                DMA11_IRQHandler
 .text.DMA12_IRQHandler
                0x00004ea8        0xe fsl_edma_irq.o
                0x00004ea8                DMA12_IRQHandler
 .text.DMA13_IRQHandler
                0x00004eb6        0xe fsl_edma_irq.o
                0x00004eb6                DMA13_IRQHandler
 .text.DMA14_IRQHandler
                0x00004ec4        0xe fsl_edma_irq.o
                0x00004ec4                DMA14_IRQHandler
 .text.DMA15_IRQHandler
                0x00004ed2        0xe fsl_edma_irq.o
                0x00004ed2                DMA15_IRQHandler
 .text.DMA_Error_IRQHandler
                0x00004ee0        0xe fsl_edma_irq.o
                0x00004ee0                DMA_Error_IRQHandler
 .text.UART0_RX_TX_IRQHandler
                0x00004eee        0xe fsl_uart_irq.o
                0x00004eee                UART0_RX_TX_IRQHandler
 .text.UART1_RX_TX_IRQHandler
                0x00004efc        0xe fsl_uart_irq.o
                0x00004efc                UART1_RX_TX_IRQHandler
 .text.UART2_RX_TX_IRQHandler
                0x00004f0a        0xe fsl_uart_irq.o
                0x00004f0a                UART2_RX_TX_IRQHandler
 .text.UART3_RX_TX_IRQHandler
                0x00004f18        0xe fsl_uart_irq.o
                0x00004f18                UART3_RX_TX_IRQHandler
 .text.UART4_RX_TX_IRQHandler
                0x00004f26        0xe fsl_uart_irq.o
                0x00004f26                UART4_RX_TX_IRQHandler
 .text.UART5_RX_TX_IRQHandler
                0x00004f34        0xe fsl_uart_irq.o
                0x00004f34                UART5_RX_TX_IRQHandler
 .text.hardware_init
                0x00004f42       0x30 hardware_init.o
                0x00004f42                hardware_init
 .text.NMI_Handler
                0x00004f72        0x6 irq_stub.o
                0x00004f72                NMI_Handler
 .text.HardFault_Handler
                0x00004f78        0x6 irq_stub.o
                0x00004f78                HardFault_Handler
 .text.MemManage_Handler
                0x00004f7e        0x6 irq_stub.o
                0x00004f7e                MemManage_Handler
 .text.BusFault_Handler
                0x00004f84        0x6 irq_stub.o
                0x00004f84                BusFault_Handler
 .text.UsageFault_Handler
                0x00004f8a        0x6 irq_stub.o
                0x00004f8a                UsageFault_Handler
 .text.DebugMon_Handler
                0x00004f90        0x6 irq_stub.o
                0x00004f90                DebugMon_Handler
 .text.MCM_IRQHandler
                0x00004f96        0x6 irq_stub.o
                0x00004f96                MCM_IRQHandler
 .text.FTFE_IRQHandler
                0x00004f9c        0x6 irq_stub.o
                0x00004f9c                FTFE_IRQHandler
 .text.Read_Collision_IRQHandler
                0x00004fa2        0x6 irq_stub.o
                0x00004fa2                Read_Collision_IRQHandler
 .text.LVD_LVW_IRQHandler
                0x00004fa8        0x6 irq_stub.o
                0x00004fa8                LVD_LVW_IRQHandler
 .text.LLWU_IRQHandler
                0x00004fae        0x6 irq_stub.o
                0x00004fae                LLWU_IRQHandler
 .text.WDOG_EWM_IRQHandler
                0x00004fb4        0x6 irq_stub.o
                0x00004fb4                WDOG_EWM_IRQHandler
 .text.RNG_IRQHandler
                0x00004fba        0x6 irq_stub.o
                0x00004fba                RNG_IRQHandler
 .text.I2C0_IRQHandler
                0x00004fc0        0x6 irq_stub.o
                0x00004fc0                I2C0_IRQHandler
 .text.I2C1_IRQHandler
                0x00004fc6        0x6 irq_stub.o
                0x00004fc6                I2C1_IRQHandler
 .text.SPI0_IRQHandler
                0x00004fcc        0x6 irq_stub.o
                0x00004fcc                SPI0_IRQHandler
 .text.SPI1_IRQHandler
                0x00004fd2        0x6 irq_stub.o
                0x00004fd2                SPI1_IRQHandler
 .text.I2S0_Tx_IRQHandler
                0x00004fd8        0x6 irq_stub.o
                0x00004fd8                I2S0_Tx_IRQHandler
 .text.I2S0_Rx_IRQHandler
                0x00004fde        0x6 irq_stub.o
                0x00004fde                I2S0_Rx_IRQHandler
 .text.UART0_LON_IRQHandler
                0x00004fe4        0x6 irq_stub.o
                0x00004fe4                UART0_LON_IRQHandler
 .text.UART0_ERR_IRQHandler
                0x00004fea        0x6 irq_stub.o
                0x00004fea                UART0_ERR_IRQHandler
 .text.UART1_ERR_IRQHandler
                0x00004ff0        0x6 irq_stub.o
                0x00004ff0                UART1_ERR_IRQHandler
 .text.UART2_ERR_IRQHandler
                0x00004ff6        0x6 irq_stub.o
                0x00004ff6                UART2_ERR_IRQHandler
 .text.UART3_ERR_IRQHandler
                0x00004ffc        0x6 irq_stub.o
                0x00004ffc                UART3_ERR_IRQHandler
 .text.ADC0_IRQHandler
                0x00005002        0x6 irq_stub.o
                0x00005002                ADC0_IRQHandler
 .text.CMP0_IRQHandler
                0x00005008        0x6 irq_stub.o
                0x00005008                CMP0_IRQHandler
 .text.CMP1_IRQHandler
                0x0000500e        0x6 irq_stub.o
                0x0000500e                CMP1_IRQHandler
 .text.FTM0_IRQHandler
                0x00005014        0x6 irq_stub.o
                0x00005014                FTM0_IRQHandler
 .text.FTM1_IRQHandler
                0x0000501a        0x6 irq_stub.o
                0x0000501a                FTM1_IRQHandler
 .text.FTM2_IRQHandler
                0x00005020        0x6 irq_stub.o
                0x00005020                FTM2_IRQHandler
 .text.CMT_IRQHandler
                0x00005026        0x6 irq_stub.o
                0x00005026                CMT_IRQHandler
 .text.RTC_IRQHandler
                0x0000502c        0x6 irq_stub.o
                0x0000502c                RTC_IRQHandler
 .text.RTC_Seconds_IRQHandler
                0x00005032        0x6 irq_stub.o
                0x00005032                RTC_Seconds_IRQHandler
 .text.PDB0_IRQHandler
                0x00005038        0x6 irq_stub.o
                0x00005038                PDB0_IRQHandler
 .text.USB0_IRQHandler
                0x0000503e        0x6 irq_stub.o
                0x0000503e                USB0_IRQHandler
 .text.USBDCD_IRQHandler
                0x00005044        0x6 irq_stub.o
                0x00005044                USBDCD_IRQHandler
 .text.Reserved71_IRQHandler
                0x0000504a        0x6 irq_stub.o
                0x0000504a                Reserved71_IRQHandler
 .text.DAC0_IRQHandler
                0x00005050        0x6 irq_stub.o
                0x00005050                DAC0_IRQHandler
 .text.MCG_IRQHandler
                0x00005056        0x6 irq_stub.o
                0x00005056                MCG_IRQHandler
 .text.LPTMR0_IRQHandler
                0x0000505c        0x6 irq_stub.o
                0x0000505c                LPTMR0_IRQHandler
 .text.PORTA_IRQHandler
                0x00005062        0x6 irq_stub.o
                0x00005062                PORTA_IRQHandler
 .text.PORTB_IRQHandler
                0x00005068        0x6 irq_stub.o
                0x00005068                PORTB_IRQHandler
 .text.PORTC_IRQHandler
                0x0000506e        0x6 irq_stub.o
                0x0000506e                PORTC_IRQHandler
 .text.PORTD_IRQHandler
                0x00005074        0x6 irq_stub.o
                0x00005074                PORTD_IRQHandler
 .text.PORTE_IRQHandler
                0x0000507a        0x6 irq_stub.o
                0x0000507a                PORTE_IRQHandler
 .text.SWI_IRQHandler
                0x00005080        0x6 irq_stub.o
                0x00005080                SWI_IRQHandler
 .text.SPI2_IRQHandler
                0x00005086        0x6 irq_stub.o
                0x00005086                SPI2_IRQHandler
 .text.UART4_ERR_IRQHandler
                0x0000508c        0x6 irq_stub.o
                0x0000508c                UART4_ERR_IRQHandler
 .text.UART5_ERR_IRQHandler
                0x00005092        0x6 irq_stub.o
                0x00005092                UART5_ERR_IRQHandler
 .text.CMP2_IRQHandler
                0x00005098        0x6 irq_stub.o
                0x00005098                CMP2_IRQHandler
 .text.FTM3_IRQHandler
                0x0000509e        0x6 irq_stub.o
                0x0000509e                FTM3_IRQHandler
 .text.DAC1_IRQHandler
                0x000050a4        0x6 irq_stub.o
                0x000050a4                DAC1_IRQHandler
 .text.ADC1_IRQHandler
                0x000050aa        0x6 irq_stub.o
                0x000050aa                ADC1_IRQHandler
 .text.I2C2_IRQHandler
                0x000050b0        0x6 irq_stub.o
                0x000050b0                I2C2_IRQHandler
 .text.CAN0_ORed_Message_buffer_IRQHandler
                0x000050b6        0x6 irq_stub.o
                0x000050b6                CAN0_ORed_Message_buffer_IRQHandler
 .text.CAN0_Bus_Off_IRQHandler
                0x000050bc        0x6 irq_stub.o
                0x000050bc                CAN0_Bus_Off_IRQHandler
 .text.CAN0_Error_IRQHandler
                0x000050c2        0x6 irq_stub.o
                0x000050c2                CAN0_Error_IRQHandler
 .text.CAN0_Tx_Warning_IRQHandler
                0x000050c8        0x6 irq_stub.o
                0x000050c8                CAN0_Tx_Warning_IRQHandler
 .text.CAN0_Rx_Warning_IRQHandler
                0x000050ce        0x6 irq_stub.o
                0x000050ce                CAN0_Rx_Warning_IRQHandler
 .text.CAN0_Wake_Up_IRQHandler
                0x000050d4        0x6 irq_stub.o
                0x000050d4                CAN0_Wake_Up_IRQHandler
 .text.mw_osSignalSet
                0x000050da       0x2e mw_signal.o
                0x000050da                mw_osSignalSet
 .text.mw_osSignalClear
                0x00005108       0x26 mw_signal.o
                0x00005108                mw_osSignalClear
 .text.mw_osSignalWaitEver
                0x0000512e       0x20 mw_signal.o
                0x0000512e                mw_osSignalWaitEver
 .text.mw_osSignalEventCreate
                0x0000514e       0x20 mw_signal.o
                0x0000514e                mw_osSignalEventCreate
 .text.mw_osSignalEventRelease
                0x0000516e       0x26 mw_signal.o
                0x0000516e                mw_osSignalEventRelease
 .text.mw_osSignalEventWaitEver
                0x00005194       0x34 mw_signal.o
                0x00005194                mw_osSignalEventWaitEver
 .text.mw_osThreadCreate
                0x000051c8       0x52 mw_thread.o
                0x000051c8                mw_osThreadCreate
 .text.mw_osThreadGetId
                0x0000521a        0xe mw_thread.o
                0x0000521a                mw_osThreadGetId
 .text.mw_osThreadExit
                0x00005228       0x22 mw_thread.o
                0x00005228                mw_osThreadExit
 .text.mw_osTimerCreate
                0x0000524a       0x4e mw_timer.o
                0x0000524a                mw_osTimerCreate
 .text.mw_osTimerStart
                0x00005298       0x24 mw_timer.o
                0x00005298                mw_osTimerStart
 .text._sbrk    0x000052bc       0x5c sbrk.o
                0x000052bc                _sbrk
 .text.init_data_bss
                0x00005318       0xcc startup.o
                0x00005318                init_data_bss
 .text.SystemInit
                0x000053e4      0x1dc system_MK64F12.o
                0x000053e4                SystemInit
 .text.SystemCoreClockUpdate
                0x000055c0      0x278 system_MK64F12.o
                0x000055c0                SystemCoreClockUpdate
 .text.osThreadExit
                0x00005838       0x18 C:/ProgramData/MATLAB/SupportPackages/R2020a/3P.instrset/cmsis.instrset/CMSIS/RTOS/RTX/LIB/GCC/libRTX_CM4.a(rt_cmsis.o)
                0x00005838                osThreadExit
 .text.svcKernelInitialize
                0x00005850      0x100 C:/ProgramData/MATLAB/SupportPackages/R2020a/3P.instrset/cmsis.instrset/CMSIS/RTOS/RTX/LIB/GCC/libRTX_CM4.a(rt_cmsis.o)
                0x00005850                svcKernelInitialize
 .text.svcKernelStart
                0x00005950       0x4c C:/ProgramData/MATLAB/SupportPackages/R2020a/3P.instrset/cmsis.instrset/CMSIS/RTOS/RTX/LIB/GCC/libRTX_CM4.a(rt_cmsis.o)
                0x00005950                svcKernelStart
 .text.osKernelInitialize
                0x0000599c      0x120 C:/ProgramData/MATLAB/SupportPackages/R2020a/3P.instrset/cmsis.instrset/CMSIS/RTOS/RTX/LIB/GCC/libRTX_CM4.a(rt_cmsis.o)
                0x0000599c                osKernelInitialize
 .text.osKernelStart
                0x00005abc       0x70 C:/ProgramData/MATLAB/SupportPackages/R2020a/3P.instrset/cmsis.instrset/CMSIS/RTOS/RTX/LIB/GCC/libRTX_CM4.a(rt_cmsis.o)
                0x00005abc                osKernelStart
 .text.svcThreadCreate
                0x00005b2c       0x7c C:/ProgramData/MATLAB/SupportPackages/R2020a/3P.instrset/cmsis.instrset/CMSIS/RTOS/RTX/LIB/GCC/libRTX_CM4.a(rt_cmsis.o)
                0x00005b2c                svcThreadCreate
 .text.svcThreadGetId
                0x00005ba8       0x18 C:/ProgramData/MATLAB/SupportPackages/R2020a/3P.instrset/cmsis.instrset/CMSIS/RTOS/RTX/LIB/GCC/libRTX_CM4.a(rt_cmsis.o)
                0x00005ba8                svcThreadGetId
 .text.svcThreadTerminate
                0x00005bc0       0x44 C:/ProgramData/MATLAB/SupportPackages/R2020a/3P.instrset/cmsis.instrset/CMSIS/RTOS/RTX/LIB/GCC/libRTX_CM4.a(rt_cmsis.o)
                0x00005bc0                svcThreadTerminate
 .text.osThreadCreate
                0x00005c04       0x9c C:/ProgramData/MATLAB/SupportPackages/R2020a/3P.instrset/cmsis.instrset/CMSIS/RTOS/RTX/LIB/GCC/libRTX_CM4.a(rt_cmsis.o)
                0x00005c04                osThreadCreate
 .text.osThreadGetId
                0x00005ca0       0x18 C:/ProgramData/MATLAB/SupportPackages/R2020a/3P.instrset/cmsis.instrset/CMSIS/RTOS/RTX/LIB/GCC/libRTX_CM4.a(rt_cmsis.o)
                0x00005ca0                osThreadGetId
 .text.osThreadTerminate
                0x00005cb8       0x18 C:/ProgramData/MATLAB/SupportPackages/R2020a/3P.instrset/cmsis.instrset/CMSIS/RTOS/RTX/LIB/GCC/libRTX_CM4.a(rt_cmsis.o)
                0x00005cb8                osThreadTerminate
 .text.svcTimerCreate
                0x00005cd0       0x3c C:/ProgramData/MATLAB/SupportPackages/R2020a/3P.instrset/cmsis.instrset/CMSIS/RTOS/RTX/LIB/GCC/libRTX_CM4.a(rt_cmsis.o)
                0x00005cd0                svcTimerCreate
 .text.svcTimerStart
                0x00005d0c       0xc8 C:/ProgramData/MATLAB/SupportPackages/R2020a/3P.instrset/cmsis.instrset/CMSIS/RTOS/RTX/LIB/GCC/libRTX_CM4.a(rt_cmsis.o)
                0x00005d0c                svcTimerStart
 .text.svcTimerCall
                0x00005dd4       0x18 C:/ProgramData/MATLAB/SupportPackages/R2020a/3P.instrset/cmsis.instrset/CMSIS/RTOS/RTX/LIB/GCC/libRTX_CM4.a(rt_cmsis.o)
                0x00005dd4                svcTimerCall
 .text.sysTimerTick
                0x00005dec       0xb4 C:/ProgramData/MATLAB/SupportPackages/R2020a/3P.instrset/cmsis.instrset/CMSIS/RTOS/RTX/LIB/GCC/libRTX_CM4.a(rt_cmsis.o)
                0x00005dec                sysTimerTick
 .text.osTimerCreate
                0x00005ea0       0x64 C:/ProgramData/MATLAB/SupportPackages/R2020a/3P.instrset/cmsis.instrset/CMSIS/RTOS/RTX/LIB/GCC/libRTX_CM4.a(rt_cmsis.o)
                0x00005ea0                osTimerCreate
 .text.osTimerStart
                0x00005f04       0x18 C:/ProgramData/MATLAB/SupportPackages/R2020a/3P.instrset/cmsis.instrset/CMSIS/RTOS/RTX/LIB/GCC/libRTX_CM4.a(rt_cmsis.o)
                0x00005f04                osTimerStart
 .text.osTimerThread
                0x00005f1c       0x40 C:/ProgramData/MATLAB/SupportPackages/R2020a/3P.instrset/cmsis.instrset/CMSIS/RTOS/RTX/LIB/GCC/libRTX_CM4.a(rt_cmsis.o)
                0x00005f1c                osTimerThread
 .text.svcSignalSet
                0x00005f5c       0x28 C:/ProgramData/MATLAB/SupportPackages/R2020a/3P.instrset/cmsis.instrset/CMSIS/RTOS/RTX/LIB/GCC/libRTX_CM4.a(rt_cmsis.o)
                0x00005f5c                svcSignalSet
 .text.svcSignalClear
                0x00005f84       0x28 C:/ProgramData/MATLAB/SupportPackages/R2020a/3P.instrset/cmsis.instrset/CMSIS/RTOS/RTX/LIB/GCC/libRTX_CM4.a(rt_cmsis.o)
                0x00005f84                svcSignalClear
 .text.svcSignalWait
                0x00005fac       0xfc C:/ProgramData/MATLAB/SupportPackages/R2020a/3P.instrset/cmsis.instrset/CMSIS/RTOS/RTX/LIB/GCC/libRTX_CM4.a(rt_cmsis.o)
                0x00005fac                svcSignalWait
 .text.osSignalSet
                0x000060a8       0x40 C:/ProgramData/MATLAB/SupportPackages/R2020a/3P.instrset/cmsis.instrset/CMSIS/RTOS/RTX/LIB/GCC/libRTX_CM4.a(rt_cmsis.o)
                0x000060a8                osSignalSet
 .text.osSignalClear
                0x000060e8       0x1c C:/ProgramData/MATLAB/SupportPackages/R2020a/3P.instrset/cmsis.instrset/CMSIS/RTOS/RTX/LIB/GCC/libRTX_CM4.a(rt_cmsis.o)
                0x000060e8                osSignalClear
 .text.osSignalWait
                0x00006104       0x28 C:/ProgramData/MATLAB/SupportPackages/R2020a/3P.instrset/cmsis.instrset/CMSIS/RTOS/RTX/LIB/GCC/libRTX_CM4.a(rt_cmsis.o)
                0x00006104                osSignalWait
 .text.svcMessageGet
                0x0000612c       0xa8 C:/ProgramData/MATLAB/SupportPackages/R2020a/3P.instrset/cmsis.instrset/CMSIS/RTOS/RTX/LIB/GCC/libRTX_CM4.a(rt_cmsis.o)
                0x0000612c                svcMessageGet
 .text.rt_init_stack
                0x000061d4       0xa4 C:/ProgramData/MATLAB/SupportPackages/R2020a/3P.instrset/cmsis.instrset/CMSIS/RTOS/RTX/LIB/GCC/libRTX_CM4.a(hal_cm.o)
                0x000061d4                rt_init_stack
 .text.rt_ret_val
                0x00006278       0x14 C:/ProgramData/MATLAB/SupportPackages/R2020a/3P.instrset/cmsis.instrset/CMSIS/RTOS/RTX/LIB/GCC/libRTX_CM4.a(hal_cm.o)
                0x00006278                rt_ret_val
 .text.rt_ret_val2
                0x0000628c       0x24 C:/ProgramData/MATLAB/SupportPackages/R2020a/3P.instrset/cmsis.instrset/CMSIS/RTOS/RTX/LIB/GCC/libRTX_CM4.a(hal_cm.o)
                0x0000628c                rt_ret_val2
 .text.dbg_init
                0x000062b0       0x34 C:/ProgramData/MATLAB/SupportPackages/R2020a/3P.instrset/cmsis.instrset/CMSIS/RTOS/RTX/LIB/GCC/libRTX_CM4.a(hal_cm.o)
                0x000062b0                dbg_init
 .text.dbg_task_notify
                0x000062e4       0x2c C:/ProgramData/MATLAB/SupportPackages/R2020a/3P.instrset/cmsis.instrset/CMSIS/RTOS/RTX/LIB/GCC/libRTX_CM4.a(hal_cm.o)
                0x000062e4                dbg_task_notify
 .text.dbg_task_switch
                0x00006310       0x14 C:/ProgramData/MATLAB/SupportPackages/R2020a/3P.instrset/cmsis.instrset/CMSIS/RTOS/RTX/LIB/GCC/libRTX_CM4.a(hal_cm.o)
                0x00006310                dbg_task_switch
 .text.rt_init_mem
                0x00006324       0x1c C:/ProgramData/MATLAB/SupportPackages/R2020a/3P.instrset/cmsis.instrset/CMSIS/RTOS/RTX/LIB/GCC/libRTX_CM4.a(rt_memory.o)
                0x00006324                rt_init_mem
 .text.rt_alloc_mem
                0x00006340       0x50 C:/ProgramData/MATLAB/SupportPackages/R2020a/3P.instrset/cmsis.instrset/CMSIS/RTOS/RTX/LIB/GCC/libRTX_CM4.a(rt_memory.o)
                0x00006340                rt_alloc_mem
 .text.rt_free_mem
                0x00006390       0x44 C:/ProgramData/MATLAB/SupportPackages/R2020a/3P.instrset/cmsis.instrset/CMSIS/RTOS/RTX/LIB/GCC/libRTX_CM4.a(rt_memory.o)
                0x00006390                rt_free_mem
 .text._init_box
                0x000063d4       0x58 C:/ProgramData/MATLAB/SupportPackages/R2020a/3P.instrset/cmsis.instrset/CMSIS/RTOS/RTX/LIB/GCC/libRTX_CM4.a(rt_membox.o)
                0x000063d4                _init_box
 .text.rt_alloc_box
                0x0000642c       0x1c C:/ProgramData/MATLAB/SupportPackages/R2020a/3P.instrset/cmsis.instrset/CMSIS/RTOS/RTX/LIB/GCC/libRTX_CM4.a(rt_membox.o)
                0x0000642c                rt_alloc_box
 .text.rt_free_box
                0x00006448       0x28 C:/ProgramData/MATLAB/SupportPackages/R2020a/3P.instrset/cmsis.instrset/CMSIS/RTOS/RTX/LIB/GCC/libRTX_CM4.a(rt_membox.o)
                0x00006448                rt_free_box
 .text.rt_sem_psh
                0x00006470       0x34 C:/ProgramData/MATLAB/SupportPackages/R2020a/3P.instrset/cmsis.instrset/CMSIS/RTOS/RTX/LIB/GCC/libRTX_CM4.a(rt_semaphore.o)
                0x00006470                rt_sem_psh
 .text.rt_mbx_init
                0x000064a4       0x1c C:/ProgramData/MATLAB/SupportPackages/R2020a/3P.instrset/cmsis.instrset/CMSIS/RTOS/RTX/LIB/GCC/libRTX_CM4.a(rt_mailbox.o)
                0x000064a4                rt_mbx_init
 .text.rt_mbx_wait
                0x000064c0       0xa8 C:/ProgramData/MATLAB/SupportPackages/R2020a/3P.instrset/cmsis.instrset/CMSIS/RTOS/RTX/LIB/GCC/libRTX_CM4.a(rt_mailbox.o)
                0x000064c0                rt_mbx_wait
 .text.rt_mbx_check
                0x00006568        0x8 C:/ProgramData/MATLAB/SupportPackages/R2020a/3P.instrset/cmsis.instrset/CMSIS/RTOS/RTX/LIB/GCC/libRTX_CM4.a(rt_mailbox.o)
                0x00006568                rt_mbx_check
 .text.isr_mbx_send
                0x00006570       0x10 C:/ProgramData/MATLAB/SupportPackages/R2020a/3P.instrset/cmsis.instrset/CMSIS/RTOS/RTX/LIB/GCC/libRTX_CM4.a(rt_mailbox.o)
                0x00006570                isr_mbx_send
 .text.rt_mbx_psh
                0x00006580       0xe4 C:/ProgramData/MATLAB/SupportPackages/R2020a/3P.instrset/cmsis.instrset/CMSIS/RTOS/RTX/LIB/GCC/libRTX_CM4.a(rt_mailbox.o)
                0x00006580                rt_mbx_psh
 .text.rt_put_prio
                0x00006664       0x50 C:/ProgramData/MATLAB/SupportPackages/R2020a/3P.instrset/cmsis.instrset/CMSIS/RTOS/RTX/LIB/GCC/libRTX_CM4.a(rt_list.o)
                0x00006664                rt_put_prio
 .text.rt_get_first
                0x000066b4       0x28 C:/ProgramData/MATLAB/SupportPackages/R2020a/3P.instrset/cmsis.instrset/CMSIS/RTOS/RTX/LIB/GCC/libRTX_CM4.a(rt_list.o)
                0x000066b4                rt_get_first
 .text.rt_put_rdy_first
                0x000066dc       0x14 C:/ProgramData/MATLAB/SupportPackages/R2020a/3P.instrset/cmsis.instrset/CMSIS/RTOS/RTX/LIB/GCC/libRTX_CM4.a(rt_list.o)
                0x000066dc                rt_put_rdy_first
 .text.rt_resort_prio
                0x000066f0       0x94 C:/ProgramData/MATLAB/SupportPackages/R2020a/3P.instrset/cmsis.instrset/CMSIS/RTOS/RTX/LIB/GCC/libRTX_CM4.a(rt_list.o)
                0x000066f0                rt_resort_prio
 .text.rt_put_dly
                0x00006784       0x60 C:/ProgramData/MATLAB/SupportPackages/R2020a/3P.instrset/cmsis.instrset/CMSIS/RTOS/RTX/LIB/GCC/libRTX_CM4.a(rt_list.o)
                0x00006784                rt_put_dly
 .text.rt_dec_dly
                0x000067e4       0xd8 C:/ProgramData/MATLAB/SupportPackages/R2020a/3P.instrset/cmsis.instrset/CMSIS/RTOS/RTX/LIB/GCC/libRTX_CM4.a(rt_list.o)
                0x000067e4                rt_dec_dly
 .text.rt_rmv_list
                0x000068bc       0x2c C:/ProgramData/MATLAB/SupportPackages/R2020a/3P.instrset/cmsis.instrset/CMSIS/RTOS/RTX/LIB/GCC/libRTX_CM4.a(rt_list.o)
                0x000068bc                rt_rmv_list
 .text.rt_rmv_dly
                0x000068e8       0x2c C:/ProgramData/MATLAB/SupportPackages/R2020a/3P.instrset/cmsis.instrset/CMSIS/RTOS/RTX/LIB/GCC/libRTX_CM4.a(rt_list.o)
                0x000068e8                rt_rmv_dly
 .text.rt_psq_enq
                0x00006914       0x44 C:/ProgramData/MATLAB/SupportPackages/R2020a/3P.instrset/cmsis.instrset/CMSIS/RTOS/RTX/LIB/GCC/libRTX_CM4.a(rt_list.o)
                0x00006914                rt_psq_enq
 .text.rt_evt_wait
                0x00006958       0x4c C:/ProgramData/MATLAB/SupportPackages/R2020a/3P.instrset/cmsis.instrset/CMSIS/RTOS/RTX/LIB/GCC/libRTX_CM4.a(rt_event.o)
                0x00006958                rt_evt_wait
 .text.rt_evt_set
                0x000069a4       0x58 C:/ProgramData/MATLAB/SupportPackages/R2020a/3P.instrset/cmsis.instrset/CMSIS/RTOS/RTX/LIB/GCC/libRTX_CM4.a(rt_event.o)
                0x000069a4                rt_evt_set
 .text.rt_evt_clr
                0x000069fc       0x18 C:/ProgramData/MATLAB/SupportPackages/R2020a/3P.instrset/cmsis.instrset/CMSIS/RTOS/RTX/LIB/GCC/libRTX_CM4.a(rt_event.o)
                0x000069fc                rt_evt_clr
 .text.isr_evt_set
                0x00006a14       0x24 C:/ProgramData/MATLAB/SupportPackages/R2020a/3P.instrset/cmsis.instrset/CMSIS/RTOS/RTX/LIB/GCC/libRTX_CM4.a(rt_event.o)
                0x00006a14                isr_evt_set
 .text.rt_evt_psh
                0x00006a38       0x50 C:/ProgramData/MATLAB/SupportPackages/R2020a/3P.instrset/cmsis.instrset/CMSIS/RTOS/RTX/LIB/GCC/libRTX_CM4.a(rt_event.o)
                0x00006a38                rt_evt_psh
 .text.rt_psh_req
                0x00006a88       0x20 C:/ProgramData/MATLAB/SupportPackages/R2020a/3P.instrset/cmsis.instrset/CMSIS/RTOS/RTX/LIB/GCC/libRTX_CM4.a(rt_system.o)
                0x00006a88                rt_psh_req
 .text.rt_pop_req
                0x00006aa8       0x78 C:/ProgramData/MATLAB/SupportPackages/R2020a/3P.instrset/cmsis.instrset/CMSIS/RTOS/RTX/LIB/GCC/libRTX_CM4.a(rt_system.o)
                0x00006aa8                rt_pop_req
 .text.os_tick_init
                0x00006b20       0x40 C:/ProgramData/MATLAB/SupportPackages/R2020a/3P.instrset/cmsis.instrset/CMSIS/RTOS/RTX/LIB/GCC/libRTX_CM4.a(rt_system.o)
                0x00006b20                os_tick_init
 .text.os_tick_irqack
                0x00006b60        0x4 C:/ProgramData/MATLAB/SupportPackages/R2020a/3P.instrset/cmsis.instrset/CMSIS/RTOS/RTX/LIB/GCC/libRTX_CM4.a(rt_system.o)
                0x00006b60                os_tick_irqack
 .text.rt_systick
                0x00006b64       0x3c C:/ProgramData/MATLAB/SupportPackages/R2020a/3P.instrset/cmsis.instrset/CMSIS/RTOS/RTX/LIB/GCC/libRTX_CM4.a(rt_system.o)
                0x00006b64                rt_systick
 .text.rt_stk_check
                0x00006ba0       0x24 C:/ProgramData/MATLAB/SupportPackages/R2020a/3P.instrset/cmsis.instrset/CMSIS/RTOS/RTX/LIB/GCC/libRTX_CM4.a(rt_system.o)
                0x00006ba0                rt_stk_check
 .text.rt_switch_req
                0x00006bc4       0x24 C:/ProgramData/MATLAB/SupportPackages/R2020a/3P.instrset/cmsis.instrset/CMSIS/RTOS/RTX/LIB/GCC/libRTX_CM4.a(rt_task.o)
                0x00006bc4                rt_switch_req
 .text.rt_dispatch
                0x00006be8       0x7c C:/ProgramData/MATLAB/SupportPackages/R2020a/3P.instrset/cmsis.instrset/CMSIS/RTOS/RTX/LIB/GCC/libRTX_CM4.a(rt_task.o)
                0x00006be8                rt_dispatch
 .text.rt_block
                0x00006c64       0x50 C:/ProgramData/MATLAB/SupportPackages/R2020a/3P.instrset/cmsis.instrset/CMSIS/RTOS/RTX/LIB/GCC/libRTX_CM4.a(rt_task.o)
                0x00006c64                rt_block
 .text.rt_tsk_self
                0x00006cb4       0x10 C:/ProgramData/MATLAB/SupportPackages/R2020a/3P.instrset/cmsis.instrset/CMSIS/RTOS/RTX/LIB/GCC/libRTX_CM4.a(rt_task.o)
                0x00006cb4                rt_tsk_self
 .text.rt_tsk_prio
                0x00006cc4       0xf8 C:/ProgramData/MATLAB/SupportPackages/R2020a/3P.instrset/cmsis.instrset/CMSIS/RTOS/RTX/LIB/GCC/libRTX_CM4.a(rt_task.o)
                0x00006cc4                rt_tsk_prio
 .text.rt_tsk_create
                0x00006dbc      0x110 C:/ProgramData/MATLAB/SupportPackages/R2020a/3P.instrset/cmsis.instrset/CMSIS/RTOS/RTX/LIB/GCC/libRTX_CM4.a(rt_task.o)
                0x00006dbc                rt_tsk_create
 .text.rt_tsk_delete
                0x00006ecc      0x1c4 C:/ProgramData/MATLAB/SupportPackages/R2020a/3P.instrset/cmsis.instrset/CMSIS/RTOS/RTX/LIB/GCC/libRTX_CM4.a(rt_task.o)
                0x00006ecc                rt_tsk_delete
 .text.rt_sys_init
                0x00007090       0xec C:/ProgramData/MATLAB/SupportPackages/R2020a/3P.instrset/cmsis.instrset/CMSIS/RTOS/RTX/LIB/GCC/libRTX_CM4.a(rt_task.o)
                0x00007090                rt_sys_init
 .text.rt_sys_start
                0x0000717c       0x8c C:/ProgramData/MATLAB/SupportPackages/R2020a/3P.instrset/cmsis.instrset/CMSIS/RTOS/RTX/LIB/GCC/libRTX_CM4.a(rt_task.o)
                0x0000717c                rt_sys_start
 .text.OSA_TimeInit
                0x00007208       0x44 C:/ProgramData/MATLAB/SupportPackages/R2020a/toolbox/target/supportpackages/freedomk64f/src/ksdk_armgcc_lib/bm/libksdk_platform.a(fsl_os_abstraction_bm.o)
                0x00007208                OSA_TimeInit
 .text.OSA_SemaPost
                0x0000724c       0x3c C:/ProgramData/MATLAB/SupportPackages/R2020a/toolbox/target/supportpackages/freedomk64f/src/ksdk_armgcc_lib/bm/libksdk_platform.a(fsl_os_abstraction_bm.o)
                0x0000724c                OSA_SemaPost
 .text.task_init
                0x00007288       0x38 C:/ProgramData/MATLAB/SupportPackages/R2020a/toolbox/target/supportpackages/freedomk64f/src/ksdk_armgcc_lib/bm/libksdk_platform.a(fsl_os_abstraction_bm.o)
                0x00007288                task_init
 .text.OSA_Init
                0x000072c0        0xe C:/ProgramData/MATLAB/SupportPackages/R2020a/toolbox/target/supportpackages/freedomk64f/src/ksdk_armgcc_lib/bm/libksdk_platform.a(fsl_os_abstraction_bm.o)
                0x000072c0                OSA_Init
 *fill*         0x000072ce        0x2 
 .text.CLOCK_SYS_SetMcgPeeToFbe
                0x000072d0       0x34 C:/ProgramData/MATLAB/SupportPackages/R2020a/toolbox/target/supportpackages/freedomk64f/src/ksdk_armgcc_lib/bm/libksdk_platform.a(fsl_clock_manager.o)
 .text.CLOCK_SYS_SetMcgMode
                0x00007304      0x124 C:/ProgramData/MATLAB/SupportPackages/R2020a/toolbox/target/supportpackages/freedomk64f/src/ksdk_armgcc_lib/bm/libksdk_platform.a(fsl_clock_manager.o)
                0x00007304                CLOCK_SYS_SetMcgMode
 .text.CLOCK_SYS_SetOscerConfigration
                0x00007428       0x1c C:/ProgramData/MATLAB/SupportPackages/R2020a/toolbox/target/supportpackages/freedomk64f/src/ksdk_armgcc_lib/bm/libksdk_platform.a(fsl_clock_manager.o)
                0x00007428                CLOCK_SYS_SetOscerConfigration
 .text.CLOCK_SYS_OscInit
                0x00007444       0x9c C:/ProgramData/MATLAB/SupportPackages/R2020a/toolbox/target/supportpackages/freedomk64f/src/ksdk_armgcc_lib/bm/libksdk_platform.a(fsl_clock_manager.o)
                0x00007444                CLOCK_SYS_OscInit
 .text.CLOCK_SYS_RtcOscInit
                0x000074e0       0x68 C:/ProgramData/MATLAB/SupportPackages/R2020a/toolbox/target/supportpackages/freedomk64f/src/ksdk_armgcc_lib/bm/libksdk_platform.a(fsl_clock_manager.o)
                0x000074e0                CLOCK_SYS_RtcOscInit
 .text.SIM_HAL_EnableClock.constprop.10
                0x00007548       0x1c C:/ProgramData/MATLAB/SupportPackages/R2020a/toolbox/target/supportpackages/freedomk64f/src/ksdk_armgcc_lib/bm/libksdk_platform.a(fsl_clock_MK64F12.o)
 .text.CLOCK_SYS_GetCoreClockFreq
                0x00007564       0x24 C:/ProgramData/MATLAB/SupportPackages/R2020a/toolbox/target/supportpackages/freedomk64f/src/ksdk_armgcc_lib/bm/libksdk_platform.a(fsl_clock_MK64F12.o)
                0x00007564                CLOCK_SYS_GetCoreClockFreq
 .text.CLOCK_SYS_SetConfiguration
                0x00007588       0x94 C:/ProgramData/MATLAB/SupportPackages/R2020a/toolbox/target/supportpackages/freedomk64f/src/ksdk_armgcc_lib/bm/libksdk_platform.a(fsl_clock_MK64F12.o)
                0x00007588                CLOCK_SYS_SetConfiguration
 .text.CLOCK_SYS_FllStableDelay
                0x0000761c       0x1a C:/ProgramData/MATLAB/SupportPackages/R2020a/toolbox/target/supportpackages/freedomk64f/src/ksdk_armgcc_lib/bm/libksdk_platform.a(fsl_clock_MK64F12.o)
 *fill*         0x00007636        0x2 
 .text.CLOCK_SYS_GetBusClockFreq
                0x00007638       0x24 C:/ProgramData/MATLAB/SupportPackages/R2020a/toolbox/target/supportpackages/freedomk64f/src/ksdk_armgcc_lib/bm/libksdk_platform.a(fsl_clock_MK64F12.o)
                0x00007638                CLOCK_SYS_GetBusClockFreq
 .text.CLOCK_SYS_GetFtmExternalFreq
                0x0000765c       0x20 C:/ProgramData/MATLAB/SupportPackages/R2020a/toolbox/target/supportpackages/freedomk64f/src/ksdk_armgcc_lib/bm/libksdk_platform.a(fsl_clock_MK64F12.o)
                0x0000765c                CLOCK_SYS_GetFtmExternalFreq
 .text.CLOCK_SYS_EnablePortClock
                0x0000767c       0x30 C:/ProgramData/MATLAB/SupportPackages/R2020a/toolbox/target/supportpackages/freedomk64f/src/ksdk_armgcc_lib/bm/libksdk_platform.a(fsl_clock_MK64F12.o)
                0x0000767c                CLOCK_SYS_EnablePortClock
 .text.CLOCK_SYS_EnableAdcClock
                0x000076ac       0x30 C:/ProgramData/MATLAB/SupportPackages/R2020a/toolbox/target/supportpackages/freedomk64f/src/ksdk_armgcc_lib/bm/libksdk_platform.a(fsl_clock_MK64F12.o)
                0x000076ac                CLOCK_SYS_EnableAdcClock
 .text.CLOCK_SYS_EnableFtmClock
                0x000076dc       0x30 C:/ProgramData/MATLAB/SupportPackages/R2020a/toolbox/target/supportpackages/freedomk64f/src/ksdk_armgcc_lib/bm/libksdk_platform.a(fsl_clock_MK64F12.o)
                0x000076dc                CLOCK_SYS_EnableFtmClock
 .text.INT_SYS_EnableIRQGlobal
                0x0000770c       0x14 C:/ProgramData/MATLAB/SupportPackages/R2020a/toolbox/target/supportpackages/freedomk64f/src/ksdk_armgcc_lib/bm/libksdk_platform.a(fsl_interrupt_manager.o)
                0x0000770c                INT_SYS_EnableIRQGlobal
 .text.INT_SYS_DisableIRQGlobal
                0x00007720       0x10 C:/ProgramData/MATLAB/SupportPackages/R2020a/toolbox/target/supportpackages/freedomk64f/src/ksdk_armgcc_lib/bm/libksdk_platform.a(fsl_interrupt_manager.o)
                0x00007720                INT_SYS_DisableIRQGlobal
 .text.unlikely.ADC16_HAL_GetChnConvCompletedFlag.part.0
                0x00007730       0x1c C:/ProgramData/MATLAB/SupportPackages/R2020a/toolbox/target/supportpackages/freedomk64f/src/ksdk_armgcc_lib/bm/libksdk_platform.a(fsl_adc16_driver.o)
 .text.ADC16_DRV_StructInitUserConfigDefault
                0x0000774c       0x24 C:/ProgramData/MATLAB/SupportPackages/R2020a/toolbox/target/supportpackages/freedomk64f/src/ksdk_armgcc_lib/bm/libksdk_platform.a(fsl_adc16_driver.o)
                0x0000774c                ADC16_DRV_StructInitUserConfigDefault
 .text.ADC16_DRV_Init
                0x00007770       0x90 C:/ProgramData/MATLAB/SupportPackages/R2020a/toolbox/target/supportpackages/freedomk64f/src/ksdk_armgcc_lib/bm/libksdk_platform.a(fsl_adc16_driver.o)
                0x00007770                ADC16_DRV_Init
 .text.ADC16_DRV_SetChnMux
                0x00007800       0x40 C:/ProgramData/MATLAB/SupportPackages/R2020a/toolbox/target/supportpackages/freedomk64f/src/ksdk_armgcc_lib/bm/libksdk_platform.a(fsl_adc16_driver.o)
                0x00007800                ADC16_DRV_SetChnMux
 .text.ADC16_DRV_ConfigConvChn
                0x00007840       0x38 C:/ProgramData/MATLAB/SupportPackages/R2020a/toolbox/target/supportpackages/freedomk64f/src/ksdk_armgcc_lib/bm/libksdk_platform.a(fsl_adc16_driver.o)
                0x00007840                ADC16_DRV_ConfigConvChn
 .text.ADC16_DRV_WaitConvDone
                0x00007878       0x48 C:/ProgramData/MATLAB/SupportPackages/R2020a/toolbox/target/supportpackages/freedomk64f/src/ksdk_armgcc_lib/bm/libksdk_platform.a(fsl_adc16_driver.o)
                0x00007878                ADC16_DRV_WaitConvDone
 .text.ADC16_DRV_GetConvValueRAW
                0x000078c0       0x50 C:/ProgramData/MATLAB/SupportPackages/R2020a/toolbox/target/supportpackages/freedomk64f/src/ksdk_armgcc_lib/bm/libksdk_platform.a(fsl_adc16_driver.o)
                0x000078c0                ADC16_DRV_GetConvValueRAW
 .text.EDMA_DRV_IRQHandler
                0x00007910       0x30 C:/ProgramData/MATLAB/SupportPackages/R2020a/toolbox/target/supportpackages/freedomk64f/src/ksdk_armgcc_lib/bm/libksdk_platform.a(fsl_edma_driver.o)
                0x00007910                EDMA_DRV_IRQHandler
 .text.EDMA_DRV_ErrorIRQHandler
                0x00007940       0x88 C:/ProgramData/MATLAB/SupportPackages/R2020a/toolbox/target/supportpackages/freedomk64f/src/ksdk_armgcc_lib/bm/libksdk_platform.a(fsl_edma_driver.o)
                0x00007940                EDMA_DRV_ErrorIRQHandler
 .text.FTM_HAL_SetClockSource
                0x000079c8       0x12 C:/ProgramData/MATLAB/SupportPackages/R2020a/toolbox/target/supportpackages/freedomk64f/src/ksdk_armgcc_lib/bm/libksdk_platform.a(fsl_ftm_driver.o)
 *fill*         0x000079da        0x2 
 .text.unlikely.FTM_HAL_SetChnCountVal.part.2
                0x000079dc       0x1c C:/ProgramData/MATLAB/SupportPackages/R2020a/toolbox/target/supportpackages/freedomk64f/src/ksdk_armgcc_lib/bm/libksdk_platform.a(fsl_ftm_driver.o)
 .text.FTM_DRV_Init
                0x000079f8      0x108 C:/ProgramData/MATLAB/SupportPackages/R2020a/toolbox/target/supportpackages/freedomk64f/src/ksdk_armgcc_lib/bm/libksdk_platform.a(fsl_ftm_driver.o)
                0x000079f8                FTM_DRV_Init
 .text.FTM_DRV_SetClock
                0x00007b00       0x54 C:/ProgramData/MATLAB/SupportPackages/R2020a/toolbox/target/supportpackages/freedomk64f/src/ksdk_armgcc_lib/bm/libksdk_platform.a(fsl_ftm_driver.o)
                0x00007b00                FTM_DRV_SetClock
 .text.FTM_DRV_GetClock
                0x00007b54       0x68 C:/ProgramData/MATLAB/SupportPackages/R2020a/toolbox/target/supportpackages/freedomk64f/src/ksdk_armgcc_lib/bm/libksdk_platform.a(fsl_ftm_driver.o)
                0x00007b54                FTM_DRV_GetClock
 .text.FTM_DRV_PwmStart
                0x00007bbc      0x1c8 C:/ProgramData/MATLAB/SupportPackages/R2020a/toolbox/target/supportpackages/freedomk64f/src/ksdk_armgcc_lib/bm/libksdk_platform.a(fsl_ftm_driver.o)
                0x00007bbc                FTM_DRV_PwmStart
 .text.unlikely.PORT_HAL_SetMuxMode.part.0
                0x00007d84       0x1c C:/ProgramData/MATLAB/SupportPackages/R2020a/toolbox/target/supportpackages/freedomk64f/src/ksdk_armgcc_lib/bm/libksdk_platform.a(fsl_gpio_driver.o)
 .text.GPIO_DRV_InputPinInit
                0x00007da0       0xe0 C:/ProgramData/MATLAB/SupportPackages/R2020a/toolbox/target/supportpackages/freedomk64f/src/ksdk_armgcc_lib/bm/libksdk_platform.a(fsl_gpio_driver.o)
                0x00007da0                GPIO_DRV_InputPinInit
 .text.GPIO_DRV_OutputPinInit
                0x00007e80       0x70 C:/ProgramData/MATLAB/SupportPackages/R2020a/toolbox/target/supportpackages/freedomk64f/src/ksdk_armgcc_lib/bm/libksdk_platform.a(fsl_gpio_driver.o)
                0x00007e80                GPIO_DRV_OutputPinInit
 .text.GPIO_DRV_WritePinOutput
                0x00007ef0       0x1c C:/ProgramData/MATLAB/SupportPackages/R2020a/toolbox/target/supportpackages/freedomk64f/src/ksdk_armgcc_lib/bm/libksdk_platform.a(fsl_gpio_driver.o)
                0x00007ef0                GPIO_DRV_WritePinOutput
 .text.GPIO_DRV_ReadPinInput
                0x00007f0c       0x3c C:/ProgramData/MATLAB/SupportPackages/R2020a/toolbox/target/supportpackages/freedomk64f/src/ksdk_armgcc_lib/bm/libksdk_platform.a(fsl_gpio_driver.o)
                0x00007f0c                GPIO_DRV_ReadPinInput
 .text.LPTMR_HAL_SetTimerWorkingMode
                0x00007f48       0x3c C:/ProgramData/MATLAB/SupportPackages/R2020a/toolbox/target/supportpackages/freedomk64f/src/ksdk_armgcc_lib/bm/libksdk_platform.a(fsl_lptmr_hal.o)
                0x00007f48                LPTMR_HAL_SetTimerWorkingMode
 .text.LPTMR_HAL_SetPrescalerMode
                0x00007f84       0x1a C:/ProgramData/MATLAB/SupportPackages/R2020a/toolbox/target/supportpackages/freedomk64f/src/ksdk_armgcc_lib/bm/libksdk_platform.a(fsl_lptmr_hal.o)
                0x00007f84                LPTMR_HAL_SetPrescalerMode
 *fill*         0x00007f9e        0x2 
 .text.CLOCK_HAL_TestOscFreq
                0x00007fa0       0x28 C:/ProgramData/MATLAB/SupportPackages/R2020a/toolbox/target/supportpackages/freedomk64f/src/ksdk_armgcc_lib/bm/libksdk_platform.a(fsl_mcg_hal.o)
                0x00007fa0                CLOCK_HAL_TestOscFreq
 .text.CLOCK_HAL_GetMcgExternalClkFreq
                0x00007fc8        0xa C:/ProgramData/MATLAB/SupportPackages/R2020a/toolbox/target/supportpackages/freedomk64f/src/ksdk_armgcc_lib/bm/libksdk_platform.a(fsl_mcg_hal.o)
 .text.CLOCK_HAL_TestFllExternalRefFreq
                0x00007fd2       0x32 C:/ProgramData/MATLAB/SupportPackages/R2020a/toolbox/target/supportpackages/freedomk64f/src/ksdk_armgcc_lib/bm/libksdk_platform.a(fsl_mcg_hal.o)
                0x00007fd2                CLOCK_HAL_TestFllExternalRefFreq
 .text.CLOCK_HAL_GetFllRefClk
                0x00008004       0x3c C:/ProgramData/MATLAB/SupportPackages/R2020a/toolbox/target/supportpackages/freedomk64f/src/ksdk_armgcc_lib/bm/libksdk_platform.a(fsl_mcg_hal.o)
                0x00008004                CLOCK_HAL_GetFllRefClk
 .text.CLOCK_HAL_TestFllFreq
                0x00008040       0x34 C:/ProgramData/MATLAB/SupportPackages/R2020a/toolbox/target/supportpackages/freedomk64f/src/ksdk_armgcc_lib/bm/libksdk_platform.a(fsl_mcg_hal.o)
                0x00008040                CLOCK_HAL_TestFllFreq
 .text.CLOCK_HAL_GetFllClk
                0x00008074       0x36 C:/ProgramData/MATLAB/SupportPackages/R2020a/toolbox/target/supportpackages/freedomk64f/src/ksdk_armgcc_lib/bm/libksdk_platform.a(fsl_mcg_hal.o)
                0x00008074                CLOCK_HAL_GetFllClk
 .text.CLOCK_HAL_UpdateFastClkInternalRefDiv
                0x000080aa       0x52 C:/ProgramData/MATLAB/SupportPackages/R2020a/toolbox/target/supportpackages/freedomk64f/src/ksdk_armgcc_lib/bm/libksdk_platform.a(fsl_mcg_hal.o)
                0x000080aa                CLOCK_HAL_UpdateFastClkInternalRefDiv
 .text.CLOCK_HAL_GetPll0Clk
                0x000080fc       0x3e C:/ProgramData/MATLAB/SupportPackages/R2020a/toolbox/target/supportpackages/freedomk64f/src/ksdk_armgcc_lib/bm/libksdk_platform.a(fsl_mcg_hal.o)
                0x000080fc                CLOCK_HAL_GetPll0Clk
 .text.CLOCK_HAL_EnablePll0InFllMode
                0x0000813a       0x38 C:/ProgramData/MATLAB/SupportPackages/R2020a/toolbox/target/supportpackages/freedomk64f/src/ksdk_armgcc_lib/bm/libksdk_platform.a(fsl_mcg_hal.o)
                0x0000813a                CLOCK_HAL_EnablePll0InFllMode
 *fill*         0x00008172        0x2 
 .text.CLOCK_HAL_GetInternalRefClk
                0x00008174       0x3c C:/ProgramData/MATLAB/SupportPackages/R2020a/toolbox/target/supportpackages/freedomk64f/src/ksdk_armgcc_lib/bm/libksdk_platform.a(fsl_mcg_hal.o)
                0x00008174                CLOCK_HAL_GetInternalRefClk
 .text.CLOCK_HAL_GetOutClk
                0x000081b0       0x22 C:/ProgramData/MATLAB/SupportPackages/R2020a/toolbox/target/supportpackages/freedomk64f/src/ksdk_armgcc_lib/bm/libksdk_platform.a(fsl_mcg_hal.o)
                0x000081b0                CLOCK_HAL_GetOutClk
 .text.CLOCK_HAL_GetFixedFreqClk
                0x000081d2       0x20 C:/ProgramData/MATLAB/SupportPackages/R2020a/toolbox/target/supportpackages/freedomk64f/src/ksdk_armgcc_lib/bm/libksdk_platform.a(fsl_mcg_hal.o)
                0x000081d2                CLOCK_HAL_GetFixedFreqClk
 .text.CLOCK_HAL_SetOsc0Mode
                0x000081f2       0x24 C:/ProgramData/MATLAB/SupportPackages/R2020a/toolbox/target/supportpackages/freedomk64f/src/ksdk_armgcc_lib/bm/libksdk_platform.a(fsl_mcg_hal.o)
                0x000081f2                CLOCK_HAL_SetOsc0Mode
 .text.CLOCK_HAL_PrepareOsc
                0x00008216       0x2c C:/ProgramData/MATLAB/SupportPackages/R2020a/toolbox/target/supportpackages/freedomk64f/src/ksdk_armgcc_lib/bm/libksdk_platform.a(fsl_mcg_hal_modes.o)
 .text.CLOCK_HAL_GetMcgMode
                0x00008242       0x72 C:/ProgramData/MATLAB/SupportPackages/R2020a/toolbox/target/supportpackages/freedomk64f/src/ksdk_armgcc_lib/bm/libksdk_platform.a(fsl_mcg_hal_modes.o)
                0x00008242                CLOCK_HAL_GetMcgMode
 .text.CLOCK_HAL_SetFbiMode
                0x000082b4       0xb8 C:/ProgramData/MATLAB/SupportPackages/R2020a/toolbox/target/supportpackages/freedomk64f/src/ksdk_armgcc_lib/bm/libksdk_platform.a(fsl_mcg_hal_modes.o)
                0x000082b4                CLOCK_HAL_SetFbiMode
 .text.CLOCK_HAL_SetFbeMode
                0x0000836c       0xea C:/ProgramData/MATLAB/SupportPackages/R2020a/toolbox/target/supportpackages/freedomk64f/src/ksdk_armgcc_lib/bm/libksdk_platform.a(fsl_mcg_hal_modes.o)
                0x0000836c                CLOCK_HAL_SetFbeMode
 *fill*         0x00008456        0x2 
 .text.CLOCK_HAL_SetPbeMode
                0x00008458       0xd0 C:/ProgramData/MATLAB/SupportPackages/R2020a/toolbox/target/supportpackages/freedomk64f/src/ksdk_armgcc_lib/bm/libksdk_platform.a(fsl_mcg_hal_modes.o)
                0x00008458                CLOCK_HAL_SetPbeMode
 .text.OSC_HAL_SetCapacitor
                0x00008528        0xe C:/ProgramData/MATLAB/SupportPackages/R2020a/toolbox/target/supportpackages/freedomk64f/src/ksdk_armgcc_lib/bm/libksdk_platform.a(fsl_osc_hal.o)
                0x00008528                OSC_HAL_SetCapacitor
 .text.CLOCK_HAL_SetOutDiv
                0x00008536       0x28 C:/ProgramData/MATLAB/SupportPackages/R2020a/toolbox/target/supportpackages/freedomk64f/src/ksdk_armgcc_lib/bm/libksdk_platform.a(fsl_sim_hal_MK64F12.o)
                0x00008536                CLOCK_HAL_SetOutDiv
 *fill*         0x0000855e        0x2 
 .text.SIM_HAL_GetFtmExternalClkPinMode
                0x00008560       0x50 C:/ProgramData/MATLAB/SupportPackages/R2020a/toolbox/target/supportpackages/freedomk64f/src/ksdk_armgcc_lib/bm/libksdk_platform.a(fsl_sim_hal_MK64F12.o)
                0x00008560                SIM_HAL_GetFtmExternalClkPinMode
 .text.UART_DRV_CompleteSendData
                0x000085b0       0x54 C:/ProgramData/MATLAB/SupportPackages/R2020a/toolbox/target/supportpackages/freedomk64f/src/ksdk_armgcc_lib/bm/libksdk_platform.a(fsl_uart_driver.o)
 .text.UART_DRV_CompleteReceiveData
                0x00008604       0x5c C:/ProgramData/MATLAB/SupportPackages/R2020a/toolbox/target/supportpackages/freedomk64f/src/ksdk_armgcc_lib/bm/libksdk_platform.a(fsl_uart_driver.o)
 .text.UART_DRV_IRQHandler
                0x00008660       0xdc C:/ProgramData/MATLAB/SupportPackages/R2020a/toolbox/target/supportpackages/freedomk64f/src/ksdk_armgcc_lib/bm/libksdk_platform.a(fsl_uart_driver.o)
                0x00008660                UART_DRV_IRQHandler
 .text.ADC16_HAL_Init
                0x0000873c       0x10 C:/ProgramData/MATLAB/SupportPackages/R2020a/toolbox/target/supportpackages/freedomk64f/src/ksdk_armgcc_lib/bm/libksdk_platform.a(fsl_adc16_hal.o)
                0x0000873c                ADC16_HAL_Init
 .text.ADC16_HAL_ConfigChn
                0x0000874c       0x40 C:/ProgramData/MATLAB/SupportPackages/R2020a/toolbox/target/supportpackages/freedomk64f/src/ksdk_armgcc_lib/bm/libksdk_platform.a(fsl_adc16_hal.o)
                0x0000874c                ADC16_HAL_ConfigChn
 .text.ADC16_HAL_ConfigConverter
                0x0000878c       0x92 C:/ProgramData/MATLAB/SupportPackages/R2020a/toolbox/target/supportpackages/freedomk64f/src/ksdk_armgcc_lib/bm/libksdk_platform.a(fsl_adc16_hal.o)
                0x0000878c                ADC16_HAL_ConfigConverter
 .text.EDMA_HAL_SetDmaRequestCmd
                0x0000881e        0xa C:/ProgramData/MATLAB/SupportPackages/R2020a/toolbox/target/supportpackages/freedomk64f/src/ksdk_armgcc_lib/bm/libksdk_platform.a(fsl_edma_hal.o)
                0x0000881e                EDMA_HAL_SetDmaRequestCmd
 .text.unlikely.FTM_HAL_SetChnEdgeLevel.part.0
                0x00008828       0x1c C:/ProgramData/MATLAB/SupportPackages/R2020a/toolbox/target/supportpackages/freedomk64f/src/ksdk_armgcc_lib/bm/libksdk_platform.a(fsl_ftm_hal.o)
 .text.FTM_HAL_Init
                0x00008844       0x38 C:/ProgramData/MATLAB/SupportPackages/R2020a/toolbox/target/supportpackages/freedomk64f/src/ksdk_armgcc_lib/bm/libksdk_platform.a(fsl_ftm_hal.o)
                0x00008844                FTM_HAL_Init
 .text.FTM_HAL_SetSyncMode
                0x0000887c       0x94 C:/ProgramData/MATLAB/SupportPackages/R2020a/toolbox/target/supportpackages/freedomk64f/src/ksdk_armgcc_lib/bm/libksdk_platform.a(fsl_ftm_hal.o)
                0x0000887c                FTM_HAL_SetSyncMode
 .text.FTM_HAL_Reset
                0x00008910       0x3e C:/ProgramData/MATLAB/SupportPackages/R2020a/toolbox/target/supportpackages/freedomk64f/src/ksdk_armgcc_lib/bm/libksdk_platform.a(fsl_ftm_hal.o)
                0x00008910                FTM_HAL_Reset
 .text.FTM_HAL_GetChnPairIndex
                0x0000894e       0x1e C:/ProgramData/MATLAB/SupportPackages/R2020a/toolbox/target/supportpackages/freedomk64f/src/ksdk_armgcc_lib/bm/libksdk_platform.a(fsl_ftm_hal.o)
                0x0000894e                FTM_HAL_GetChnPairIndex
 .text.FTM_HAL_EnablePwmMode
                0x0000896c       0xcc C:/ProgramData/MATLAB/SupportPackages/R2020a/toolbox/target/supportpackages/freedomk64f/src/ksdk_armgcc_lib/bm/libksdk_platform.a(fsl_ftm_hal.o)
                0x0000896c                FTM_HAL_EnablePwmMode
 .text.GPIO_HAL_SetPinDir
                0x00008a38       0x34 C:/ProgramData/MATLAB/SupportPackages/R2020a/toolbox/target/supportpackages/freedomk64f/src/ksdk_armgcc_lib/bm/libksdk_platform.a(fsl_gpio_hal.o)
                0x00008a38                GPIO_HAL_SetPinDir
 .text.GPIO_HAL_WritePinOutput
                0x00008a6c       0x30 C:/ProgramData/MATLAB/SupportPackages/R2020a/toolbox/target/supportpackages/freedomk64f/src/ksdk_armgcc_lib/bm/libksdk_platform.a(fsl_gpio_hal.o)
                0x00008a6c                GPIO_HAL_WritePinOutput
 .text.UART_HAL_Putchar
                0x00008a9c        0x6 C:/ProgramData/MATLAB/SupportPackages/R2020a/toolbox/target/supportpackages/freedomk64f/src/ksdk_armgcc_lib/bm/libksdk_platform.a(fsl_uart_hal.o)
                0x00008a9c                UART_HAL_Putchar
 .text.UART_HAL_Getchar
                0x00008aa2        0x8 C:/ProgramData/MATLAB/SupportPackages/R2020a/toolbox/target/supportpackages/freedomk64f/src/ksdk_armgcc_lib/bm/libksdk_platform.a(fsl_uart_hal.o)
                0x00008aa2                UART_HAL_Getchar
 .text.UART_HAL_SetIntMode
                0x00008aaa       0x66 C:/ProgramData/MATLAB/SupportPackages/R2020a/toolbox/target/supportpackages/freedomk64f/src/ksdk_armgcc_lib/bm/libksdk_platform.a(fsl_uart_hal.o)
                0x00008aaa                UART_HAL_SetIntMode
 .text.UART_HAL_GetStatusFlag
                0x00008b10       0x2a C:/ProgramData/MATLAB/SupportPackages/R2020a/toolbox/target/supportpackages/freedomk64f/src/ksdk_armgcc_lib/bm/libksdk_platform.a(fsl_uart_hal.o)
                0x00008b10                UART_HAL_GetStatusFlag
 .text.UART_HAL_ClearStatusFlag
                0x00008b3a       0x64 C:/ProgramData/MATLAB/SupportPackages/R2020a/toolbox/target/supportpackages/freedomk64f/src/ksdk_armgcc_lib/bm/libksdk_platform.a(fsl_uart_hal.o)
                0x00008b3a                UART_HAL_ClearStatusFlag
 *fill*         0x00008b9e        0x2 
 .text.ceil     0x00008ba0      0x110 c:/progra~3/matlab/suppor~1/r2020a/3p778c~1.ins/gnuarm~1.ins/win/bin/../lib/gcc/arm-none-eabi/7.2.1/../../../../arm-none-eabi/lib/thumb/v7e-m/fpv4-sp/hard\libm.a(lib_a-s_ceil.o)
                0x00008ba0                ceil
 .text.abort    0x00008cb0       0x10 c:/progra~3/matlab/suppor~1/r2020a/3p778c~1.ins/gnuarm~1.ins/win/bin/../lib/gcc/arm-none-eabi/7.2.1/../../../../arm-none-eabi/lib/thumb/v7e-m/fpv4-sp/hard\libg.a(lib_a-abort.o)
                0x00008cb0                abort
 .text.__assert_func
                0x00008cc0       0x3c c:/progra~3/matlab/suppor~1/r2020a/3p778c~1.ins/gnuarm~1.ins/win/bin/../lib/gcc/arm-none-eabi/7.2.1/../../../../arm-none-eabi/lib/thumb/v7e-m/fpv4-sp/hard\libg.a(lib_a-assert.o)
                0x00008cc0                __assert_func
 .text.atexit   0x00008cfc        0xc c:/progra~3/matlab/suppor~1/r2020a/3p778c~1.ins/gnuarm~1.ins/win/bin/../lib/gcc/arm-none-eabi/7.2.1/../../../../arm-none-eabi/lib/thumb/v7e-m/fpv4-sp/hard\libg.a(lib_a-atexit.o)
                0x00008cfc                atexit
 .text.__errno  0x00008d08        0xc c:/progra~3/matlab/suppor~1/r2020a/3p778c~1.ins/gnuarm~1.ins/win/bin/../lib/gcc/arm-none-eabi/7.2.1/../../../../arm-none-eabi/lib/thumb/v7e-m/fpv4-sp/hard\libg.a(lib_a-errno.o)
                0x00008d08                __errno
 .text.exit     0x00008d14       0x20 c:/progra~3/matlab/suppor~1/r2020a/3p778c~1.ins/gnuarm~1.ins/win/bin/../lib/gcc/arm-none-eabi/7.2.1/../../../../arm-none-eabi/lib/thumb/v7e-m/fpv4-sp/hard\libg.a(lib_a-exit.o)
                0x00008d14                exit
 .text.__libc_fini_array
                0x00008d34       0x34 c:/progra~3/matlab/suppor~1/r2020a/3p778c~1.ins/gnuarm~1.ins/win/bin/../lib/gcc/arm-none-eabi/7.2.1/../../../../arm-none-eabi/lib/thumb/v7e-m/fpv4-sp/hard\libg.a(lib_a-fini.o)
                0x00008d34                __libc_fini_array
 .text.fiprintf
                0x00008d68       0x28 c:/progra~3/matlab/suppor~1/r2020a/3p778c~1.ins/gnuarm~1.ins/win/bin/../lib/gcc/arm-none-eabi/7.2.1/../../../../arm-none-eabi/lib/thumb/v7e-m/fpv4-sp/hard\libg.a(lib_a-fiprintf.o)
                0x00008d68                fiprintf
 .text.__libc_init_array
                0x00008d90       0x48 c:/progra~3/matlab/suppor~1/r2020a/3p778c~1.ins/gnuarm~1.ins/win/bin/../lib/gcc/arm-none-eabi/7.2.1/../../../../arm-none-eabi/lib/thumb/v7e-m/fpv4-sp/hard\libg.a(lib_a-init.o)
                0x00008d90                __libc_init_array
 .text.malloc   0x00008dd8       0x10 c:/progra~3/matlab/suppor~1/r2020a/3p778c~1.ins/gnuarm~1.ins/win/bin/../lib/gcc/arm-none-eabi/7.2.1/../../../../arm-none-eabi/lib/thumb/v7e-m/fpv4-sp/hard\libg.a(lib_a-malloc.o)
                0x00008dd8                malloc
 .text.free     0x00008de8       0x10 c:/progra~3/matlab/suppor~1/r2020a/3p778c~1.ins/gnuarm~1.ins/win/bin/../lib/gcc/arm-none-eabi/7.2.1/../../../../arm-none-eabi/lib/thumb/v7e-m/fpv4-sp/hard\libg.a(lib_a-malloc.o)
                0x00008de8                free
 .text._malloc_r
                0x00008df8      0x548 c:/progra~3/matlab/suppor~1/r2020a/3p778c~1.ins/gnuarm~1.ins/win/bin/../lib/gcc/arm-none-eabi/7.2.1/../../../../arm-none-eabi/lib/thumb/v7e-m/fpv4-sp/hard\libg.a(lib_a-mallocr.o)
                0x00008df8                _malloc_r
 .text.memset   0x00009340       0x94 c:/progra~3/matlab/suppor~1/r2020a/3p778c~1.ins/gnuarm~1.ins/win/bin/../lib/gcc/arm-none-eabi/7.2.1/../../../../arm-none-eabi/lib/thumb/v7e-m/fpv4-sp/hard\libg.a(lib_a-memset.o)
                0x00009340                memset
 .text.__malloc_lock
                0x000093d4        0xc c:/progra~3/matlab/suppor~1/r2020a/3p778c~1.ins/gnuarm~1.ins/win/bin/../lib/gcc/arm-none-eabi/7.2.1/../../../../arm-none-eabi/lib/thumb/v7e-m/fpv4-sp/hard\libg.a(lib_a-mlock.o)
                0x000093d4                __malloc_lock
 .text.__malloc_unlock
                0x000093e0        0xc c:/progra~3/matlab/suppor~1/r2020a/3p778c~1.ins/gnuarm~1.ins/win/bin/../lib/gcc/arm-none-eabi/7.2.1/../../../../arm-none-eabi/lib/thumb/v7e-m/fpv4-sp/hard\libg.a(lib_a-mlock.o)
                0x000093e0                __malloc_unlock
 .text._sbrk_r  0x000093ec       0x24 c:/progra~3/matlab/suppor~1/r2020a/3p778c~1.ins/gnuarm~1.ins/win/bin/../lib/gcc/arm-none-eabi/7.2.1/../../../../arm-none-eabi/lib/thumb/v7e-m/fpv4-sp/hard\libg.a(lib_a-sbrkr.o)
                0x000093ec                _sbrk_r
 .text._raise_r
                0x00009410       0x58 c:/progra~3/matlab/suppor~1/r2020a/3p778c~1.ins/gnuarm~1.ins/win/bin/../lib/gcc/arm-none-eabi/7.2.1/../../../../arm-none-eabi/lib/thumb/v7e-m/fpv4-sp/hard\libg.a(lib_a-signal.o)
                0x00009410                _raise_r
 .text.raise    0x00009468       0x10 c:/progra~3/matlab/suppor~1/r2020a/3p778c~1.ins/gnuarm~1.ins/win/bin/../lib/gcc/arm-none-eabi/7.2.1/../../../../arm-none-eabi/lib/thumb/v7e-m/fpv4-sp/hard\libg.a(lib_a-signal.o)
                0x00009468                raise
 .text._kill_r  0x00009478       0x28 c:/progra~3/matlab/suppor~1/r2020a/3p778c~1.ins/gnuarm~1.ins/win/bin/../lib/gcc/arm-none-eabi/7.2.1/../../../../arm-none-eabi/lib/thumb/v7e-m/fpv4-sp/hard\libg.a(lib_a-signalr.o)
                0x00009478                _kill_r
 .text._getpid_r
                0x000094a0        0x4 c:/progra~3/matlab/suppor~1/r2020a/3p778c~1.ins/gnuarm~1.ins/win/bin/../lib/gcc/arm-none-eabi/7.2.1/../../../../arm-none-eabi/lib/thumb/v7e-m/fpv4-sp/hard\libg.a(lib_a-signalr.o)
                0x000094a0                _getpid_r
 .text.__sprint_r.part.0
                0x000094a4       0x78 c:/progra~3/matlab/suppor~1/r2020a/3p778c~1.ins/gnuarm~1.ins/win/bin/../lib/gcc/arm-none-eabi/7.2.1/../../../../arm-none-eabi/lib/thumb/v7e-m/fpv4-sp/hard\libg.a(lib_a-vfiprintf.o)
 .text._vfiprintf_r
                0x0000951c      0xc24 c:/progra~3/matlab/suppor~1/r2020a/3p778c~1.ins/gnuarm~1.ins/win/bin/../lib/gcc/arm-none-eabi/7.2.1/../../../../arm-none-eabi/lib/thumb/v7e-m/fpv4-sp/hard\libg.a(lib_a-vfiprintf.o)
                0x0000951c                _vfiprintf_r
 .text.__sbprintf
                0x0000a140       0x84 c:/progra~3/matlab/suppor~1/r2020a/3p778c~1.ins/gnuarm~1.ins/win/bin/../lib/gcc/arm-none-eabi/7.2.1/../../../../arm-none-eabi/lib/thumb/v7e-m/fpv4-sp/hard\libg.a(lib_a-vfiprintf.o)
 .text.__swsetup_r
                0x0000a1c4       0xcc c:/progra~3/matlab/suppor~1/r2020a/3p778c~1.ins/gnuarm~1.ins/win/bin/../lib/gcc/arm-none-eabi/7.2.1/../../../../arm-none-eabi/lib/thumb/v7e-m/fpv4-sp/hard\libg.a(lib_a-wsetup.o)
                0x0000a1c4                __swsetup_r
 .text.__register_exitproc
                0x0000a290       0xc0 c:/progra~3/matlab/suppor~1/r2020a/3p778c~1.ins/gnuarm~1.ins/win/bin/../lib/gcc/arm-none-eabi/7.2.1/../../../../arm-none-eabi/lib/thumb/v7e-m/fpv4-sp/hard\libg.a(lib_a-__atexit.o)
                0x0000a290                __register_exitproc
 .text.startup.register_fini
                0x0000a350       0x14 c:/progra~3/matlab/suppor~1/r2020a/3p778c~1.ins/gnuarm~1.ins/win/bin/../lib/gcc/arm-none-eabi/7.2.1/../../../../arm-none-eabi/lib/thumb/v7e-m/fpv4-sp/hard\libg.a(lib_a-__call_atexit.o)
 .text.__call_exitprocs
                0x0000a364       0xe8 c:/progra~3/matlab/suppor~1/r2020a/3p778c~1.ins/gnuarm~1.ins/win/bin/../lib/gcc/arm-none-eabi/7.2.1/../../../../arm-none-eabi/lib/thumb/v7e-m/fpv4-sp/hard\libg.a(lib_a-__call_atexit.o)
                0x0000a364                __call_exitprocs
 .text.__sflush_r
                0x0000a44c      0x154 c:/progra~3/matlab/suppor~1/r2020a/3p778c~1.ins/gnuarm~1.ins/win/bin/../lib/gcc/arm-none-eabi/7.2.1/../../../../arm-none-eabi/lib/thumb/v7e-m/fpv4-sp/hard\libg.a(lib_a-fflush.o)
                0x0000a44c                __sflush_r
 .text._fflush_r
                0x0000a5a0       0x5c c:/progra~3/matlab/suppor~1/r2020a/3p778c~1.ins/gnuarm~1.ins/win/bin/../lib/gcc/arm-none-eabi/7.2.1/../../../../arm-none-eabi/lib/thumb/v7e-m/fpv4-sp/hard\libg.a(lib_a-fflush.o)
                0x0000a5a0                _fflush_r
 .text.std      0x0000a5fc       0x50 c:/progra~3/matlab/suppor~1/r2020a/3p778c~1.ins/gnuarm~1.ins/win/bin/../lib/gcc/arm-none-eabi/7.2.1/../../../../arm-none-eabi/lib/thumb/v7e-m/fpv4-sp/hard\libg.a(lib_a-findfp.o)
 .text._cleanup_r
                0x0000a64c        0xc c:/progra~3/matlab/suppor~1/r2020a/3p778c~1.ins/gnuarm~1.ins/win/bin/../lib/gcc/arm-none-eabi/7.2.1/../../../../arm-none-eabi/lib/thumb/v7e-m/fpv4-sp/hard\libg.a(lib_a-findfp.o)
                0x0000a64c                _cleanup_r
 .text.__sinit  0x0000a658       0x58 c:/progra~3/matlab/suppor~1/r2020a/3p778c~1.ins/gnuarm~1.ins/win/bin/../lib/gcc/arm-none-eabi/7.2.1/../../../../arm-none-eabi/lib/thumb/v7e-m/fpv4-sp/hard\libg.a(lib_a-findfp.o)
                0x0000a658                __sinit
 .text.__sfp_lock_acquire
                0x0000a6b0        0xc c:/progra~3/matlab/suppor~1/r2020a/3p778c~1.ins/gnuarm~1.ins/win/bin/../lib/gcc/arm-none-eabi/7.2.1/../../../../arm-none-eabi/lib/thumb/v7e-m/fpv4-sp/hard\libg.a(lib_a-findfp.o)
                0x0000a6b0                __sfp_lock_acquire
 .text.__sfp_lock_release
                0x0000a6bc        0xc c:/progra~3/matlab/suppor~1/r2020a/3p778c~1.ins/gnuarm~1.ins/win/bin/../lib/gcc/arm-none-eabi/7.2.1/../../../../arm-none-eabi/lib/thumb/v7e-m/fpv4-sp/hard\libg.a(lib_a-findfp.o)
                0x0000a6bc                __sfp_lock_release
 .text.__fputwc
                0x0000a6c8       0xa0 c:/progra~3/matlab/suppor~1/r2020a/3p778c~1.ins/gnuarm~1.ins/win/bin/../lib/gcc/arm-none-eabi/7.2.1/../../../../arm-none-eabi/lib/thumb/v7e-m/fpv4-sp/hard\libg.a(lib_a-fputwc.o)
                0x0000a6c8                __fputwc
 .text._fputwc_r
                0x0000a768       0x64 c:/progra~3/matlab/suppor~1/r2020a/3p778c~1.ins/gnuarm~1.ins/win/bin/../lib/gcc/arm-none-eabi/7.2.1/../../../../arm-none-eabi/lib/thumb/v7e-m/fpv4-sp/hard\libg.a(lib_a-fputwc.o)
                0x0000a768                _fputwc_r
 .text._malloc_trim_r
                0x0000a7cc       0xa0 c:/progra~3/matlab/suppor~1/r2020a/3p778c~1.ins/gnuarm~1.ins/win/bin/../lib/gcc/arm-none-eabi/7.2.1/../../../../arm-none-eabi/lib/thumb/v7e-m/fpv4-sp/hard\libg.a(lib_a-freer.o)
                0x0000a7cc                _malloc_trim_r
 .text._free_r  0x0000a86c      0x1e8 c:/progra~3/matlab/suppor~1/r2020a/3p778c~1.ins/gnuarm~1.ins/win/bin/../lib/gcc/arm-none-eabi/7.2.1/../../../../arm-none-eabi/lib/thumb/v7e-m/fpv4-sp/hard\libg.a(lib_a-freer.o)
                0x0000a86c                _free_r
 .text.__sfvwrite_r
                0x0000aa54      0x2fc c:/progra~3/matlab/suppor~1/r2020a/3p778c~1.ins/gnuarm~1.ins/win/bin/../lib/gcc/arm-none-eabi/7.2.1/../../../../arm-none-eabi/lib/thumb/v7e-m/fpv4-sp/hard\libg.a(lib_a-fvwrite.o)
                0x0000aa54                __sfvwrite_r
 .text._fwalk_reent
                0x0000ad50       0x54 c:/progra~3/matlab/suppor~1/r2020a/3p778c~1.ins/gnuarm~1.ins/win/bin/../lib/gcc/arm-none-eabi/7.2.1/../../../../arm-none-eabi/lib/thumb/v7e-m/fpv4-sp/hard\libg.a(lib_a-fwalk.o)
                0x0000ad50                _fwalk_reent
 .text.__locale_mb_cur_max
                0x0000ada4       0x1c c:/progra~3/matlab/suppor~1/r2020a/3p778c~1.ins/gnuarm~1.ins/win/bin/../lib/gcc/arm-none-eabi/7.2.1/../../../../arm-none-eabi/lib/thumb/v7e-m/fpv4-sp/hard\libg.a(lib_a-locale.o)
                0x0000ada4                __locale_mb_cur_max
 .text.__retarget_lock_init_recursive
                0x0000adc0        0x4 c:/progra~3/matlab/suppor~1/r2020a/3p778c~1.ins/gnuarm~1.ins/win/bin/../lib/gcc/arm-none-eabi/7.2.1/../../../../arm-none-eabi/lib/thumb/v7e-m/fpv4-sp/hard\libg.a(lib_a-lock.o)
                0x0000adc0                __retarget_lock_init_recursive
 .text.__retarget_lock_close_recursive
                0x0000adc4        0x4 c:/progra~3/matlab/suppor~1/r2020a/3p778c~1.ins/gnuarm~1.ins/win/bin/../lib/gcc/arm-none-eabi/7.2.1/../../../../arm-none-eabi/lib/thumb/v7e-m/fpv4-sp/hard\libg.a(lib_a-lock.o)
                0x0000adc4                __retarget_lock_close_recursive
 .text.__retarget_lock_acquire_recursive
                0x0000adc8        0x4 c:/progra~3/matlab/suppor~1/r2020a/3p778c~1.ins/gnuarm~1.ins/win/bin/../lib/gcc/arm-none-eabi/7.2.1/../../../../arm-none-eabi/lib/thumb/v7e-m/fpv4-sp/hard\libg.a(lib_a-lock.o)
                0x0000adc8                __retarget_lock_acquire_recursive
 .text.__retarget_lock_release_recursive
                0x0000adcc        0x4 c:/progra~3/matlab/suppor~1/r2020a/3p778c~1.ins/gnuarm~1.ins/win/bin/../lib/gcc/arm-none-eabi/7.2.1/../../../../arm-none-eabi/lib/thumb/v7e-m/fpv4-sp/hard\libg.a(lib_a-lock.o)
                0x0000adcc                __retarget_lock_release_recursive
 .text.__swhatbuf_r
                0x0000add0       0x5c c:/progra~3/matlab/suppor~1/r2020a/3p778c~1.ins/gnuarm~1.ins/win/bin/../lib/gcc/arm-none-eabi/7.2.1/../../../../arm-none-eabi/lib/thumb/v7e-m/fpv4-sp/hard\libg.a(lib_a-makebuf.o)
                0x0000add0                __swhatbuf_r
 .text.__smakebuf_r
                0x0000ae2c       0x94 c:/progra~3/matlab/suppor~1/r2020a/3p778c~1.ins/gnuarm~1.ins/win/bin/../lib/gcc/arm-none-eabi/7.2.1/../../../../arm-none-eabi/lib/thumb/v7e-m/fpv4-sp/hard\libg.a(lib_a-makebuf.o)
                0x0000ae2c                __smakebuf_r
 .text.__ascii_mbtowc
                0x0000aec0       0x2c c:/progra~3/matlab/suppor~1/r2020a/3p778c~1.ins/gnuarm~1.ins/win/bin/../lib/gcc/arm-none-eabi/7.2.1/../../../../arm-none-eabi/lib/thumb/v7e-m/fpv4-sp/hard\libg.a(lib_a-mbtowc_r.o)
                0x0000aec0                __ascii_mbtowc
 .text.memmove  0x0000aeec       0xc8 c:/progra~3/matlab/suppor~1/r2020a/3p778c~1.ins/gnuarm~1.ins/win/bin/../lib/gcc/arm-none-eabi/7.2.1/../../../../arm-none-eabi/lib/thumb/v7e-m/fpv4-sp/hard\libg.a(lib_a-memmove.o)
                0x0000aeec                memmove
 .text._realloc_r
                0x0000afb4      0x35c c:/progra~3/matlab/suppor~1/r2020a/3p778c~1.ins/gnuarm~1.ins/win/bin/../lib/gcc/arm-none-eabi/7.2.1/../../../../arm-none-eabi/lib/thumb/v7e-m/fpv4-sp/hard\libg.a(lib_a-reallocr.o)
                0x0000afb4                _realloc_r
 .text.__sread  0x0000b310       0x24 c:/progra~3/matlab/suppor~1/r2020a/3p778c~1.ins/gnuarm~1.ins/win/bin/../lib/gcc/arm-none-eabi/7.2.1/../../../../arm-none-eabi/lib/thumb/v7e-m/fpv4-sp/hard\libg.a(lib_a-stdio.o)
                0x0000b310                __sread
 .text.__swrite
                0x0000b334       0x3c c:/progra~3/matlab/suppor~1/r2020a/3p778c~1.ins/gnuarm~1.ins/win/bin/../lib/gcc/arm-none-eabi/7.2.1/../../../../arm-none-eabi/lib/thumb/v7e-m/fpv4-sp/hard\libg.a(lib_a-stdio.o)
                0x0000b334                __swrite
 .text.__sseek  0x0000b370       0x20 c:/progra~3/matlab/suppor~1/r2020a/3p778c~1.ins/gnuarm~1.ins/win/bin/../lib/gcc/arm-none-eabi/7.2.1/../../../../arm-none-eabi/lib/thumb/v7e-m/fpv4-sp/hard\libg.a(lib_a-stdio.o)
                0x0000b370                __sseek
 .text.__sclose
                0x0000b390        0x8 c:/progra~3/matlab/suppor~1/r2020a/3p778c~1.ins/gnuarm~1.ins/win/bin/../lib/gcc/arm-none-eabi/7.2.1/../../../../arm-none-eabi/lib/thumb/v7e-m/fpv4-sp/hard\libg.a(lib_a-stdio.o)
                0x0000b390                __sclose
 .text.__swbuf_r
                0x0000b398       0xb0 c:/progra~3/matlab/suppor~1/r2020a/3p778c~1.ins/gnuarm~1.ins/win/bin/../lib/gcc/arm-none-eabi/7.2.1/../../../../arm-none-eabi/lib/thumb/v7e-m/fpv4-sp/hard\libg.a(lib_a-wbuf.o)
                0x0000b398                __swbuf_r
 .text._wcrtomb_r
                0x0000b448       0x50 c:/progra~3/matlab/suppor~1/r2020a/3p778c~1.ins/gnuarm~1.ins/win/bin/../lib/gcc/arm-none-eabi/7.2.1/../../../../arm-none-eabi/lib/thumb/v7e-m/fpv4-sp/hard\libg.a(lib_a-wcrtomb.o)
                0x0000b448                _wcrtomb_r
 .text.__ascii_wctomb
                0x0000b498       0x1c c:/progra~3/matlab/suppor~1/r2020a/3p778c~1.ins/gnuarm~1.ins/win/bin/../lib/gcc/arm-none-eabi/7.2.1/../../../../arm-none-eabi/lib/thumb/v7e-m/fpv4-sp/hard\libg.a(lib_a-wctomb_r.o)
                0x0000b498                __ascii_wctomb
 .text._write_r
                0x0000b4b4       0x2c c:/progra~3/matlab/suppor~1/r2020a/3p778c~1.ins/gnuarm~1.ins/win/bin/../lib/gcc/arm-none-eabi/7.2.1/../../../../arm-none-eabi/lib/thumb/v7e-m/fpv4-sp/hard\libg.a(lib_a-writer.o)
                0x0000b4b4                _write_r
 .text._close_r
                0x0000b4e0       0x24 c:/progra~3/matlab/suppor~1/r2020a/3p778c~1.ins/gnuarm~1.ins/win/bin/../lib/gcc/arm-none-eabi/7.2.1/../../../../arm-none-eabi/lib/thumb/v7e-m/fpv4-sp/hard\libg.a(lib_a-closer.o)
                0x0000b4e0                _close_r
 .text._fclose_r
                0x0000b504       0xd0 c:/progra~3/matlab/suppor~1/r2020a/3p778c~1.ins/gnuarm~1.ins/win/bin/../lib/gcc/arm-none-eabi/7.2.1/../../../../arm-none-eabi/lib/thumb/v7e-m/fpv4-sp/hard\libg.a(lib_a-fclose.o)
                0x0000b504                _fclose_r
 .text._fstat_r
                0x0000b5d4       0x28 c:/progra~3/matlab/suppor~1/r2020a/3p778c~1.ins/gnuarm~1.ins/win/bin/../lib/gcc/arm-none-eabi/7.2.1/../../../../arm-none-eabi/lib/thumb/v7e-m/fpv4-sp/hard\libg.a(lib_a-fstatr.o)
                0x0000b5d4                _fstat_r
 .text._isatty_r
                0x0000b5fc       0x24 c:/progra~3/matlab/suppor~1/r2020a/3p778c~1.ins/gnuarm~1.ins/win/bin/../lib/gcc/arm-none-eabi/7.2.1/../../../../arm-none-eabi/lib/thumb/v7e-m/fpv4-sp/hard\libg.a(lib_a-isattyr.o)
                0x0000b5fc                _isatty_r
 .text._lseek_r
                0x0000b620       0x2c c:/progra~3/matlab/suppor~1/r2020a/3p778c~1.ins/gnuarm~1.ins/win/bin/../lib/gcc/arm-none-eabi/7.2.1/../../../../arm-none-eabi/lib/thumb/v7e-m/fpv4-sp/hard\libg.a(lib_a-lseekr.o)
                0x0000b620                _lseek_r
 .text._read_r  0x0000b64c       0x2c c:/progra~3/matlab/suppor~1/r2020a/3p778c~1.ins/gnuarm~1.ins/win/bin/../lib/gcc/arm-none-eabi/7.2.1/../../../../arm-none-eabi/lib/thumb/v7e-m/fpv4-sp/hard\libg.a(lib_a-readr.o)
                0x0000b64c                _read_r
 .text._close   0x0000b678       0x10 c:/progra~3/matlab/suppor~1/r2020a/3p778c~1.ins/gnuarm~1.ins/win/bin/../lib/gcc/arm-none-eabi/7.2.1/../../../../arm-none-eabi/lib/thumb/v7e-m/fpv4-sp/hard\libnosys.a(close.o)
                0x0000b678                _close
 .text._fstat   0x0000b688       0x10 c:/progra~3/matlab/suppor~1/r2020a/3p778c~1.ins/gnuarm~1.ins/win/bin/../lib/gcc/arm-none-eabi/7.2.1/../../../../arm-none-eabi/lib/thumb/v7e-m/fpv4-sp/hard\libnosys.a(fstat.o)
                0x0000b688                _fstat
 .text._getpid  0x0000b698       0x10 c:/progra~3/matlab/suppor~1/r2020a/3p778c~1.ins/gnuarm~1.ins/win/bin/../lib/gcc/arm-none-eabi/7.2.1/../../../../arm-none-eabi/lib/thumb/v7e-m/fpv4-sp/hard\libnosys.a(getpid.o)
                0x0000b698                _getpid
 .text._isatty  0x0000b6a8       0x10 c:/progra~3/matlab/suppor~1/r2020a/3p778c~1.ins/gnuarm~1.ins/win/bin/../lib/gcc/arm-none-eabi/7.2.1/../../../../arm-none-eabi/lib/thumb/v7e-m/fpv4-sp/hard\libnosys.a(isatty.o)
                0x0000b6a8                _isatty
 .text._kill    0x0000b6b8       0x10 c:/progra~3/matlab/suppor~1/r2020a/3p778c~1.ins/gnuarm~1.ins/win/bin/../lib/gcc/arm-none-eabi/7.2.1/../../../../arm-none-eabi/lib/thumb/v7e-m/fpv4-sp/hard\libnosys.a(kill.o)
                0x0000b6b8                _kill
 .text._lseek   0x0000b6c8       0x10 c:/progra~3/matlab/suppor~1/r2020a/3p778c~1.ins/gnuarm~1.ins/win/bin/../lib/gcc/arm-none-eabi/7.2.1/../../../../arm-none-eabi/lib/thumb/v7e-m/fpv4-sp/hard\libnosys.a(lseek.o)
                0x0000b6c8                _lseek
 .text._read    0x0000b6d8       0x10 c:/progra~3/matlab/suppor~1/r2020a/3p778c~1.ins/gnuarm~1.ins/win/bin/../lib/gcc/arm-none-eabi/7.2.1/../../../../arm-none-eabi/lib/thumb/v7e-m/fpv4-sp/hard\libnosys.a(read.o)
                0x0000b6d8                _read
 .text._write   0x0000b6e8       0x10 c:/progra~3/matlab/suppor~1/r2020a/3p778c~1.ins/gnuarm~1.ins/win/bin/../lib/gcc/arm-none-eabi/7.2.1/../../../../arm-none-eabi/lib/thumb/v7e-m/fpv4-sp/hard\libnosys.a(write.o)
                0x0000b6e8                _write
 .text._exit    0x0000b6f8        0x4 c:/progra~3/matlab/suppor~1/r2020a/3p778c~1.ins/gnuarm~1.ins/win/bin/../lib/gcc/arm-none-eabi/7.2.1/../../../../arm-none-eabi/lib/thumb/v7e-m/fpv4-sp/hard\libnosys.a(_exit.o)
                0x0000b6f8                _exit
 *(.rodata)
 .rodata        0x0000b6fc       0x44 MW_PWM.o
 .rodata        0x0000b740       0x50 board.o
 *(.rodata*)
 .rodata.Assignment1_M
                0x0000b790        0x4 Assignment1.o
                0x0000b790                Assignment1_M
 .rodata.__func__.7519
                0x0000b794       0x14 MW_PWM.o
 .rodata.os_maxtaskrun
                0x0000b7a8        0x2 RTX_Conf_CM.o
                0x0000b7a8                os_maxtaskrun
 *fill*         0x0000b7aa        0x2 
 .rodata.os_stackinfo
                0x0000b7ac        0x4 RTX_Conf_CM.o
                0x0000b7ac                os_stackinfo
 .rodata.os_trv
                0x0000b7b0        0x4 RTX_Conf_CM.o
                0x0000b7b0                os_trv
 .rodata.os_flags
                0x0000b7b4        0x1 RTX_Conf_CM.o
                0x0000b7b4                os_flags
 *fill*         0x0000b7b5        0x3 
 .rodata.os_clockrate
                0x0000b7b8        0x4 RTX_Conf_CM.o
                0x0000b7b8                os_clockrate
 .rodata.mp_tcb_size