Archive member included to satisfy reference by file (symbol)

C:/ProgramData/MATLAB/SupportPackages/R2020a/3P.instrset/cmsis.instrset/CMSIS/RTOS/RTX/LIB/GCC/libRTX_CM4.a(rt_cmsis.o)
                              RTX_Conf_CM.o (osKernelInitialize)
C:/ProgramData/MATLAB/SupportPackages/R2020a/3P.instrset/cmsis.instrset/CMSIS/RTOS/RTX/LIB/GCC/libRTX_CM4.a(hal_cm.o)
                              C:/ProgramData/MATLAB/SupportPackages/R2020a/3P.instrset/cmsis.instrset/CMSIS/RTOS/RTX/LIB/GCC/libRTX_CM4.a(rt_cmsis.o) (rt_ret_val)
C:/ProgramData/MATLAB/SupportPackages/R2020a/3P.instrset/cmsis.instrset/CMSIS/RTOS/RTX/LIB/GCC/libRTX_CM4.a(rt_memory.o)
                              C:/ProgramData/MATLAB/SupportPackages/R2020a/3P.instrset/cmsis.instrset/CMSIS/RTOS/RTX/LIB/GCC/libRTX_CM4.a(rt_cmsis.o) (rt_init_mem)
C:/ProgramData/MATLAB/SupportPackages/R2020a/3P.instrset/cmsis.instrset/CMSIS/RTOS/RTX/LIB/GCC/libRTX_CM4.a(rt_membox.o)
                              C:/ProgramData/MATLAB/SupportPackages/R2020a/3P.instrset/cmsis.instrset/CMSIS/RTOS/RTX/LIB/GCC/libRTX_CM4.a(rt_cmsis.o) (_init_box)
C:/ProgramData/MATLAB/SupportPackages/R2020a/3P.instrset/cmsis.instrset/CMSIS/RTOS/RTX/LIB/GCC/libRTX_CM4.a(rt_mutex.o)
                              C:/ProgramData/MATLAB/SupportPackages/R2020a/3P.instrset/cmsis.instrset/CMSIS/RTOS/RTX/LIB/GCC/libRTX_CM4.a(rt_cmsis.o) (rt_mut_init)
C:/ProgramData/MATLAB/SupportPackages/R2020a/3P.instrset/cmsis.instrset/CMSIS/RTOS/RTX/LIB/GCC/libRTX_CM4.a(rt_time.o)
                              C:/ProgramData/MATLAB/SupportPackages/R2020a/3P.instrset/cmsis.instrset/CMSIS/RTOS/RTX/LIB/GCC/libRTX_CM4.a(rt_cmsis.o) (os_time)
C:/ProgramData/MATLAB/SupportPackages/R2020a/3P.instrset/cmsis.instrset/CMSIS/RTOS/RTX/LIB/GCC/libRTX_CM4.a(rt_semaphore.o)
                              C:/ProgramData/MATLAB/SupportPackages/R2020a/3P.instrset/cmsis.instrset/CMSIS/RTOS/RTX/LIB/GCC/libRTX_CM4.a(rt_cmsis.o) (rt_sem_init)
C:/ProgramData/MATLAB/SupportPackages/R2020a/3P.instrset/cmsis.instrset/CMSIS/RTOS/RTX/LIB/GCC/libRTX_CM4.a(rt_mailbox.o)
                              C:/ProgramData/MATLAB/SupportPackages/R2020a/3P.instrset/cmsis.instrset/CMSIS/RTOS/RTX/LIB/GCC/libRTX_CM4.a(rt_cmsis.o) (rt_mbx_init)
C:/ProgramData/MATLAB/SupportPackages/R2020a/3P.instrset/cmsis.instrset/CMSIS/RTOS/RTX/LIB/GCC/libRTX_CM4.a(rt_list.o)
                              C:/ProgramData/MATLAB/SupportPackages/R2020a/3P.instrset/cmsis.instrset/CMSIS/RTOS/RTX/LIB/GCC/libRTX_CM4.a(rt_cmsis.o) (rt_put_prio)
C:/ProgramData/MATLAB/SupportPackages/R2020a/3P.instrset/cmsis.instrset/CMSIS/RTOS/RTX/LIB/GCC/libRTX_CM4.a(rt_event.o)
                              C:/ProgramData/MATLAB/SupportPackages/R2020a/3P.instrset/cmsis.instrset/CMSIS/RTOS/RTX/LIB/GCC/libRTX_CM4.a(rt_cmsis.o) (rt_evt_wait)
C:/ProgramData/MATLAB/SupportPackages/R2020a/3P.instrset/cmsis.instrset/CMSIS/RTOS/RTX/LIB/GCC/libRTX_CM4.a(rt_system.o)
                              C:/ProgramData/MATLAB/SupportPackages/R2020a/3P.instrset/cmsis.instrset/CMSIS/RTOS/RTX/LIB/GCC/libRTX_CM4.a(rt_cmsis.o) (rt_suspend)
C:/ProgramData/MATLAB/SupportPackages/R2020a/3P.instrset/cmsis.instrset/CMSIS/RTOS/RTX/LIB/GCC/libRTX_CM4.a(rt_task.o)
                              C:/ProgramData/MATLAB/SupportPackages/R2020a/3P.instrset/cmsis.instrset/CMSIS/RTOS/RTX/LIB/GCC/libRTX_CM4.a(rt_system.o) (rt_switch_req)
C:/ProgramData/MATLAB/SupportPackages/R2020a/3P.instrset/cmsis.instrset/CMSIS/RTOS/RTX/LIB/GCC/libRTX_CM4.a(hal_cm4.o)
                              C:/ProgramData/MATLAB/SupportPackages/R2020a/3P.instrset/cmsis.instrset/CMSIS/RTOS/RTX/LIB/GCC/libRTX_CM4.a(rt_task.o) (rt_get_PSP)
C:/ProgramData/MATLAB/SupportPackages/R2020a/3P.instrset/cmsis.instrset/CMSIS/RTOS/RTX/LIB/GCC/libRTX_CM4.a(svc_table.o)
                              C:/ProgramData/MATLAB/SupportPackages/R2020a/3P.instrset/cmsis.instrset/CMSIS/RTOS/RTX/LIB/GCC/libRTX_CM4.a(hal_cm4.o) (SVC_Table)
C:/ProgramData/MATLAB/SupportPackages/R2020a/3P.instrset/cmsis.instrset/CMSIS/RTOS/RTX/LIB/GCC/libRTX_CM4.a(rt_robin.o)
                              C:/ProgramData/MATLAB/SupportPackages/R2020a/3P.instrset/cmsis.instrset/CMSIS/RTOS/RTX/LIB/GCC/libRTX_CM4.a(rt_system.o) (os_robin)
C:/ProgramData/MATLAB/SupportPackages/R2020a/toolbox/target/supportpackages/freedomk64f/src/ksdk_armgcc_lib/bm/libksdk_platform.a(fsl_os_abstraction_bm.o)
                              hardware_init.o (OSA_Init)
C:/ProgramData/MATLAB/SupportPackages/R2020a/toolbox/target/supportpackages/freedomk64f/src/ksdk_armgcc_lib/bm/libksdk_platform.a(fsl_clock_manager.o)
                              board.o (CLOCK_SYS_OscInit)
C:/ProgramData/MATLAB/SupportPackages/R2020a/toolbox/target/supportpackages/freedomk64f/src/ksdk_armgcc_lib/bm/libksdk_platform.a(fsl_clock_manager_common.o)
                              C:/ProgramData/MATLAB/SupportPackages/R2020a/toolbox/target/supportpackages/freedomk64f/src/ksdk_armgcc_lib/bm/libksdk_platform.a(fsl_clock_manager.o) (g_oscBase)
[...]
Memory Configuration

Name             Origin             Length             Attributes
m_interrupts     0x00000000         0x00000400         xr
m_flash_config   0x00000400         0x00000010         xr
m_text           0x00000410         0x000ffbf0         xr
m_data_2         0x1fff0000         0x00010000         rw
m_data           0x20000000         0x00030000         rw
*default*        0x00000000         0xffffffff

Linker script and memory map

LOAD c:/progra~3/matlab/suppor~1/r2020a/3p778c~1.ins/gnuarm~1.ins/win/bin/../lib/gcc/arm-none-eabi/7.2.1/thumb/v7e-m/fpv4-sp/hard/crti.o
LOAD c:/progra~3/matlab/suppor~1/r2020a/3p778c~1.ins/gnuarm~1.ins/win/bin/../lib/gcc/arm-none-eabi/7.2.1/thumb/v7e-m/fpv4-sp/hard/crtbegin.o
LOAD c:/progra~3/matlab/suppor~1/r2020a/3p778c~1.ins/gnuarm~1.ins/win/bin/../lib/gcc/arm-none-eabi/7.2.1/../../../../arm-none-eabi/lib/thumb/v7e-m/fpv4-sp/hard/crt0.o
LOAD Averynicefile.o
LOAD Averynicefile_data.o
LOAD MW_PWM.o
LOAD MW_digitalIO.o
LOAD RTX_Conf_CM.o
LOAD board.o
LOAD cmsis_rtos_init.o
LOAD ert_main.o
LOAD fsl_edma_irq.o
LOAD fsl_misc_utilities.o
LOAD fsl_uart_irq.o
LOAD hardware_init.o
LOAD irq_stub.o
LOAD mw_sdk_interface.o
LOAD mw_semaphore.o
LOAD mw_signal.o
LOAD mw_thread.o
LOAD mw_timer.o
LOAD pin_mux.o
LOAD sbrk.o
LOAD startup.o
LOAD startup_MK64F12.o
LOAD system_MK64F12.o
LOAD C:/ProgramData/MATLAB/SupportPackages/R2020a/3P.instrset/cmsis.instrset/CMSIS/Lib/GCC/libarm_cortexM4lf_math.a
LOAD C:/ProgramData/MATLAB/SupportPackages/R2020a/3P.instrset/cmsis.instrset/CMSIS/RTOS/RTX/LIB/GCC/libRTX_CM4.a
LOAD C:/ProgramData/MATLAB/SupportPackages/R2020a/toolbox/target/supportpackages/freedomk64f/src/ksdk_armgcc_lib/bm/libksdk_platform.a
LOAD c:/progra~3/matlab/suppor~1/r2020a/3p778c~1.ins/gnuarm~1.ins/win/bin/../lib/gcc/arm-none-eabi/7.2.1/../../../../arm-none-eabi/lib/thumb/v7e-m/fpv4-sp/hard\libstdc++.a
LOAD c:/progra~3/matlab/suppor~1/r2020a/3p778c~1.ins/gnuarm~1.ins/win/bin/../lib/gcc/arm-none-eabi/7.2.1/../../../../arm-none-eabi/lib/thumb/v7e-m/fpv4-sp/hard\libm.a
START GROUP
LOAD c:/progra~3/matlab/suppor~1/r2020a/3p778c~1.ins/gnuarm~1.ins/win/bin/../lib/gcc/arm-none-eabi/7.2.1/thumb/v7e-m/fpv4-sp/hard\libgcc.a
LOAD c:/progra~3/matlab/suppor~1/r2020a/3p778c~1.ins/gnuarm~1.ins/win/bin/../lib/gcc/arm-none-eabi/7.2.1/../../../../arm-none-eabi/lib/thumb/v7e-m/fpv4-sp/hard\libg.a
LOAD c:/progra~3/matlab/suppor~1/r2020a/3p778c~1.ins/gnuarm~1.ins/win/bin/../lib/gcc/arm-none-eabi/7.2.1/../../../../arm-none-eabi/lib/thumb/v7e-m/fpv4-sp/hard\libc.a
END GROUP
START GROUP
LOAD c:/progra~3/matlab/suppor~1/r2020a/3p778c~1.ins/gnuarm~1.ins/win/bin/../lib/gcc/arm-none-eabi/7.2.1/thumb/v7e-m/fpv4-sp/hard\libgcc.a
LOAD c:/progra~3/matlab/suppor~1/r2020a/3p778c~1.ins/gnuarm~1.ins/win/bin/../lib/gcc/arm-none-eabi/7.2.1/../../../../arm-none-eabi/lib/thumb/v7e-m/fpv4-sp/hard\libc.a
LOAD c:/progra~3/matlab/suppor~1/r2020a/3p778c~1.ins/gnuarm~1.ins/win/bin/../lib/gcc/arm-none-eabi/7.2.1/../../../../arm-none-eabi/lib/thumb/v7e-m/fpv4-sp/hard\libnosys.a
END GROUP
LOAD c:/progra~3/matlab/suppor~1/r2020a/3p778c~1.ins/gnuarm~1.ins/win/bin/../lib/gcc/arm-none-eabi/7.2.1/thumb/v7e-m/fpv4-sp/hard/crtend.o
LOAD c:/progra~3/matlab/suppor~1/r2020a/3p778c~1.ins/gnuarm~1.ins/win/bin/../lib/gcc/arm-none-eabi/7.2.1/thumb/v7e-m/fpv4-sp/hard/crtn.o
                0x00000400                HEAP_SIZE = DEFINED (__heap_size__)?__heap_size__:0x400
                0x00000400                STACK_SIZE = DEFINED (__stack_size__)?__stack_size__:0x400
                0x00000000                M_VECTOR_RAM_SIZE = DEFINED (__ram_vector_table__)?0x400:0x0

.interrupts     0x00000000      0x400
                0x00000000                __VECTOR_TABLE = .
                0x00000000                . = ALIGN (0x4)
 *(.isr_vector)
 .isr_vector    0x00000000      0x400 startup_MK64F12.o
                0x00000000                __isr_vector
                0x00000400                . = ALIGN (0x4)

.flash_config   0x00000400       0x10
                0x00000400                . = ALIGN (0x4)
 *(.FlashConfig)
 .FlashConfig   0x00000400       0x10 startup_MK64F12.o
                0x00000410                . = ALIGN (0x4)

.text           0x00000440     0xb02c
                0x00000440                . = ALIGN (0x4)
 *(.text)
 .text          0x00000440       0x40 c:/progra~3/matlab/suppor~1/r2020a/3p778c~1.ins/gnuarm~1.ins/win/bin/../lib/gcc/arm-none-eabi/7.2.1/thumb/v7e-m/fpv4-sp/hard/crtbegin.o
 .text          0x00000480       0x74 c:/progra~3/matlab/suppor~1/r2020a/3p778c~1.ins/gnuarm~1.ins/win/bin/../lib/gcc/arm-none-eabi/7.2.1/../../../../arm-none-eabi/lib/thumb/v7e-m/fpv4-sp/hard/crt0.o
                0x00000480                _start
                0x00000480                _mainCRTStartup
 .text          0x000004f4       0x14 startup_MK64F12.o
                0x000004f4                Reset_Handler
                0x00000504                ENET_Receive_IRQHandler
                0x00000504                ENET_1588_Timer_IRQHandler
                0x00000504                DefaultISR
                0x00000504                PIT2_IRQHandler
                0x00000504                PIT0_IRQHandler
                0x00000504                ENET_Error_IRQHandler
                0x00000504                PIT3_IRQHandler
                0x00000504                SDHC_IRQHandler
                0x00000504                ENET_Transmit_IRQHandler
                0x00000504                PIT1_IRQHandler
 .text          0x00000508      0x198 C:/ProgramData/MATLAB/SupportPackages/R2020a/3P.instrset/cmsis.instrset/CMSIS/RTOS/RTX/LIB/GCC/libRTX_CM4.a(hal_cm4.o)
                0x00000508                rt_set_PSP
                0x0000050e                rt_get_PSP
                0x00000514                os_set_env
                0x0000052c                _alloc_box
                0x00000548                _free_box
                0x00000564                SVC_Handler
                0x0000060a                PendSV_Handler
                0x00000610                Sys_Switch
                0x0000066a                SysTick_Handler
                0x00000674                OS_Tick_Handler
 .text          0x000006a0      0x378 c:/progra~3/matlab/suppor~1/r2020a/3p778c~1.ins/gnuarm~1.ins/win/bin/../lib/gcc/arm-none-eabi/7.2.1/thumb/v7e-m/fpv4-sp/hard\libgcc.a(_arm_addsubdf3.o)
                0x000006a0                __aeabi_drsub
                0x000006a8                __aeabi_dsub
                0x000006a8                __subdf3
                0x000006ac                __aeabi_dadd
                0x000006ac                __adddf3
                0x00000924                __floatunsidf
                0x00000924                __aeabi_ui2d
                0x00000944                __floatsidf
                0x00000944                __aeabi_i2d
                0x00000968                __aeabi_f2d
                0x00000968                __extendsfdf2
                0x000009ac                __floatundidf
                0x000009ac                __aeabi_ul2d
                0x000009bc                __floatdidf
                0x000009bc                __aeabi_l2d
 .text          0x00000a18      0x110 c:/progra~3/matlab/suppor~1/r2020a/3p778c~1.ins/gnuarm~1.ins/win/bin/../lib/gcc/arm-none-eabi/7.2.1/thumb/v7e-m/fpv4-sp/hard\libgcc.a(_arm_cmpdf2.o)
                0x00000a18                __gtdf2
                0x00000a18                __gedf2
                0x00000a20                __ltdf2
                0x00000a20                __ledf2
                0x00000a28                __nedf2
                0x00000a28                __eqdf2
                0x00000a28                __cmpdf2
                0x00000aa4                __aeabi_cdrcmple
                0x00000ab4                __aeabi_cdcmpeq
                0x00000ab4                __aeabi_cdcmple
                0x00000ac4                __aeabi_dcmpeq
                0x00000ad8                __aeabi_dcmplt
                0x00000aec                __aeabi_dcmple
                0x00000b00                __aeabi_dcmpge
                0x00000b14                __aeabi_dcmpgt
 .text          0x00000b28       0x40 c:/progra~3/matlab/suppor~1/r2020a/3p778c~1.ins/gnuarm~1.ins/win/bin/../lib/gcc/arm-none-eabi/7.2.1/thumb/v7e-m/fpv4-sp/hard\libgcc.a(_arm_fixunsdfsi.o)
                0x00000b28                __aeabi_d2uiz
                0x00000b28                __fixunsdfsi
 .text          0x00000b68       0x30 c:/progra~3/matlab/suppor~1/r2020a/3p778c~1.ins/gnuarm~1.ins/win/bin/../lib/gcc/arm-none-eabi/7.2.1/thumb/v7e-m/fpv4-sp/hard\libgcc.a(_aeabi_uldivmod.o)
                0x00000b68                __aeabi_uldivmod
 .text          0x00000b98      0x2cc c:/progra~3/matlab/suppor~1/r2020a/3p778c~1.ins/gnuarm~1.ins/win/bin/../lib/gcc/arm-none-eabi/7.2.1/thumb/v7e-m/fpv4-sp/hard\libgcc.a(_udivmoddi4.o)
                0x00000b98                __udivmoddi4
 .text          0x00000e64      0x9ec c:/progra~3/matlab/suppor~1/r2020a/3p778c~1.ins/gnuarm~1.ins/win/bin/../lib/gcc/arm-none-eabi/7.2.1/thumb/v7e-m/fpv4-sp/hard\libgcc.a(unwind-arm.o)
                0x00001118                _Unwind_GetCFA
                0x0000111c                __gnu_Unwind_RaiseException
                0x0000117c                __gnu_Unwind_ForcedUnwind
                0x00001190                __gnu_Unwind_Resume
                0x000011d4                __gnu_Unwind_Resume_or_Rethrow
                0x000011e4                _Unwind_Complete
                0x000011e8                _Unwind_DeleteException
                0x000011f4                _Unwind_VRS_Get
                0x00001238                _Unwind_VRS_Set
                0x00001280                __gnu_Unwind_Backtrace
                0x000015c4                __aeabi_unwind_cpp_pr0
                0x000015c8                __aeabi_unwind_cpp_pr1
                0x000015cc                __aeabi_unwind_cpp_pr2
                0x000015d0                _Unwind_VRS_Pop
 .text          0x00001850      0x1ac c:/progra~3/matlab/suppor~1/r2020a/3p778c~1.ins/gnuarm~1.ins/win/bin/../lib/gcc/arm-none-eabi/7.2.1/thumb/v7e-m/fpv4-sp/hard\libgcc.a(libunwind.o)
                0x00001850                __restore_core_regs
                0x00001850                restore_core_regs
                0x00001868                __gnu_Unwind_Restore_VFP
                0x00001870                __gnu_Unwind_Save_VFP
                0x00001878                __gnu_Unwind_Restore_VFP_D
                0x00001880                __gnu_Unwind_Save_VFP_D
                0x00001888                __gnu_Unwind_Restore_VFP_D_16_to_31
                0x00001890                __gnu_Unwind_Save_VFP_D_16_to_31
                0x00001898                __gnu_Unwind_Restore_WMMXD
                0x000018dc                __gnu_Unwind_Save_WMMXD
                0x00001920                __gnu_Unwind_Restore_WMMXC
                0x00001934                __gnu_Unwind_Save_WMMXC
                0x00001948                ___Unwind_RaiseException
                0x00001948                _Unwind_RaiseException
                0x0000196c                _Unwind_Resume
                0x0000196c                ___Unwind_Resume
                0x00001990                _Unwind_Resume_or_Rethrow
                0x00001990                ___Unwind_Resume_or_Rethrow
                0x000019b4                _Unwind_ForcedUnwind
                0x000019b4                ___Unwind_ForcedUnwind
                0x000019d8                ___Unwind_Backtrace
                0x000019d8                _Unwind_Backtrace
 .text          0x000019fc      0x374 c:/progra~3/matlab/suppor~1/r2020a/3p778c~1.ins/gnuarm~1.ins/win/bin/../lib/gcc/arm-none-eabi/7.2.1/thumb/v7e-m/fpv4-sp/hard\libgcc.a(pr-support.o)
                0x00001a54                __gnu_unwind_execute
                0x00001d18                __gnu_unwind_frame
                0x00001d40                _Unwind_GetRegionStart
                0x00001d4c                _Unwind_GetLanguageSpecificData
                0x00001d60                _Unwind_GetDataRelBase
                0x00001d68                _Unwind_GetTextRelBase
 .text          0x00001d70        0x4 c:/progra~3/matlab/suppor~1/r2020a/3p778c~1.ins/gnuarm~1.ins/win/bin/../lib/gcc/arm-none-eabi/7.2.1/thumb/v7e-m/fpv4-sp/hard\libgcc.a(_dvmd_tls.o)
                0x00001d70                __aeabi_idiv0
                0x00001d70                __aeabi_ldiv0
 .text          0x00001d74      0x134 c:/progra~3/matlab/suppor~1/r2020a/3p778c~1.ins/gnuarm~1.ins/win/bin/../lib/gcc/arm-none-eabi/7.2.1/../../../../arm-none-eabi/lib/thumb/v7e-m/fpv4-sp/hard\libg.a(lib_a-memcpy.o)
                0x00001d74                memcpy
 *fill*         0x00001ea8        0x8 
 .text          0x00001eb0       0xa0 c:/progra~3/matlab/suppor~1/r2020a/3p778c~1.ins/gnuarm~1.ins/win/bin/../lib/gcc/arm-none-eabi/7.2.1/../../../../arm-none-eabi/lib/thumb/v7e-m/fpv4-sp/hard\libg.a(lib_a-memchr.o)
                0x00001eb0                memchr
 *fill*         0x00001f50       0x30 
 .text          0x00001f80       0xdc c:/progra~3/matlab/suppor~1/r2020a/3p778c~1.ins/gnuarm~1.ins/win/bin/../lib/gcc/arm-none-eabi/7.2.1/../../../../arm-none-eabi/lib/thumb/v7e-m/fpv4-sp/hard\libg.a(lib_a-strlen.o)
                0x00001f80                strlen
 *(.text*)
 .text.Averyni_enter_atomic_VVI_active
                0x0000205c       0xac Averynicefile.o
 .text.Ave_enter_atomic_AAI_Hysterisis
                0x00002108       0xb8 Averynicefile.o
 .text.Averynicefile_AAI_Hysterisis
                0x000021c0      0x1b8 Averynicefile.o
 .text.Averynicefile_AAI_active
                0x00002378      0x104 Averynicefile.o
 .text.Averyni_enter_atomic_AAI_active
                0x0000247c       0xb8 Averynicefile.o
 .text.Averyni_enter_atomic_AOO_active
                0x00002534       0xac Averynicefile.o
 .text.Averyn_enter_atomic_VVI_active1
                0x000025e0       0xac Averynicefile.o
 .text.SystemCore_relea_gmmp4fpqp1jlwp
                0x0000268c       0x2a Averynicefile.o
 .text.SystemCore_delet_gmmp4fpqp1jlwp
                0x000026b6       0x16 Averynicefile.o
 .text.matlabCodegenHan_gmmp4fpqp1jlwp
                0x000026cc       0x24 Averynicefile.o
 .text.Averynicefil_SystemCore_release
                0x000026f0       0x2a Averynicefile.o
 .text.Averynicefile_SystemCore_delete
                0x0000271a       0x16 Averynicefile.o
 .text.matlabCodegenHandle_matlabCodeg
                0x00002730       0x24 Averynicefile.o
 .text.Averyni_SystemCore_release_gmmp
                0x00002754       0x34 Averynicefile.o
 .text.Averynic_SystemCore_delete_gmmp
                0x00002788       0x16 Averynicefile.o
 .text.matlabCodegenHandle_matlab_gmmp
                0x0000279e       0x24 Averynicefile.o
 *fill*         0x000027c2        0x2 
 .text.Averynicefile_step
                0x000027c4      0xcc4 Averynicefile.o
                0x000027c4                Averynicefile_step
 .text.Averynicefile_initialize
                0x00003488      0x4ec Averynicefile.o
                0x00003488                Averynicefile_initialize
 .text.Averynicefile_terminate
                0x00003974       0xa8 Averynicefile.o
                0x00003974                Averynicefile_terminate
 .text.PORT_HAL_SetMuxMode
                0x00003a1c       0x58 MW_PWM.o
 .text.FTM_HAL_SetClockSource
                0x00003a74       0x2e MW_PWM.o
 *fill*         0x00003aa2        0x2 
 .text.MW_PWM_Open
                0x00003aa4      0x164 MW_PWM.o
                0x00003aa4                MW_PWM_Open
 .text.MW_PWM_Start
                0x00003c08       0x14 MW_PWM.o
                0x00003c08                MW_PWM_Start
 .text.MW_PWM_SetDutyCycle
                0x00003c1c       0x7c MW_PWM.o
                0x00003c1c                MW_PWM_SetDutyCycle
 .text.MW_PWM_Stop
                0x00003c98       0x2c MW_PWM.o
                0x00003c98                MW_PWM_Stop
 .text.MW_PWM_Close
                0x00003cc4       0x14 MW_PWM.o
                0x00003cc4                MW_PWM_Close
 .text.MW_digitalIO_open
                0x00003cd8       0xe0 MW_digitalIO.o
                0x00003cd8                MW_digitalIO_open
 .text.MW_digitalIO_read
                0x00003db8       0x70 MW_digitalIO.o
                0x00003db8                MW_digitalIO_read
 .text.MW_digitalIO_write
                0x00003e28       0x7e MW_digitalIO.o
                0x00003e28                MW_digitalIO_write
 .text.MW_digitalIO_close
                0x00003ea6       0x3c MW_digitalIO.o
                0x00003ea6                MW_digitalIO_close
 .text.os_idle_demon
                0x00003ee2        0x6 RTX_Conf_CM.o
                0x00003ee2                os_idle_demon
 .text.os_error
                0x00003ee8       0x2c RTX_Conf_CM.o
                0x00003ee8                os_error
 .text.rt_init_robin
                0x00003f14        0x2 RTX_Conf_CM.o
                0x00003f14                rt_init_robin
 .text.rt_chk_robin
                0x00003f16        0x2 RTX_Conf_CM.o
                0x00003f16                rt_chk_robin
 .text.software_init_hook
                0x00003f18       0x34 RTX_Conf_CM.o
                0x00003f18                software_init_hook
 .text.PORT_HAL_SetMuxMode
                0x00003f4c       0x58 board.o
 .text.SMC_HAL_SetProtection
                0x00003fa4       0x1e board.o
 *fill*         0x00003fc2        0x2 
 .text.BOARD_InitOsc0
                0x00003fc4       0x30 board.o
                0x00003fc4                BOARD_InitOsc0
 .text.BOARD_InitRtcOsc
                0x00003ff4       0x28 board.o
                0x00003ff4                BOARD_InitRtcOsc
 .text.BOARD_ClockInit
                0x0000401c       0x34 board.o
                0x0000401c                BOARD_ClockInit
 .text.schedulerTask
                0x00004050       0x1c cmsis_rtos_init.o
                0x00004050                schedulerTask
 .text.mw_initSignalEvents
                0x0000406c       0x40 cmsis_rtos_init.o
                0x0000406c                mw_initSignalEvents
 .text.mw_RTOSInit
                0x000040ac       0x8c cmsis_rtos_init.o
                0x000040ac                mw_RTOSInit
 .text.baseRateTask
                0x00004138       0x7c ert_main.o
                0x00004138                baseRateTask
 .text.terminateTask
                0x000041b4       0x34 ert_main.o
                0x000041b4                terminateTask
 .text.main     0x000041e8       0x48 ert_main.o
                0x000041e8                main
 .text.DMA0_IRQHandler
                0x00004230        0xe fsl_edma_irq.o
                0x00004230                DMA0_IRQHandler
 .text.DMA1_IRQHandler
                0x0000423e        0xe fsl_edma_irq.o
                0x0000423e                DMA1_IRQHandler
 .text.DMA2_IRQHandler
                0x0000424c        0xe fsl_edma_irq.o
                0x0000424c                DMA2_IRQHandler
 .text.DMA3_IRQHandler
                0x0000425a        0xe fsl_edma_irq.o
                0x0000425a                DMA3_IRQHandler
 .text.DMA4_IRQHandler
                0x00004268        0xe fsl_edma_irq.o
                0x00004268                DMA4_IRQHandler
 .text.DMA5_IRQHandler
                0x00004276        0xe fsl_edma_irq.o
                0x00004276                DMA5_IRQHandler
 .text.DMA6_IRQHandler
                0x00004284        0xe fsl_edma_irq.o
                0x00004284                DMA6_IRQHandler
 .text.DMA7_IRQHandler
                0x00004292        0xe fsl_edma_irq.o
                0x00004292                DMA7_IRQHandler
 .text.DMA8_IRQHandler
                0x000042a0        0xe fsl_edma_irq.o
                0x000042a0                DMA8_IRQHandler
 .text.DMA9_IRQHandler
                0x000042ae        0xe fsl_edma_irq.o
                0x000042ae                DMA9_IRQHandler
 .text.DMA10_IRQHandler
                0x000042bc        0xe fsl_edma_irq.o
                0x000042bc                DMA10_IRQHandler
 .text.DMA11_IRQHandler
                0x000042ca        0xe fsl_edma_irq.o
                0x000042ca                DMA11_IRQHandler
 .text.DMA12_IRQHandler
                0x000042d8        0xe fsl_edma_irq.o
                0x000042d8                DMA12_IRQHandler
 .text.DMA13_IRQHandler
                0x000042e6        0xe fsl_edma_irq.o
                0x000042e6                DMA13_IRQHandler
 .text.DMA14_IRQHandler
                0x000042f4        0xe fsl_edma_irq.o
                0x000042f4                DMA14_IRQHandler
 .text.DMA15_IRQHandler
                0x00004302        0xe fsl_edma_irq.o
                0x00004302                DMA15_IRQHandler
 .text.DMA_Error_IRQHandler
                0x00004310        0xe fsl_edma_irq.o
                0x00004310                DMA_Error_IRQHandler
 .text.UART0_RX_TX_IRQHandler
                0x0000431e        0xe fsl_uart_irq.o
                0x0000431e                UART0_RX_TX_IRQHandler
 .text.UART1_RX_TX_IRQHandler
                0x0000432c        0xe fsl_uart_irq.o
                0x0000432c                UART1_RX_TX_IRQHandler
 .text.UART2_RX_TX_IRQHandler
                0x0000433a        0xe fsl_uart_irq.o
                0x0000433a                UART2_RX_TX_IRQHandler
 .text.UART3_RX_TX_IRQHandler
                0x00004348        0xe fsl_uart_irq.o
                0x00004348                UART3_RX_TX_IRQHandler
 .text.UART4_RX_TX_IRQHandler
                0x00004356        0xe fsl_uart_irq.o
                0x00004356                UART4_RX_TX_IRQHandler
 .text.UART5_RX_TX_IRQHandler
                0x00004364        0xe fsl_uart_irq.o
                0x00004364                UART5_RX_TX_IRQHandler
 .text.hardware_init
                0x00004372       0x30 hardware_init.o
                0x00004372                hardware_init
 .text.NMI_Handler
                0x000043a2        0x6 irq_stub.o
                0x000043a2                NMI_Handler
 .text.HardFault_Handler
                0x000043a8        0x6 irq_stub.o
                0x000043a8                HardFault_Handler
 .text.MemManage_Handler
                0x000043ae        0x6 irq_stub.o
                0x000043ae                MemManage_Handler
 .text.BusFault_Handler
                0x000043b4        0x6 irq_stub.o
                0x000043b4                BusFault_Handler
 .text.UsageFault_Handler
                0x000043ba        0x6 irq_stub.o
                0x000043ba                UsageFault_Handler
 .text.DebugMon_Handler
                0x000043c0        0x6 irq_stub.o
                0x000043c0                DebugMon_Handler
 .text.MCM_IRQHandler
                0x000043c6        0x6 irq_stub.o
                0x000043c6                MCM_IRQHandler
 .text.FTFE_IRQHandler
                0x000043cc        0x6 irq_stub.o
                0x000043cc                FTFE_IRQHandler
 .text.Read_Collision_IRQHandler
                0x000043d2        0x6 irq_stub.o
                0x000043d2                Read_Collision_IRQHandler
 .text.LVD_LVW_IRQHandler
                0x000043d8        0x6 irq_stub.o
                0x000043d8                LVD_LVW_IRQHandler
 .text.LLWU_IRQHandler
                0x000043de        0x6 irq_stub.o
                0x000043de                LLWU_IRQHandler
 .text.WDOG_EWM_IRQHandler
                0x000043e4        0x6 irq_stub.o
                0x000043e4                WDOG_EWM_IRQHandler
 .text.RNG_IRQHandler
                0x000043ea        0x6 irq_stub.o
                0x000043ea                RNG_IRQHandler
 .text.I2C0_IRQHandler
                0x000043f0        0x6 irq_stub.o
                0x000043f0                I2C0_IRQHandler
 .text.I2C1_IRQHandler
                0x000043f6        0x6 irq_stub.o
                0x000043f6                I2C1_IRQHandler
 .text.SPI0_IRQHandler
                0x000043fc        0x6 irq_stub.o
                0x000043fc                SPI0_IRQHandler
 .text.SPI1_IRQHandler
                0x00004402        0x6 irq_stub.o
                0x00004402                SPI1_IRQHandler
 .text.I2S0_Tx_IRQHandler
                0x00004408        0x6 irq_stub.o
                0x00004408                I2S0_Tx_IRQHandler
 .text.I2S0_Rx_IRQHandler
                0x0000440e        0x6 irq_stub.o
                0x0000440e                I2S0_Rx_IRQHandler
 .text.UART0_LON_IRQHandler
                0x00004414        0x6 irq_stub.o
                0x00004414                UART0_LON_IRQHandler
 .text.UART0_ERR_IRQHandler
                0x0000441a        0x6 irq_stub.o
                0x0000441a                UART0_ERR_IRQHandler
 .text.UART1_ERR_IRQHandler
                0x00004420        0x6 irq_stub.o
                0x00004420                UART1_ERR_IRQHandler
 .text.UART2_ERR_IRQHandler
                0x00004426        0x6 irq_stub.o
                0x00004426                UART2_ERR_IRQHandler
 .text.UART3_ERR_IRQHandler
                0x0000442c        0x6 irq_stub.o
                0x0000442c                UART3_ERR_IRQHandler
 .text.ADC0_IRQHandler
                0x00004432        0x6 irq_stub.o
                0x00004432                ADC0_IRQHandler
 .text.CMP0_IRQHandler
                0x00004438        0x6 irq_stub.o
                0x00004438                CMP0_IRQHandler
 .text.CMP1_IRQHandler
                0x0000443e        0x6 irq_stub.o
                0x0000443e                CMP1_IRQHandler
 .text.FTM0_IRQHandler
                0x00004444        0x6 irq_stub.o
                0x00004444                FTM0_IRQHandler
 .text.FTM1_IRQHandler
                0x0000444a        0x6 irq_stub.o
                0x0000444a                FTM1_IRQHandler
 .text.FTM2_IRQHandler
                0x00004450        0x6 irq_stub.o
                0x00004450                FTM2_IRQHandler
 .text.CMT_IRQHandler
                0x00004456        0x6 irq_stub.o
                0x00004456                CMT_IRQHandler
 .text.RTC_IRQHandler
                0x0000445c        0x6 irq_stub.o
                0x0000445c                RTC_IRQHandler
 .text.RTC_Seconds_IRQHandler
                0x00004462        0x6 irq_stub.o
                0x00004462                RTC_Seconds_IRQHandler
 .text.PDB0_IRQHandler
                0x00004468        0x6 irq_stub.o
                0x00004468                PDB0_IRQHandler
 .text.USB0_IRQHandler
                0x0000446e        0x6 irq_stub.o
                0x0000446e                USB0_IRQHandler
 .text.USBDCD_IRQHandler
                0x00004474        0x6 irq_stub.o
                0x00004474                USBDCD_IRQHandler
 .text.Reserved71_IRQHandler
                0x0000447a        0x6 irq_stub.o
                0x0000447a                Reserved71_IRQHandler
 .text.DAC0_IRQHandler
                0x00004480        0x6 irq_stub.o
                0x00004480                DAC0_IRQHandler
 .text.MCG_IRQHandler
                0x00004486        0x6 irq_stub.o
                0x00004486                MCG_IRQHandler
 .text.LPTMR0_IRQHandler
                0x0000448c        0x6 irq_stub.o
                0x0000448c                LPTMR0_IRQHandler
 .text.PORTA_IRQHandler
                0x00004492        0x6 irq_stub.o
                0x00004492                PORTA_IRQHandler
 .text.PORTB_IRQHandler
                0x00004498        0x6 irq_stub.o
                0x00004498                PORTB_IRQHandler
 .text.PORTC_IRQHandler
                0x0000449e        0x6 irq_stub.o
                0x0000449e                PORTC_IRQHandler
 .text.PORTD_IRQHandler
                0x000044a4        0x6 irq_stub.o
                0x000044a4                PORTD_IRQHandler
 .text.PORTE_IRQHandler
                0x000044aa        0x6 irq_stub.o
                0x000044aa                PORTE_IRQHandler
 .text.SWI_IRQHandler
                0x000044b0        0x6 irq_stub.o
                0x000044b0                SWI_IRQHandler
 .text.SPI2_IRQHandler
                0x000044b6        0x6 irq_stub.o
                0x000044b6                SPI2_IRQHandler
 .text.UART4_ERR_IRQHandler
                0x000044bc        0x6 irq_stub.o
                0x000044bc                UART4_ERR_IRQHandler
 .text.UART5_ERR_IRQHandler
                0x000044c2        0x6 irq_stub.o
                0x000044c2                UART5_ERR_IRQHandler
 .text.CMP2_IRQHandler
                0x000044c8        0x6 irq_stub.o
                0x000044c8                CMP2_IRQHandler
 .text.FTM3_IRQHandler
                0x000044ce        0x6 irq_stub.o
                0x000044ce                FTM3_IRQHandler
 .text.DAC1_IRQHandler
                0x000044d4        0x6 irq_stub.o
                0x000044d4                DAC1_IRQHandler
 .text.ADC1_IRQHandler
                0x000044da        0x6 irq_stub.o
                0x000044da                ADC1_IRQHandler
 .text.I2C2_IRQHandler
                0x000044e0        0x6 irq_stub.o
                0x000044e0                I2C2_IRQHandler
 .text.CAN0_ORed_Message_buffer_IRQHandler
                0x000044e6        0x6 irq_stub.o
                0x000044e6                CAN0_ORed_Message_buffer_IRQHandler
 .text.CAN0_Bus_Off_IRQHandler
                0x000044ec        0x6 irq_stub.o
                0x000044ec                CAN0_Bus_Off_IRQHandler
 .text.CAN0_Error_IRQHandler
                0x000044f2        0x6 irq_stub.o
                0x000044f2                CAN0_Error_IRQHandler
 .text.CAN0_Tx_Warning_IRQHandler
                0x000044f8        0x6 irq_stub.o
                0x000044f8                CAN0_Tx_Warning_IRQHandler
 .text.CAN0_Rx_Warning_IRQHandler
                0x000044fe        0x6 irq_stub.o
                0x000044fe                CAN0_Rx_Warning_IRQHandler
 .text.CAN0_Wake_Up_IRQHandler
                0x00004504        0x6 irq_stub.o
                0x00004504                CAN0_Wake_Up_IRQHandler
 .text.mw_osSignalSet
                0x0000450a       0x2e mw_signal.o
                0x0000450a                mw_osSignalSet
 .text.mw_osSignalClear
                0x00004538       0x26 mw_signal.o
                0x00004538                mw_osSignalClear
 .text.mw_osSignalWaitEver
                0x0000455e       0x20 mw_signal.o
                0x0000455e                mw_osSignalWaitEver
 .text.mw_osSignalEventCreate
                0x0000457e       0x20 mw_signal.o
                0x0000457e                mw_osSignalEventCreate
 .text.mw_osSignalEventRelease
                0x0000459e       0x26 mw_signal.o
                0x0000459e                mw_osSignalEventRelease
 .text.mw_osSignalEventWaitEver
                0x000045c4       0x34 mw_signal.o
                0x000045c4                mw_osSignalEventWaitEver
 .text.mw_osThreadCreate
                0x000045f8       0x52 mw_thread.o
                0x000045f8                mw_osThreadCreate
 .text.mw_osThreadGetId
                0x0000464a        0xe mw_thread.o
                0x0000464a                mw_osThreadGetId
 .text.mw_osThreadExit
                0x00004658       0x22 mw_thread.o
                0x00004658                mw_osThreadExit
 .text.mw_osTimerCreate
                0x0000467a       0x4e mw_timer.o
                0x0000467a                mw_osTimerCreate
 .text.mw_osTimerStart
                0x000046c8       0x24 mw_timer.o
                0x000046c8                mw_osTimerStart
 .text._sbrk    0x000046ec       0x5c sbrk.o
                0x000046ec                _sbrk
 .text.init_data_bss
                0x00004748       0xcc startup.o
                0x00004748                init_data_bss
 .text.SystemInit
                0x00004814      0x1dc system_MK64F12.o
                0x00004814                SystemInit
 .text.SystemCoreClockUpdate
                0x000049f0      0x278 system_MK64F12.o
                0x000049f0                SystemCoreClockUpdate
 .text.osThreadExit
                0x00004c68       0x18 C:/ProgramData/MATLAB/SupportPackages/R2020a/3P.instrset/cmsis.instrset/CMSIS/RTOS/RTX/LIB/GCC/libRTX_CM4.a(rt_cmsis.o)
                0x00004c68                osThreadExit
 .text.svcKernelInitialize
                0x00004c80      0x100 C:/ProgramData/MATLAB/SupportPackages/R2020a/3P.instrset/cmsis.instrset/CMSIS/RTOS/RTX/LIB/GCC/libRTX_CM4.a(rt_cmsis.o)
                0x00004c80                svcKernelInitialize
 .text.svcKernelStart
                0x00004d80       0x4c C:/ProgramData/MATLAB/SupportPackages/R2020a/3P.instrset/cmsis.instrset/CMSIS/RTOS/RTX/LIB/GCC/libRTX_CM4.a(rt_cmsis.o)
                0x00004d80                svcKernelStart
 .text.osKernelInitialize
                0x00004dcc      0x120 C:/ProgramData/MATLAB/SupportPackages/R2020a/3P.instrset/cmsis.instrset/CMSIS/RTOS/RTX/LIB/GCC/libRTX_CM4.a(rt_cmsis.o)
                0x00004dcc                osKernelInitialize
 .text.osKernelStart
                0x00004eec       0x70 C:/ProgramData/MATLAB/SupportPackages/R2020a/3P.instrset/cmsis.instrset/CMSIS/RTOS/RTX/LIB/GCC/libRTX_CM4.a(rt_cmsis.o)
                0x00004eec                osKernelStart
 .text.svcThreadCreate
                0x00004f5c       0x7c C:/ProgramData/MATLAB/SupportPackages/R2020a/3P.instrset/cmsis.instrset/CMSIS/RTOS/RTX/LIB/GCC/libRTX_CM4.a(rt_cmsis.o)
                0x00004f5c                svcThreadCreate
 .text.svcThreadGetId
                0x00004fd8       0x18 C:/ProgramData/MATLAB/SupportPackages/R2020a/3P.instrset/cmsis.instrset/CMSIS/RTOS/RTX/LIB/GCC/libRTX_CM4.a(rt_cmsis.o)
                0x00004fd8                svcThreadGetId
 .text.svcThreadTerminate
                0x00004ff0       0x44 C:/ProgramData/MATLAB/SupportPackages/R2020a/3P.instrset/cmsis.instrset/CMSIS/RTOS/RTX/LIB/GCC/libRTX_CM4.a(rt_cmsis.o)
                0x00004ff0                svcThreadTerminate
 .text.osThreadCreate
                0x00005034       0x9c C:/ProgramData/MATLAB/SupportPackages/R2020a/3P.instrset/cmsis.instrset/CMSIS/RTOS/RTX/LIB/GCC/libRTX_CM4.a(rt_cmsis.o)
                0x00005034                osThreadCreate
 .text.osThreadGetId
                0x000050d0       0x18 C:/ProgramData/MATLAB/SupportPackages/R2020a/3P.instrset/cmsis.instrset/CMSIS/RTOS/RTX/LIB/GCC/libRTX_CM4.a(rt_cmsis.o)
                0x000050d0                osThreadGetId
 .text.osThreadTerminate
                0x000050e8       0x18 C:/ProgramData/MATLAB/SupportPackages/R2020a/3P.instrset/cmsis.instrset/CMSIS/RTOS/RTX/LIB/GCC/libRTX_CM4.a(rt_cmsis.o)
                0x000050e8                osThreadTerminate
 .text.svcTimerCreate
                0x00005100       0x3c C:/ProgramData/MATLAB/SupportPackages/R2020a/3P.instrset/cmsis.instrset/CMSIS/RTOS/RTX/LIB/GCC/libRTX_CM4.a(rt_cmsis.o)
                0x00005100                svcTimerCreate
 .text.svcTimerStart
                0x0000513c       0xc8 C:/ProgramData/MATLAB/SupportPackages/R2020a/3P.instrset/cmsis.instrset/CMSIS/RTOS/RTX/LIB/GCC/libRTX_CM4.a(rt_cmsis.o)
                0x0000513c                svcTimerStart
 .text.svcTimerCall
                0x00005204       0x18 C:/ProgramData/MATLAB/SupportPackages/R2020a/3P.instrset/cmsis.instrset/CMSIS/RTOS/RTX/LIB/GCC/libRTX_CM4.a(rt_cmsis.o)
                0x00005204                svcTimerCall
 .text.sysTimerTick
                0x0000521c       0xb4 C:/ProgramData/MATLAB/SupportPackages/R2020a/3P.instrset/cmsis.instrset/CMSIS/RTOS/RTX/LIB/GCC/libRTX_CM4.a(rt_cmsis.o)
                0x0000521c                sysTimerTick
 .text.osTimerCreate
                0x000052d0       0x64 C:/ProgramData/MATLAB/SupportPackages/R2020a/3P.instrset/cmsis.instrset/CMSIS/RTOS/RTX/LIB/GCC/libRTX_CM4.a(rt_cmsis.o)
                0x000052d0                osTimerCreate
 .text.osTimerStart
                0x00005334       0x18 C:/ProgramData/MATLAB/SupportPackages/R2020a/3P.instrset/cmsis.instrset/CMSIS/RTOS/RTX/LIB/GCC/libRTX_CM4.a(rt_cmsis.o)
                0x00005334                osTimerStart
 .text.osTimerThread
                0x0000534c       0x40 C:/ProgramData/MATLAB/SupportPackages/R2020a/3P.instrset/cmsis.instrset/CMSIS/RTOS/RTX/LIB/GCC/libRTX_CM4.a(rt_cmsis.o)
                0x0000534c                osTimerThread
 .text.svcSignalSet
                0x0000538c       0x28 C:/ProgramData/MATLAB/SupportPackages/R2020a/3P.instrset/cmsis.instrset/CMSIS/RTOS/RTX/LIB/GCC/libRTX_CM4.a(rt_cmsis.o)
                0x0000538c                svcSignalSet
 .text.svcSignalClear
                0x000053b4       0x28 C:/ProgramData/MATLAB/SupportPackages/R2020a/3P.instrset/cmsis.instrset/CMSIS/RTOS/RTX/LIB/GCC/libRTX_CM4.a(rt_cmsis.o)
                0x000053b4                svcSignalClear
 .text.svcSignalWait
                0x000053dc       0xfc C:/ProgramData/MATLAB/SupportPackages/R2020a/3P.instrset/cmsis.instrset/CMSIS/RTOS/RTX/LIB/GCC/libRTX_CM4.a(rt_cmsis.o)
                0x000053dc                svcSignalWait
 .text.osSignalSet
                0x000054d8       0x40 C:/ProgramData/MATLAB/SupportPackages/R2020a/3P.instrset/cmsis.instrset/CMSIS/RTOS/RTX/LIB/GCC/libRTX_CM4.a(rt_cmsis.o)
                0x000054d8                osSignalSet
 .text.osSignalClear
                0x00005518       0x1c C:/ProgramData/MATLAB/SupportPackages/R2020a/3P.instrset/cmsis.instrset/CMSIS/RTOS/RTX/LIB/GCC/libRTX_CM4.a(rt_cmsis.o)
                0x00005518                osSignalClear
 .text.osSignalWait
                0x00005534       0x28 C:/ProgramData/MATLAB/SupportPackages/R2020a/3P.instrset/cmsis.instrset/CMSIS/RTOS/RTX/LIB/GCC/libRTX_CM4.a(rt_cmsis.o)
                0x00005534                osSignalWait
 .text.svcMessageGet
                0x0000555c       0xa8 C:/ProgramData/MATLAB/SupportPackages/R2020a/3P.instrset/cmsis.instrset/CMSIS/RTOS/RTX/LIB/GCC/libRTX_CM4.a(rt_cmsis.o)
                0x0000555c                svcMessageGet
 .text.rt_init_stack
                0x00005604       0xa4 C:/ProgramData/MATLAB/SupportPackages/R2020a/3P.instrset/cmsis.instrset/CMSIS/RTOS/RTX/LIB/GCC/libRTX_CM4.a(hal_cm.o)
                0x00005604                rt_init_stack
 .text.rt_ret_val
                0x000056a8       0x14 C:/ProgramData/MATLAB/SupportPackages/R2020a/3P.instrset/cmsis.instrset/CMSIS/RTOS/RTX/LIB/GCC/libRTX_CM4.a(hal_cm.o)
                0x000056a8                rt_ret_val
 .text.rt_ret_val2
                0x000056bc       0x24 C:/ProgramData/MATLAB/SupportPackages/R2020a/3P.instrset/cmsis.instrset/CMSIS/RTOS/RTX/LIB/GCC/libRTX_CM4.a(hal_cm.o)
                0x000056bc                rt_ret_val2
 .text.dbg_init
                0x000056e0       0x34 C:/ProgramData/MATLAB/SupportPackages/R2020a/3P.instrset/cmsis.instrset/CMSIS/RTOS/RTX/LIB/GCC/libRTX_CM4.a(hal_cm.o)
                0x000056e0                dbg_init
 .text.dbg_task_notify
                0x00005714       0x2c C:/ProgramData/MATLAB/SupportPackages/R2020a/3P.instrset/cmsis.instrset/CMSIS/RTOS/RTX/LIB/GCC/libRTX_CM4.a(hal_cm.o)
                0x00005714                dbg_task_notify
 .text.dbg_task_switch
                0x00005740       0x14 C:/ProgramData/MATLAB/SupportPackages/R2020a/3P.instrset/cmsis.instrset/CMSIS/RTOS/RTX/LIB/GCC/libRTX_CM4.a(hal_cm.o)
                0x00005740                dbg_task_switch
 .text.rt_init_mem
                0x00005754       0x1c C:/ProgramData/MATLAB/SupportPackages/R2020a/3P.instrset/cmsis.instrset/CMSIS/RTOS/RTX/LIB/GCC/libRTX_CM4.a(rt_memory.o)
                0x00005754                rt_init_mem
 .text.rt_alloc_mem
                0x00005770       0x50 C:/ProgramData/MATLAB/SupportPackages/R2020a/3P.instrset/cmsis.instrset/CMSIS/RTOS/RTX/LIB/GCC/libRTX_CM4.a(rt_memory.o)
                0x00005770                rt_alloc_mem
 .text.rt_free_mem
                0x000057c0       0x44 C:/ProgramData/MATLAB/SupportPackages/R2020a/3P.instrset/cmsis.instrset/CMSIS/RTOS/RTX/LIB/GCC/libRTX_CM4.a(rt_memory.o)
                0x000057c0                rt_free_mem
 .text._init_box
                0x00005804       0x58 C:/ProgramData/MATLAB/SupportPackages/R2020a/3P.instrset/cmsis.instrset/CMSIS/RTOS/RTX/LIB/GCC/libRTX_CM4.a(rt_membox.o)
                0x00005804                _init_box
 .text.rt_alloc_box
                0x0000585c       0x1c C:/ProgramData/MATLAB/SupportPackages/R2020a/3P.instrset/cmsis.instrset/CMSIS/RTOS/RTX/LIB/GCC/libRTX_CM4.a(rt_membox.o)
                0x0000585c                rt_alloc_box
 .text.rt_free_box
                0x00005878       0x28 C:/ProgramData/MATLAB/SupportPackages/R2020a/3P.instrset/cmsis.instrset/CMSIS/RTOS/RTX/LIB/GCC/libRTX_CM4.a(rt_membox.o)
                0x00005878                rt_free_box
 .text.rt_sem_psh
                0x000058a0       0x34 C:/ProgramData/MATLAB/SupportPackages/R2020a/3P.instrset/cmsis.instrset/CMSIS/RTOS/RTX/LIB/GCC/libRTX_CM4.a(rt_semaphore.o)
                0x000058a0                rt_sem_psh
 .text.rt_mbx_init
                0x000058d4       0x1c C:/ProgramData/MATLAB/SupportPackages/R2020a/3P.instrset/cmsis.instrset/CMSIS/RTOS/RTX/LIB/GCC/libRTX_CM4.a(rt_mailbox.o)
                0x000058d4                rt_mbx_init
 .text.rt_mbx_wait
                0x000058f0       0xa8 C:/ProgramData/MATLAB/SupportPackages/R2020a/3P.instrset/cmsis.instrset/CMSIS/RTOS/RTX/LIB/GCC/libRTX_CM4.a(rt_mailbox.o)
                0x000058f0                rt_mbx_wait
 .text.rt_mbx_check
                0x00005998        0x8 C:/ProgramData/MATLAB/SupportPackages/R2020a/3P.instrset/cmsis.instrset/CMSIS/RTOS/RTX/LIB/GCC/libRTX_CM4.a(rt_mailbox.o)
                0x00005998                rt_mbx_check
 .text.isr_mbx_send
                0x000059a0       0x10 C:/ProgramData/MATLAB/SupportPackages/R2020a/3P.instrset/cmsis.instrset/CMSIS/RTOS/RTX/LIB/GCC/libRTX_CM4.a(rt_mailbox.o)
                0x000059a0                isr_mbx_send
 .text.rt_mbx_psh
                0x000059b0       0xe4 C:/ProgramData/MATLAB/SupportPackages/R2020a/3P.instrset/cmsis.instrset/CMSIS/RTOS/RTX/LIB/GCC/libRTX_CM4.a(rt_mailbox.o)
                0x000059b0                rt_mbx_psh
 .text.rt_put_prio
                0x00005a94       0x50 C:/ProgramData/MATLAB/SupportPackages/R2020a/3P.instrset/cmsis.instrset/CMSIS/RTOS/RTX/LIB/GCC/libRTX_CM4.a(rt_list.o)
                0x00005a94                rt_put_prio
 .text.rt_get_first
                0x00005ae4       0x28 C:/ProgramData/MATLAB/SupportPackages/R2020a/3P.instrset/cmsis.instrset/CMSIS/RTOS/RTX/LIB/GCC/libRTX_CM4.a(rt_list.o)
                0x00005ae4                rt_get_first
 .text.rt_put_rdy_first
                0x00005b0c       0x14 C:/ProgramData/MATLAB/SupportPackages/R2020a/3P.instrset/cmsis.instrset/CMSIS/RTOS/RTX/LIB/GCC/libRTX_CM4.a(rt_list.o)
                0x00005b0c                rt_put_rdy_first
 .text.rt_resort_prio
                0x00005b20       0x94 C:/ProgramData/MATLAB/SupportPackages/R2020a/3P.instrset/cmsis.instrset/CMSIS/RTOS/RTX/LIB/GCC/libRTX_CM4.a(rt_list.o)
                0x00005b20                rt_resort_prio
 .text.rt_put_dly
                0x00005bb4       0x60 C:/ProgramData/MATLAB/SupportPackages/R2020a/3P.instrset/cmsis.instrset/CMSIS/RTOS/RTX/LIB/GCC/libRTX_CM4.a(rt_list.o)
                0x00005bb4                rt_put_dly
 .text.rt_dec_dly
                0x00005c14       0xd8 C:/ProgramData/MATLAB/SupportPackages/R2020a/3P.instrset/cmsis.instrset/CMSIS/RTOS/RTX/LIB/GCC/libRTX_CM4.a(rt_list.o)
                0x00005c14                rt_dec_dly
 .text.rt_rmv_list
                0x00005cec       0x2c C:/ProgramData/MATLAB/SupportPackages/R2020a/3P.instrset/cmsis.instrset/CMSIS/RTOS/RTX/LIB/GCC/libRTX_CM4.a(rt_list.o)
                0x00005cec                rt_rmv_list
 .text.rt_rmv_dly
                0x00005d18       0x2c C:/ProgramData/MATLAB/SupportPackages/R2020a/3P.instrset/cmsis.instrset/CMSIS/RTOS/RTX/LIB/GCC/libRTX_CM4.a(rt_list.o)
                0x00005d18                rt_rmv_dly
 .text.rt_psq_enq
                0x00005d44       0x44 C:/ProgramData/MATLAB/SupportPackages/R2020a/3P.instrset/cmsis.instrset/CMSIS/RTOS/RTX/LIB/GCC/libRTX_CM4.a(rt_list.o)
                0x00005d44                rt_psq_enq
 .text.rt_evt_wait
                0x00005d88       0x4c C:/ProgramData/MATLAB/SupportPackages/R2020a/3P.instrset/cmsis.instrset/CMSIS/RTOS/RTX/LIB/GCC/libRTX_CM4.a(rt_event.o)
                0x00005d88                rt_evt_wait
 .text.rt_evt_set
                0x00005dd4       0x58 C:/ProgramData/MATLAB/SupportPackages/R2020a/3P.instrset/cmsis.instrset/CMSIS/RTOS/RTX/LIB/GCC/libRTX_CM4.a(rt_event.o)
                0x00005dd4                rt_evt_set
 .text.rt_evt_clr
                0x00005e2c       0x18 C:/ProgramData/MATLAB/SupportPackages/R2020a/3P.instrset/cmsis.instrset/CMSIS/RTOS/RTX/LIB/GCC/libRTX_CM4.a(rt_event.o)
                0x00005e2c                rt_evt_clr
 .text.isr_evt_set
                0x00005e44       0x24 C:/ProgramData/MATLAB/SupportPackages/R2020a/3P.instrset/cmsis.instrset/CMSIS/RTOS/RTX/LIB/GCC/libRTX_CM4.a(rt_event.o)
                0x00005e44                isr_evt_set
 .text.rt_evt_psh
                0x00005e68       0x50 C:/ProgramData/MATLAB/SupportPackages/R2020a/3P.instrset/cmsis.instrset/CMSIS/RTOS/RTX/LIB/GCC/libRTX_CM4.a(rt_event.o)
                0x00005e68                rt_evt_psh
 .text.rt_psh_req
                0x00005eb8       0x20 C:/ProgramData/MATLAB/SupportPackages/R2020a/3P.instrset/cmsis.instrset/CMSIS/RTOS/RTX/LIB/GCC/libRTX_CM4.a(rt_system.o)
                0x00005eb8                rt_psh_req
 .text.rt_pop_req
                0x00005ed8       0x78 C:/ProgramData/MATLAB/SupportPackages/R2020a/3P.instrset/cmsis.instrset/CMSIS/RTOS/RTX/LIB/GCC/libRTX_CM4.a(rt_system.o)
                0x00005ed8                rt_pop_req
 .text.os_tick_init
                0x00005f50       0x40 C:/ProgramData/MATLAB/SupportPackages/R2020a/3P.instrset/cmsis.instrset/CMSIS/RTOS/RTX/LIB/GCC/libRTX_CM4.a(rt_system.o)
                0x00005f50                os_tick_init
 .text.os_tick_irqack
                0x00005f90        0x4 C:/ProgramData/MATLAB/SupportPackages/R2020a/3P.instrset/cmsis.instrset/CMSIS/RTOS/RTX/LIB/GCC/libRTX_CM4.a(rt_system.o)
                0x00005f90                os_tick_irqack
 .text.rt_systick
                0x00005f94       0x3c C:/ProgramData/MATLAB/SupportPackages/R2020a/3P.instrset/cmsis.instrset/CMSIS/RTOS/RTX/LIB/GCC/libRTX_CM4.a(rt_system.o)
                0x00005f94                rt_systick
 .text.rt_stk_check
                0x00005fd0       0x24 C:/ProgramData/MATLAB/SupportPackages/R2020a/3P.instrset/cmsis.instrset/CMSIS/RTOS/RTX/LIB/GCC/libRTX_CM4.a(rt_system.o)
                0x00005fd0                rt_stk_check
 .text.rt_switch_req
                0x00005ff4       0x24 C:/ProgramData/MATLAB/SupportPackages/R2020a/3P.instrset/cmsis.instrset/CMSIS/RTOS/RTX/LIB/GCC/libRTX_CM4.a(rt_task.o)
                0x00005ff4                rt_switch_req
 .text.rt_dispatch
                0x00006018       0x7c C:/ProgramData/MATLAB/SupportPackages/R2020a/3P.instrset/cmsis.instrset/CMSIS/RTOS/RTX/LIB/GCC/libRTX_CM4.a(rt_task.o)
                0x00006018                rt_dispatch
 .text.rt_block
                0x00006094       0x50 C:/ProgramData/MATLAB/SupportPackages/R2020a/3P.instrset/cmsis.instrset/CMSIS/RTOS/RTX/LIB/GCC/libRTX_CM4.a(rt_task.o)
                0x00006094                rt_block
 .text.rt_tsk_self
                0x000060e4       0x10 C:/ProgramData/MATLAB/SupportPackages/R2020a/3P.instrset/cmsis.instrset/CMSIS/RTOS/RTX/LIB/GCC/libRTX_CM4.a(rt_task.o)
                0x000060e4                rt_tsk_self
 .text.rt_tsk_prio
                0x000060f4       0xf8 C:/ProgramData/MATLAB/SupportPackages/R2020a/3P.instrset/cmsis.instrset/CMSIS/RTOS/RTX/LIB/GCC/libRTX_CM4.a(rt_task.o)
                0x000060f4                rt_tsk_prio
 .text.rt_tsk_create
                0x000061ec      0x110 C:/ProgramData/MATLAB/SupportPackages/R2020a/3P.instrset/cmsis.instrset/CMSIS/RTOS/RTX/LIB/GCC/libRTX_CM4.a(rt_task.o)
                0x000061ec                rt_tsk_create
 .text.rt_tsk_delete
                0x000062fc      0x1c4 C:/ProgramData/MATLAB/SupportPackages/R2020a/3P.instrset/cmsis.instrset/CMSIS/RTOS/RTX/LIB/GCC/libRTX_CM4.a(rt_task.o)
                0x000062fc                rt_tsk_delete
 .text.rt_sys_init
                0x000064c0       0xec C:/ProgramData/MATLAB/SupportPackages/R2020a/3P.instrset/cmsis.instrset/CMSIS/RTOS/RTX/LIB/GCC/libRTX_CM4.a(rt_task.o)
                0x000064c0                rt_sys_init
 .text.rt_sys_start
                0x000065ac       0x8c C:/ProgramData/MATLAB/SupportPackages/R2020a/3P.instrset/cmsis.instrset/CMSIS/RTOS/RTX/LIB/GCC/libRTX_CM4.a(rt_task.o)
                0x000065ac                rt_sys_start
 .text.OSA_TimeInit
                0x00006638       0x44 C:/ProgramData/MATLAB/SupportPackages/R2020a/toolbox/target/supportpackages/freedomk64f/src/ksdk_armgcc_lib/bm/libksdk_platform.a(fsl_os_abstraction_bm.o)
                0x00006638                OSA_TimeInit
 .text.OSA_SemaPost
                0x0000667c       0x3c C:/ProgramData/MATLAB/SupportPackages/R2020a/toolbox/target/supportpackages/freedomk64f/src/ksdk_armgcc_lib/bm/libksdk_platform.a(fsl_os_abstraction_bm.o)
                0x0000667c                OSA_SemaPost
 .text.task_init
                0x000066b8       0x38 C:/ProgramData/MATLAB/SupportPackages/R2020a/toolbox/target/supportpackages/freedomk64f/src/ksdk_armgcc_lib/bm/libksdk_platform.a(fsl_os_abstraction_bm.o)
                0x000066b8                task_init
 .text.OSA_Init
                0x000066f0        0xe C:/ProgramData/MATLAB/SupportPackages/R2020a/toolbox/target/supportpackages/freedomk64f/src/ksdk_armgcc_lib/bm/libksdk_platform.a(fsl_os_abstraction_bm.o)
                0x000066f0                OSA_Init
 *fill*         0x000066fe        0x2 
 .text.CLOCK_SYS_SetMcgPeeToFbe
                0x00006700       0x34 C:/ProgramData/MATLAB/SupportPackages/R2020a/toolbox/target/supportpackages/freedomk64f/src/ksdk_armgcc_lib/bm/libksdk_platform.a(fsl_clock_manager.o)
 .text.CLOCK_SYS_SetMcgMode
                0x00006734      0x124 C:/ProgramData/MATLAB/SupportPackages/R2020a/toolbox/target/supportpackages/freedomk64f/src/ksdk_armgcc_lib/bm/libksdk_platform.a(fsl_clock_manager.o)
                0x00006734                CLOCK_SYS_SetMcgMode
 .text.CLOCK_SYS_SetOscerConfigration
                0x00006858       0x1c C:/ProgramData/MATLAB/SupportPackages/R2020a/toolbox/target/supportpackages/freedomk64f/src/ksdk_armgcc_lib/bm/libksdk_platform.a(fsl_clock_manager.o)
                0x00006858                CLOCK_SYS_SetOscerConfigration
 .text.CLOCK_SYS_OscInit
                0x00006874       0x9c C:/ProgramData/MATLAB/SupportPackages/R2020a/toolbox/target/supportpackages/freedomk64f/src/ksdk_armgcc_lib/bm/libksdk_platform.a(fsl_clock_manager.o)
                0x00006874                CLOCK_SYS_OscInit
 .text.CLOCK_SYS_RtcOscInit
                0x00006910       0x68 C:/ProgramData/MATLAB/SupportPackages/R2020a/toolbox/target/supportpackages/freedomk64f/src/ksdk_armgcc_lib/bm/libksdk_platform.a(fsl_clock_manager.o)
                0x00006910                CLOCK_SYS_RtcOscInit
 .text.SIM_HAL_EnableClock.constprop.10
                0x00006978       0x1c C:/ProgramData/MATLAB/SupportPackages/R2020a/toolbox/target/supportpackages/freedomk64f/src/ksdk_armgcc_lib/bm/libksdk_platform.a(fsl_clock_MK64F12.o)
 .text.CLOCK_SYS_GetCoreClockFreq
                0x00006994       0x24 C:/ProgramData/MATLAB/SupportPackages/R2020a/toolbox/target/supportpackages/freedomk64f/src/ksdk_armgcc_lib/bm/libksdk_platform.a(fsl_clock_MK64F12.o)
                0x00006994                CLOCK_SYS_GetCoreClockFreq
 .text.CLOCK_SYS_SetConfiguration
                0x000069b8       0x94 C:/ProgramData/MATLAB/SupportPackages/R2020a/toolbox/target/supportpackages/freedomk64f/src/ksdk_armgcc_lib/bm/libksdk_platform.a(fsl_clock_MK64F12.o)
                0x000069b8                CLOCK_SYS_SetConfiguration
 .text.CLOCK_SYS_FllStableDelay
                0x00006a4c       0x1a C:/ProgramData/MATLAB/SupportPackages/R2020a/toolbox/target/supportpackages/freedomk64f/src/ksdk_armgcc_lib/bm/libksdk_platform.a(fsl_clock_MK64F12.o)
 *fill*         0x00006a66        0x2 
 .text.CLOCK_SYS_GetBusClockFreq
                0x00006a68       0x24 C:/ProgramData/MATLAB/SupportPackages/R2020a/toolbox/target/supportpackages/freedomk64f/src/ksdk_armgcc_lib/bm/libksdk_platform.a(fsl_clock_MK64F12.o)
                0x00006a68                CLOCK_SYS_GetBusClockFreq
 .text.CLOCK_SYS_GetFtmExternalFreq
                0x00006a8c       0x20 C:/ProgramData/MATLAB/SupportPackages/R2020a/toolbox/target/supportpackages/freedomk64f/src/ksdk_armgcc_lib/bm/libksdk_platform.a(fsl_clock_MK64F12.o)
                0x00006a8c                CLOCK_SYS_GetFtmExternalFreq
 .text.CLOCK_SYS_EnablePortClock
                0x00006aac       0x30 C:/ProgramData/MATLAB/SupportPackages/R2020a/toolbox/target/supportpackages/freedomk64f/src/ksdk_armgcc_lib/bm/libksdk_platform.a(fsl_clock_MK64F12.o)
                0x00006aac                CLOCK_SYS_EnablePortClock
 .text.CLOCK_SYS_EnableFtmClock
                0x00006adc       0x30 C:/ProgramData/MATLAB/SupportPackages/R2020a/toolbox/target/supportpackages/freedomk64f/src/ksdk_armgcc_lib/bm/libksdk_platform.a(fsl_clock_MK64F12.o)
                0x00006adc                CLOCK_SYS_EnableFtmClock
 .text.INT_SYS_EnableIRQGlobal
                0x00006b0c       0x14 C:/ProgramData/MATLAB/SupportPackages/R2020a/toolbox/target/supportpackages/freedomk64f/src/ksdk_armgcc_lib/bm/libksdk_platform.a(fsl_interrupt_manager.o)
                0x00006b0c                INT_SYS_EnableIRQGlobal
 .text.INT_SYS_DisableIRQGlobal
                0x00006b20       0x10 C:/ProgramData/MATLAB/SupportPackages/R2020a/toolbox/target/supportpackages/freedomk64f/src/ksdk_armgcc_lib/bm/libksdk_platform.a(fsl_interrupt_manager.o)
                0x00006b20                INT_SYS_DisableIRQGlobal
 .text.EDMA_DRV_IRQHandler
                0x00006b30       0x30 C:/ProgramData/MATLAB/SupportPackages/R2020a/toolbox/target/supportpackages/freedomk64f/src/ksdk_armgcc_lib/bm/libksdk_platform.a(fsl_edma_driver.o)
                0x00006b30                EDMA_DRV_IRQHandler
 .text.EDMA_DRV_ErrorIRQHandler
                0x00006b60       0x88 C:/ProgramData/MATLAB/SupportPackages/R2020a/toolbox/target/supportpackages/freedomk64f/src/ksdk_armgcc_lib/bm/libksdk_platform.a(fsl_edma_driver.o)
                0x00006b60                EDMA_DRV_ErrorIRQHandler
 .text.FTM_HAL_SetClockSource
                0x00006be8       0x12 C:/ProgramData/MATLAB/SupportPackages/R2020a/toolbox/target/supportpackages/freedomk64f/src/ksdk_armgcc_lib/bm/libksdk_platform.a(fsl_ftm_driver.o)
 *fill*         0x00006bfa        0x2 
 .text.unlikely.FTM_HAL_SetChnCountVal.part.2
                0x00006bfc       0x1c C:/ProgramData/MATLAB/SupportPackages/R2020a/toolbox/target/supportpackages/freedomk64f/src/ksdk_armgcc_lib/bm/libksdk_platform.a(fsl_ftm_driver.o)
 .text.FTM_DRV_Init
                0x00006c18      0x108 C:/ProgramData/MATLAB/SupportPackages/R2020a/toolbox/target/supportpackages/freedomk64f/src/ksdk_armgcc_lib/bm/libksdk_platform.a(fsl_ftm_driver.o)
                0x00006c18                FTM_DRV_Init
 .text.FTM_DRV_SetClock
                0x00006d20       0x54 C:/ProgramData/MATLAB/SupportPackages/R2020a/toolbox/target/supportpackages/freedomk64f/src/ksdk_armgcc_lib/bm/libksdk_platform.a(fsl_ftm_driver.o)
                0x00006d20                FTM_DRV_SetClock
 .text.FTM_DRV_GetClock
                0x00006d74       0x68 C:/ProgramData/MATLAB/SupportPackages/R2020a/toolbox/target/supportpackages/freedomk64f/src/ksdk_armgcc_lib/bm/libksdk_platform.a(fsl_ftm_driver.o)
                0x00006d74                FTM_DRV_GetClock
 .text.FTM_DRV_PwmStart
                0x00006ddc      0x1c8 C:/ProgramData/MATLAB/SupportPackages/R2020a/toolbox/target/supportpackages/freedomk64f/src/ksdk_armgcc_lib/bm/libksdk_platform.a(fsl_ftm_driver.o)
                0x00006ddc                FTM_DRV_PwmStart
 .text.unlikely.PORT_HAL_SetMuxMode.part.0
                0x00006fa4       0x1c C:/ProgramData/MATLAB/SupportPackages/R2020a/toolbox/target/supportpackages/freedomk64f/src/ksdk_armgcc_lib/bm/libksdk_platform.a(fsl_gpio_driver.o)
 .text.GPIO_DRV_InputPinInit
                0x00006fc0       0xe0 C:/ProgramData/MATLAB/SupportPackages/R2020a/toolbox/target/supportpackages/freedomk64f/src/ksdk_armgcc_lib/bm/libksdk_platform.a(fsl_gpio_driver.o)
                0x00006fc0                GPIO_DRV_InputPinInit
 .text.GPIO_DRV_OutputPinInit
                0x000070a0       0x70 C:/ProgramData/MATLAB/SupportPackages/R2020a/toolbox/target/supportpackages/freedomk64f/src/ksdk_armgcc_lib/bm/libksdk_platform.a(fsl_gpio_driver.o)
                0x000070a0                GPIO_DRV_OutputPinInit
 .text.GPIO_DRV_WritePinOutput
                0x00007110       0x1c C:/ProgramData/MATLAB/SupportPackages/R2020a/toolbox/target/supportpackages/freedomk64f/src/ksdk_armgcc_lib/bm/libksdk_platform.a(fsl_gpio_driver.o)
                0x00007110                GPIO_DRV_WritePinOutput
 .text.GPIO_DRV_ReadPinInput
                0x0000712c       0x3c C:/ProgramData/MATLAB/SupportPackages/R2020a/toolbox/target/supportpackages/freedomk64f/src/ksdk_armgcc_lib/bm/libksdk_platform.a(fsl_gpio_driver.o)
                0x0000712c                GPIO_DRV_ReadPinInput
 .text.LPTMR_HAL_SetTimerWorkingMode
                0x00007168       0x3c C:/ProgramData/MATLAB/SupportPackages/R2020a/toolbox/target/supportpackages/freedomk64f/src/ksdk_armgcc_lib/bm/libksdk_platform.a(fsl_lptmr_hal.o)
                0x00007168                LPTMR_HAL_SetTimerWorkingMode
 .text.LPTMR_HAL_SetPrescalerMode
                0x000071a4       0x1a C:/ProgramData/MATLAB/SupportPackages/R2020a/toolbox/target/supportpackages/freedomk64f/src/ksdk_armgcc_lib/bm/libksdk_platform.a(fsl_lptmr_hal.o)
                0x000071a4                LPTMR_HAL_SetPrescalerMode
 *fill*         0x000071be        0x2 
 .text.CLOCK_HAL_TestOscFreq
                0x000071c0       0x28 C:/ProgramData/MATLAB/SupportPackages/R2020a/toolbox/target/supportpackages/freedomk64f/src/ksdk_armgcc_lib/bm/libksdk_platform.a(fsl_mcg_hal.o)
                0x000071c0                CLOCK_HAL_TestOscFreq
 .text.CLOCK_HAL_GetMcgExternalClkFreq
                0x000071e8        0xa C:/ProgramData/MATLAB/SupportPackages/R2020a/toolbox/target/supportpackages/freedomk64f/src/ksdk_armgcc_lib/bm/libksdk_platform.a(fsl_mcg_hal.o)
 .text.CLOCK_HAL_TestFllExternalRefFreq
                0x000071f2       0x32 C:/ProgramData/MATLAB/SupportPackages/R2020a/toolbox/target/supportpackages/freedomk64f/src/ksdk_armgcc_lib/bm/libksdk_platform.a(fsl_mcg_hal.o)
                0x000071f2                CLOCK_HAL_TestFllExternalRefFreq
 .text.CLOCK_HAL_GetFllRefClk
                0x00007224       0x3c C:/ProgramData/MATLAB/SupportPackages/R2020a/toolbox/target/supportpackages/freedomk64f/src/ksdk_armgcc_lib/bm/libksdk_platform.a(fsl_mcg_hal.o)
                0x00007224                CLOCK_HAL_GetFllRefClk
 .text.CLOCK_HAL_TestFllFreq
                0x00007260       0x34 C:/ProgramData/MATLAB/SupportPackages/R2020a/toolbox/target/supportpackages/freedomk64f/src/ksdk_armgcc_lib/bm/libksdk_platform.a(fsl_mcg_hal.o)
                0x00007260                CLOCK_HAL_TestFllFreq
 .text.CLOCK_HAL_GetFllClk
                0x00007294       0x36 C:/ProgramData/MATLAB/SupportPackages/R2020a/toolbox/target/supportpackages/freedomk64f/src/ksdk_armgcc_lib/bm/libksdk_platform.a(fsl_mcg_hal.o)
                0x00007294                CLOCK_HAL_GetFllClk
 .text.CLOCK_HAL_UpdateFastClkInternalRefDiv
                0x000072ca       0x52 C:/ProgramData/MATLAB/SupportPackages/R2020a/toolbox/target/supportpackages/freedomk64f/src/ksdk_armgcc_lib/bm/libksdk_platform.a(fsl_mcg_hal.o)
                0x000072ca                CLOCK_HAL_UpdateFastClkInternalRefDiv
 .text.CLOCK_HAL_GetPll0Clk
                0x0000731c       0x3e C:/ProgramData/MATLAB/SupportPackages/R2020a/toolbox/target/supportpackages/freedomk64f/src/ksdk_armgcc_lib/bm/libksdk_platform.a(fsl_mcg_hal.o)
                0x0000731c                CLOCK_HAL_GetPll0Clk
 .text.CLOCK_HAL_EnablePll0InFllMode
                0x0000735a       0x38 C:/ProgramData/MATLAB/SupportPackages/R2020a/toolbox/target/supportpackages/freedomk64f/src/ksdk_armgcc_lib/bm/libksdk_platform.a(fsl_mcg_hal.o)
                0x0000735a                CLOCK_HAL_EnablePll0InFllMode
 *fill*         0x00007392        0x2 
 .text.CLOCK_HAL_GetInternalRefClk
                0x00007394       0x3c C:/ProgramData/MATLAB/SupportPackages/R2020a/toolbox/target/supportpackages/freedomk64f/src/ksdk_armgcc_lib/bm/libksdk_platform.a(fsl_mcg_hal.o)
                0x00007394                CLOCK_HAL_GetInternalRefClk
 .text.CLOCK_HAL_GetOutClk
                0x000073d0       0x22 C:/ProgramData/MATLAB/SupportPackages/R2020a/toolbox/target/supportpackages/freedomk64f/src/ksdk_armgcc_lib/bm/libksdk_platform.a(fsl_mcg_hal.o)
                0x000073d0                CLOCK_HAL_GetOutClk
 .text.CLOCK_HAL_GetFixedFreqClk
                0x000073f2       0x20 C:/ProgramData/MATLAB/SupportPackages/R2020a/toolbox/target/supportpackages/freedomk64f/src/ksdk_armgcc_lib/bm/libksdk_platform.a(fsl_mcg_hal.o)
                0x000073f2                CLOCK_HAL_GetFixedFreqClk
 .text.CLOCK_HAL_SetOsc0Mode
                0x00007412       0x24 C:/ProgramData/MATLAB/SupportPackages/R2020a/toolbox/target/supportpackages/freedomk64f/src/ksdk_armgcc_lib/bm/libksdk_platform.a(fsl_mcg_hal.o)
                0x00007412                CLOCK_HAL_SetOsc0Mode
 .text.CLOCK_HAL_PrepareOsc
                0x00007436       0x2c C:/ProgramData/MATLAB/SupportPackages/R2020a/toolbox/target/supportpackages/freedomk64f/src/ksdk_armgcc_lib/bm/libksdk_platform.a(fsl_mcg_hal_modes.o)
 .text.CLOCK_HAL_GetMcgMode
                0x00007462       0x72 C:/ProgramData/MATLAB/SupportPackages/R2020a/toolbox/target/supportpackages/freedomk64f/src/ksdk_armgcc_lib/bm/libksdk_platform.a(fsl_mcg_hal_modes.o)
                0x00007462                CLOCK_HAL_GetMcgMode
 .text.CLOCK_HAL_SetFbiMode
                0x000074d4       0xb8 C:/ProgramData/MATLAB/SupportPackages/R2020a/toolbox/target/supportpackages/freedomk64f/src/ksdk_armgcc_lib/bm/libksdk_platform.a(fsl_mcg_hal_modes.o)
                0x000074d4                CLOCK_HAL_SetFbiMode
 .text.CLOCK_HAL_SetFbeMode
                0x0000758c       0xea C:/ProgramData/MATLAB/SupportPackages/R2020a/toolbox/target/supportpackages/freedomk64f/src/ksdk_armgcc_lib/bm/libksdk_platform.a(fsl_mcg_hal_modes.o)
                0x0000758c                CLOCK_HAL_SetFbeMode
 *fill*         0x00007676        0x2 
 .text.CLOCK_HAL_SetPbeMode
                0x00007678       0xd0 C:/ProgramData/MATLAB/SupportPackages/R2020a/toolbox/target/supportpackages/freedomk64f/src/ksdk_armgcc_lib/bm/libksdk_platform.a(fsl_mcg_hal_modes.o)
                0x00007678                CLOCK_HAL_SetPbeMode
 .text.OSC_HAL_SetCapacitor
                0x00007748        0xe C:/ProgramData/MATLAB/SupportPackages/R2020a/toolbox/target/supportpackages/freedomk64f/src/ksdk_armgcc_lib/bm/libksdk_platform.a(fsl_osc_hal.o)
                0x00007748                OSC_HAL_SetCapacitor
 .text.CLOCK_HAL_SetOutDiv
                0x00007756       0x28 C:/ProgramData/MATLAB/SupportPackages/R2020a/toolbox/target/supportpackages/freedomk64f/src/ksdk_armgcc_lib/bm/libksdk_platform.a(fsl_sim_hal_MK64F12.o)
                0x00007756                CLOCK_HAL_SetOutDiv
 *fill*         0x0000777e        0x2 
 .text.SIM_HAL_GetFtmExternalClkPinMode
                0x00007780       0x50 C:/ProgramData/MATLAB/SupportPackages/R2020a/toolbox/target/supportpackages/freedomk64f/src/ksdk_armgcc_lib/bm/libksdk_platform.a(fsl_sim_hal_MK64F12.o)
                0x00007780                SIM_HAL_GetFtmExternalClkPinMode
 .text.UART_DRV_CompleteSendData
                0x000077d0       0x54 C:/ProgramData/MATLAB/SupportPackages/R2020a/toolbox/target/supportpackages/freedomk64f/src/ksdk_armgcc_lib/bm/libksdk_platform.a(fsl_uart_driver.o)
 .text.UART_DRV_CompleteReceiveData
                0x00007824       0x5c C:/ProgramData/MATLAB/SupportPackages/R2020a/toolbox/target/supportpackages/freedomk64f/src/ksdk_armgcc_lib/bm/libksdk_platform.a(fsl_uart_driver.o)
 .text.UART_DRV_IRQHandler
                0x00007880       0xdc C:/ProgramData/MATLAB/SupportPackages/R2020a/toolbox/target/supportpackages/freedomk64f/src/ksdk_armgcc_lib/bm/libksdk_platform.a(fsl_uart_driver.o)
                0x00007880                UART_DRV_IRQHandler
 .text.EDMA_HAL_SetDmaRequestCmd
                0x0000795c        0xa C:/ProgramData/MATLAB/SupportPackages/R2020a/toolbox/target/supportpackages/freedomk64f/src/ksdk_armgcc_lib/bm/libksdk_platform.a(fsl_edma_hal.o)
                0x0000795c                EDMA_HAL_SetDmaRequestCmd
 *fill*         0x00007966        0x2 
 .text.unlikely.FTM_HAL_SetChnEdgeLevel.part.0
                0x00007968       0x1c C:/ProgramData/MATLAB/SupportPackages/R2020a/toolbox/target/supportpackages/freedomk64f/src/ksdk_armgcc_lib/bm/libksdk_platform.a(fsl_ftm_hal.o)
 .text.FTM_HAL_Init
                0x00007984       0x38 C:/ProgramData/MATLAB/SupportPackages/R2020a/toolbox/target/supportpackages/freedomk64f/src/ksdk_armgcc_lib/bm/libksdk_platform.a(fsl_ftm_hal.o)
                0x00007984                FTM_HAL_Init
 .text.FTM_HAL_SetSyncMode
                0x000079bc       0x94 C:/ProgramData/MATLAB/SupportPackages/R2020a/toolbox/target/supportpackages/freedomk64f/src/ksdk_armgcc_lib/bm/libksdk_platform.a(fsl_ftm_hal.o)
                0x000079bc                FTM_HAL_SetSyncMode
 .text.FTM_HAL_Reset
                0x00007a50       0x3e C:/ProgramData/MATLAB/SupportPackages/R2020a/toolbox/target/supportpackages/freedomk64f/src/ksdk_armgcc_lib/bm/libksdk_platform.a(fsl_ftm_hal.o)
                0x00007a50                FTM_HAL_Reset
 .text.FTM_HAL_GetChnPairIndex
                0x00007a8e       0x1e C:/ProgramData/MATLAB/SupportPackages/R2020a/toolbox/target/supportpackages/freedomk64f/src/ksdk_armgcc_lib/bm/libksdk_platform.a(fsl_ftm_hal.o)
                0x00007a8e                FTM_HAL_GetChnPairIndex
 .text.FTM_HAL_EnablePwmMode
                0x00007aac       0xcc C:/ProgramData/MATLAB/SupportPackages/R2020a/toolbox/target/supportpackages/freedomk64f/src/ksdk_armgcc_lib/bm/libksdk_platform.a(fsl_ftm_hal.o)
                0x00007aac                FTM_HAL_EnablePwmMode
 .text.GPIO_HAL_SetPinDir
                0x00007b78       0x34 C:/ProgramData/MATLAB/SupportPackages/R2020a/toolbox/target/supportpackages/freedomk64f/src/ksdk_armgcc_lib/bm/libksdk_platform.a(fsl_gpio_hal.o)
                0x00007b78                GPIO_HAL_SetPinDir
 .text.GPIO_HAL_WritePinOutput
                0x00007bac       0x30 C:/ProgramData/MATLAB/SupportPackages/R2020a/toolbox/target/supportpackages/freedomk64f/src/ksdk_armgcc_lib/bm/libksdk_platform.a(fsl_gpio_hal.o)
                0x00007bac                GPIO_HAL_WritePinOutput
 .text.UART_HAL_Putchar
                0x00007bdc        0x6 C:/ProgramData/MATLAB/SupportPackages/R2020a/toolbox/target/supportpackages/freedomk64f/src/ksdk_armgcc_lib/bm/libksdk_platform.a(fsl_uart_hal.o)
                0x00007bdc                UART_HAL_Putchar
 .text.UART_HAL_Getchar
                0x00007be2        0x8 C:/ProgramData/MATLAB/SupportPackages/R2020a/toolbox/target/supportpackages/freedomk64f/src/ksdk_armgcc_lib/bm/libksdk_platform.a(fsl_uart_hal.o)
                0x00007be2                UART_HAL_Getchar
 .text.UART_HAL_SetIntMode
                0x00007bea       0x66 C:/ProgramData/MATLAB/SupportPackages/R2020a/toolbox/target/supportpackages/freedomk64f/src/ksdk_armgcc_lib/bm/libksdk_platform.a(fsl_uart_hal.o)
                0x00007bea                UART_HAL_SetIntMode
 .text.UART_HAL_GetStatusFlag
                0x00007c50       0x2a C:/ProgramData/MATLAB/SupportPackages/R2020a/toolbox/target/supportpackages/freedomk64f/src/ksdk_armgcc_lib/bm/libksdk_platform.a(fsl_uart_hal.o)
                0x00007c50                UART_HAL_GetStatusFlag
 .text.UART_HAL_ClearStatusFlag
                0x00007c7a       0x64 C:/ProgramData/MATLAB/SupportPackages/R2020a/toolbox/target/supportpackages/freedomk64f/src/ksdk_armgcc_lib/bm/libksdk_platform.a(fsl_uart_hal.o)
                0x00007c7a                UART_HAL_ClearStatusFlag
 *fill*         0x00007cde        0x2 
 .text.ceil     0x00007ce0      0x110 c:/progra~3/matlab/suppor~1/r2020a/3p778c~1.ins/gnuarm~1.ins/win/bin/../lib/gcc/arm-none-eabi/7.2.1/../../../../arm-none-eabi/lib/thumb/v7e-m/fpv4-sp/hard\libm.a(lib_a-s_ceil.o)
                0x00007ce0                ceil
 .text.abort    0x00007df0       0x10 c:/progra~3/matlab/suppor~1/r2020a/3p778c~1.ins/gnuarm~1.ins/win/bin/../lib/gcc/arm-none-eabi/7.2.1/../../../../arm-none-eabi/lib/thumb/v7e-m/fpv4-sp/hard\libg.a(lib_a-abort.o)
                0x00007df0                abort
 .text.__assert_func
                0x00007e00       0x3c c:/progra~3/matlab/suppor~1/r2020a/3p778c~1.ins/gnuarm~1.ins/win/bin/../lib/gcc/arm-none-eabi/7.2.1/../../../../arm-none-eabi/lib/thumb/v7e-m/fpv4-sp/hard\libg.a(lib_a-assert.o)
                0x00007e00                __assert_func
 .text.atexit   0x00007e3c        0xc c:/progra~3/matlab/suppor~1/r2020a/3p778c~1.ins/gnuarm~1.ins/win/bin/../lib/gcc/arm-none-eabi/7.2.1/../../../../arm-none-eabi/lib/thumb/v7e-m/fpv4-sp/hard\libg.a(lib_a-atexit.o)
                0x00007e3c                atexit
 .text.__errno  0x00007e48        0xc c:/progra~3/matlab/suppor~1/r2020a/3p778c~1.ins/gnuarm~1.ins/win/bin/../lib/gcc/arm-none-eabi/7.2.1/../../../../arm-none-eabi/lib/thumb/v7e-m/fpv4-sp/hard\libg.a(lib_a-errno.o)
                0x00007e48                __errno
 .text.exit     0x00007e54       0x20 c:/progra~3/matlab/suppor~1/r2020a/3p778c~1.ins/gnuarm~1.ins/win/bin/../lib/gcc/arm-none-eabi/7.2.1/../../../../arm-none-eabi/lib/thumb/v7e-m/fpv4-sp/hard\libg.a(lib_a-exit.o)
                0x00007e54                exit
 .text.__libc_fini_array
                0x00007e74       0x34 c:/progra~3/matlab/suppor~1/r2020a/3p778c~1.ins/gnuarm~1.ins/win/bin/../lib/gcc/arm-none-eabi/7.2.1/../../../../arm-none-eabi/lib/thumb/v7e-m/fpv4-sp/hard\libg.a(lib_a-fini.o)
                0x00007e74                __libc_fini_array
 .text.fiprintf
                0x00007ea8       0x28 c:/progra~3/matlab/suppor~1/r2020a/3p778c~1.ins/gnuarm~1.ins/win/bin/../lib/gcc/arm-none-eabi/7.2.1/../../../../arm-none-eabi/lib/thumb/v7e-m/fpv4-sp/hard\libg.a(lib_a-fiprintf.o)
                0x00007ea8                fiprintf
 .text.__libc_init_array
                0x00007ed0       0x48 c:/progra~3/matlab/suppor~1/r2020a/3p778c~1.ins/gnuarm~1.ins/win/bin/../lib/gcc/arm-none-eabi/7.2.1/../../../../arm-none-eabi/lib/thumb/v7e-m/fpv4-sp/hard\libg.a(lib_a-init.o)
                0x00007ed0                __libc_init_array
 .text.malloc   0x00007f18       0x10 c:/progra~3/matlab/suppor~1/r2020a/3p778c~1.ins/gnuarm~1.ins/win/bin/../lib/gcc/arm-none-eabi/7.2.1/../../../../arm-none-eabi/lib/thumb/v7e-m/fpv4-sp/hard\libg.a(lib_a-malloc.o)
                0x00007f18                malloc
 .text.free     0x00007f28       0x10 c:/progra~3/matlab/suppor~1/r2020a/3p778c~1.ins/gnuarm~1.ins/win/bin/../lib/gcc/arm-none-eabi/7.2.1/../../../../arm-none-eabi/lib/thumb/v7e-m/fpv4-sp/hard\libg.a(lib_a-malloc.o)
                0x00007f28                free
 .text._malloc_r
                0x00007f38      0x548 c:/progra~3/matlab/suppor~1/r2020a/3p778c~1.ins/gnuarm~1.ins/win/bin/../lib/gcc/arm-none-eabi/7.2.1/../../../../arm-none-eabi/lib/thumb/v7e-m/fpv4-sp/hard\libg.a(lib_a-mallocr.o)
                0x00007f38                _malloc_r
 .text.memset   0x00008480       0x94 c:/progra~3/matlab/suppor~1/r2020a/3p778c~1.ins/gnuarm~1.ins/win/bin/../lib/gcc/arm-none-eabi/7.2.1/../../../../arm-none-eabi/lib/thumb/v7e-m/fpv4-sp/hard\libg.a(lib_a-memset.o)
                0x00008480                memset
 .text.__malloc_lock
                0x00008514        0xc c:/progra~3/matlab/suppor~1/r2020a/3p778c~1.ins/gnuarm~1.ins/win/bin/../lib/gcc/arm-none-eabi/7.2.1/../../../../arm-none-eabi/lib/thumb/v7e-m/fpv4-sp/hard\libg.a(lib_a-mlock.o)
                0x00008514                __malloc_lock
 .text.__malloc_unlock
                0x00008520        0xc c:/progra~3/matlab/suppor~1/r2020a/3p778c~1.ins/gnuarm~1.ins/win/bin/../lib/gcc/arm-none-eabi/7.2.1/../../../../arm-none-eabi/lib/thumb/v7e-m/fpv4-sp/hard\libg.a(lib_a-mlock.o)
                0x00008520                __malloc_unlock
 .text._sbrk_r  0x0000852c       0x24 c:/progra~3/matlab/suppor~1/r2020a/3p778c~1.ins/gnuarm~1.ins/win/bin/../lib/gcc/arm-none-eabi/7.2.1/../../../../arm-none-eabi/lib/thumb/v7e-m/fpv4-sp/hard\libg.a(lib_a-sbrkr.o)
                0x0000852c                _sbrk_r
 .text._raise_r
                0x00008550       0x58 c:/progra~3/matlab/suppor~1/r2020a/3p778c~1.ins/gnuarm~1.ins/win/bin/../lib/gcc/arm-none-eabi/7.2.1/../../../../arm-none-eabi/lib/thumb/v7e-m/fpv4-sp/hard\libg.a(lib_a-signal.o)
                0x00008550                _raise_r
 .text.raise    0x000085a8       0x10 c:/progra~3/matlab/suppor~1/r2020a/3p778c~1.ins/gnuarm~1.ins/win/bin/../lib/gcc/arm-none-eabi/7.2.1/../../../../arm-none-eabi/lib/thumb/v7e-m/fpv4-sp/hard\libg.a(lib_a-signal.o)
                0x000085a8                raise
 .text._kill_r  0x000085b8       0x28 c:/progra~3/matlab/suppor~1/r2020a/3p778c~1.ins/gnuarm~1.ins/win/bin/../lib/gcc/arm-none-eabi/7.2.1/../../../../arm-none-eabi/lib/thumb/v7e-m/fpv4-sp/hard\libg.a(lib_a-signalr.o)
                0x000085b8                _kill_r
 .text._getpid_r
                0x000085e0        0x4 c:/progra~3/matlab/suppor~1/r2020a/3p778c~1.ins/gnuarm~1.ins/win/bin/../lib/gcc/arm-none-eabi/7.2.1/../../../../arm-none-eabi/lib/thumb/v7e-m/fpv4-sp/hard\libg.a(lib_a-signalr.o)
                0x000085e0                _getpid_r
 .text.__sprint_r.part.0
                0x000085e4       0x78 c:/progra~3/matlab/suppor~1/r2020a/3p778c~1.ins/gnuarm~1.ins/win/bin/../lib/gcc/arm-none-eabi/7.2.1/../../../../arm-none-eabi/lib/thumb/v7e-m/fpv4-sp/hard\libg.a(lib_a-vfiprintf.o)
 .text._vfiprintf_r
                0x0000865c      0xc24 c:/progra~3/matlab/suppor~1/r2020a/3p778c~1.ins/gnuarm~1.ins/win/bin/../lib/gcc/arm-none-eabi/7.2.1/../../../../arm-none-eabi/lib/thumb/v7e-m/fpv4-sp/hard\libg.a(lib_a-vfiprintf.o)
                0x0000865c                _vfiprintf_r
 .text.__sbprintf
                0x00009280       0x84 c:/progra~3/matlab/suppor~1/r2020a/3p778c~1.ins/gnuarm~1.ins/win/bin/../lib/gcc/arm-none-eabi/7.2.1/../../../../arm-none-eabi/lib/thumb/v7e-m/fpv4-sp/hard\libg.a(lib_a-vfiprintf.o)
 .text.__swsetup_r
                0x00009304       0xcc c:/progra~3/matlab/suppor~1/r2020a/3p778c~1.ins/gnuarm~1.ins/win/bin/../lib/gcc/arm-none-eabi/7.2.1/../../../../arm-none-eabi/lib/thumb/v7e-m/fpv4-sp/hard\libg.a(lib_a-wsetup.o)
                0x00009304                __swsetup_r
 .text.__register_exitproc
                0x000093d0       0xc0 c:/progra~3/matlab/suppor~1/r2020a/3p778c~1.ins/gnuarm~1.ins/win/bin/../lib/gcc/arm-none-eabi/7.2.1/../../../../arm-none-eabi/lib/thumb/v7e-m/fpv4-sp/hard\libg.a(lib_a-__atexit.o)
                0x000093d0                __register_exitproc
 .text.startup.register_fini
                0x00009490       0x14 c:/progra~3/matlab/suppor~1/r2020a/3p778c~1.ins/gnuarm~1.ins/win/bin/../lib/gcc/arm-none-eabi/7.2.1/../../../../arm-none-eabi/lib/thumb/v7e-m/fpv4-sp/hard\libg.a(lib_a-__call_atexit.o)
 .text.__call_exitprocs
                0x000094a4       0xe8 c:/progra~3/matlab/suppor~1/r2020a/3p778c~1.ins/gnuarm~1.ins/win/bin/../lib/gcc/arm-none-eabi/7.2.1/../../../../arm-none-eabi/lib/thumb/v7e-m/fpv4-sp/hard\libg.a(lib_a-__call_atexit.o)
                0x000094a4                __call_exitprocs
 .text.__sflush_r
                0x0000958c      0x154 c:/progra~3/matlab/suppor~1/r2020a/3p778c~1.ins/gnuarm~1.ins/win/bin/../lib/gcc/arm-none-eabi/7.2.1/../../../../arm-none-eabi/lib/thumb/v7e-m/fpv4-sp/hard\libg.a(lib_a-fflush.o)
                0x0000958c                __sflush_r
 .text._fflush_r
                0x000096e0       0x5c c:/progra~3/matlab/suppor~1/r2020a/3p778c~1.ins/gnuarm~1.ins/win/bin/../lib/gcc/arm-none-eabi/7.2.1/../../../../arm-none-eabi/lib/thumb/v7e-m/fpv4-sp/hard\libg.a(lib_a-fflush.o)
                0x000096e0                _fflush_r
 .text.std      0x0000973c       0x50 c:/progra~3/matlab/suppor~1/r2020a/3p778c~1.ins/gnuarm~1.ins/win/bin/../lib/gcc/arm-none-eabi/7.2.1/../../../../arm-none-eabi/lib/thumb/v7e-m/fpv4-sp/hard\libg.a(lib_a-findfp.o)
 .text._cleanup_r
                0x0000978c        0xc c:/progra~3/matlab/suppor~1/r2020a/3p778c~1.ins/gnuarm~1.ins/win/bin/../lib/gcc/arm-none-eabi/7.2.1/../../../../arm-none-eabi/lib/thumb/v7e-m/fpv4-sp/hard\libg.a(lib_a-findfp.o)
                0x0000978c                _cleanup_r
 .text.__sinit  0x00009798       0x58 c:/progra~3/matlab/suppor~1/r2020a/3p778c~1.ins/gnuarm~1.ins/win/bin/../lib/gcc/arm-none-eabi/7.2.1/../../../../arm-none-eabi/lib/thumb/v7e-m/fpv4-sp/hard\libg.a(lib_a-findfp.o)
                0x00009798                __sinit
 .text.__sfp_lock_acquire
                0x000097f0        0xc c:/progra~3/matlab/suppor~1/r2020a/3p778c~1.ins/gnuarm~1.ins/win/bin/../lib/gcc/arm-none-eabi/7.2.1/../../../../arm-none-eabi/lib/thumb/v7e-m/fpv4-sp/hard\libg.a(lib_a-findfp.o)
                0x000097f0                __sfp_lock_acquire
 .text.__sfp_lock_release
                0x000097fc        0xc c:/progra~3/matlab/suppor~1/r2020a/3p778c~1.ins/gnuarm~1.ins/win/bin/../lib/gcc/arm-none-eabi/7.2.1/../../../../arm-none-eabi/lib/thumb/v7e-m/fpv4-sp/hard\libg.a(lib_a-findfp.o)
                0x000097fc                __sfp_lock_release
 .text.__fputwc
                0x00009808       0xa0 c:/progra~3/matlab/suppor~1/r2020a/3p778c~1.ins/gnuarm~1.ins/win/bin/../lib/gcc/arm-none-eabi/7.2.1/../../../../arm-none-eabi/lib/thumb/v7e-m/fpv4-sp/hard\libg.a(lib_a-fputwc.o)
                0x00009808                __fputwc
 .text._fputwc_r
                0x000098a8       0x64 c:/progra~3/matlab/suppor~1/r2020a/3p778c~1.ins/gnuarm~1.ins/win/bin/../lib/gcc/arm-none-eabi/7.2.1/../../../../arm-none-eabi/lib/thumb/v7e-m/fpv4-sp/hard\libg.a(lib_a-fputwc.o)
                0x000098a8                _fputwc_r
 .text._malloc_trim_r
                0x0000990c       0xa0 c:/progra~3/matlab/suppor~1/r2020a/3p778c~1.ins/gnuarm~1.ins/win/bin/../lib/gcc/arm-none-eabi/7.2.1/../../../../arm-none-eabi/lib/thumb/v7e-m/fpv4-sp/hard\libg.a(lib_a-freer.o)
                0x0000990c                _malloc_trim_r
 .text._free_r  0x000099ac      0x1e8 c:/progra~3/matlab/suppor~1/r2020a/3p778c~1.ins/gnuarm~1.ins/win/bin/../lib/gcc/arm-none-eabi/7.2.1/../../../../arm-none-eabi/lib/thumb/v7e-m/fpv4-sp/hard\libg.a(lib_a-freer.o)
                0x000099ac                _free_r
 .text.__sfvwrite_r
                0x00009b94      0x2fc c:/progra~3/matlab/suppor~1/r2020a/3p778c~1.ins/gnuarm~1.ins/win/bin/../lib/gcc/arm-none-eabi/7.2.1/../../../../arm-none-eabi/lib/thumb/v7e-m/fpv4-sp/hard\libg.a(lib_a-fvwrite.o)
                0x00009b94                __sfvwrite_r
 .text._fwalk_reent
                0x00009e90       0x54 c:/progra~3/matlab/suppor~1/r2020a/3p778c~1.ins/gnuarm~1.ins/win/bin/../lib/gcc/arm-none-eabi/7.2.1/../../../../arm-none-eabi/lib/thumb/v7e-m/fpv4-sp/hard\libg.a(lib_a-fwalk.o)
                0x00009e90                _fwalk_reent
 .text.__locale_mb_cur_max
                0x00009ee4       0x1c c:/progra~3/matlab/suppor~1/r2020a/3p778c~1.ins/gnuarm~1.ins/win/bin/../lib/gcc/arm-none-eabi/7.2.1/../../../../arm-none-eabi/lib/thumb/v7e-m/fpv4-sp/hard\libg.a(lib_a-locale.o)
                0x00009ee4                __locale_mb_cur_max
 .text.__retarget_lock_init_recursive
                0x00009f00        0x4 c:/progra~3/matlab/suppor~1/r2020a/3p778c~1.ins/gnuarm~1.ins/win/bin/../lib/gcc/arm-none-eabi/7.2.1/../../../../arm-none-eabi/lib/thumb/v7e-m/fpv4-sp/hard\libg.a(lib_a-lock.o)
                0x00009f00                __retarget_lock_init_recursive
 .text.__retarget_lock_close_recursive
                0x00009f04        0x4 c:/progra~3/matlab/suppor~1/r2020a/3p778c~1.ins/gnuarm~1.ins/win/bin/../lib/gcc/arm-none-eabi/7.2.1/../../../../arm-none-eabi/lib/thumb/v7e-m/fpv4-sp/hard\libg.a(lib_a-lock.o)
                0x00009f04                __retarget_lock_close_recursive
 .text.__retarget_lock_acquire_recursive
                0x00009f08        0x4 c:/progra~3/matlab/suppor~1/r2020a/3p778c~1.ins/gnuarm~1.ins/win/bin/../lib/gcc/arm-none-eabi/7.2.1/../../../../arm-none-eabi/lib/thumb/v7e-m/fpv4-sp/hard\libg.a(lib_a-lock.o)
                0x00009f08                __retarget_lock_acquire_recursive
 .text.__retarget_lock_release_recursive
                0x00009f0c        0x4 c:/progra~3/matlab/suppor~1/r2020a/3p778c~1.ins/gnuarm~1.ins/win/bin/../lib/gcc/arm-none-eabi/7.2.1/../../../../arm-none-eabi/lib/thumb/v7e-m/fpv4-sp/hard\libg.a(lib_a-lock.o)
                0x00009f0c                __retarget_lock_release_recursive
 .text.__swhatbuf_r
                0x00009f10       0x5c c:/progra~3/matlab/suppor~1/r2020a/3p778c~1.ins/gnuarm~1.ins/win/bin/../lib/gcc/arm-none-eabi/7.2.1/../../../../arm-none-eabi/lib/thumb/v7e-m/fpv4-sp/hard\libg.a(lib_a-makebuf.o)
                0x00009f10                __swhatbuf_r
 .text.__smakebuf_r
                0x00009f6c       0x94 c:/progra~3/matlab/suppor~1/r2020a/3p778c~1.ins/gnuarm~1.ins/win/bin/../lib/gcc/arm-none-eabi/7.2.1/../../../../arm-none-eabi/lib/thumb/v7e-m/fpv4-sp/hard\libg.a(lib_a-makebuf.o)
                0x00009f6c                __smakebuf_r
 .text.__ascii_mbtowc
                0x0000a000       0x2c c:/progra~3/matlab/suppor~1/r2020a/3p778c~1.ins/gnuarm~1.ins/win/bin/../lib/gcc/arm-none-eabi/7.2.1/../../../../arm-none-eabi/lib/thumb/v7e-m/fpv4-sp/hard\libg.a(lib_a-mbtowc_r.o)
                0x0000a000                __ascii_mbtowc
 .text.memmove  0x0000a02c       0xc8 c:/progra~3/matlab/suppor~1/r2020a/3p778c~1.ins/gnuarm~1.ins/win/bin/../lib/gcc/arm-none-eabi/7.2.1/../../../../arm-none-eabi/lib/thumb/v7e-m/fpv4-sp/hard\libg.a(lib_a-memmove.o)
                0x0000a02c                memmove
 .text._realloc_r
                0x0000a0f4      0x35c c:/progra~3/matlab/suppor~1/r2020a/3p778c~1.ins/gnuarm~1.ins/win/bin/../lib/gcc/arm-none-eabi/7.2.1/../../../../arm-none-eabi/lib/thumb/v7e-m/fpv4-sp/hard\libg.a(lib_a-reallocr.o)
                0x0000a0f4                _realloc_r
 .text.__sread  0x0000a450       0x24 c:/progra~3/matlab/suppor~1/r2020a/3p778c~1.ins/gnuarm~1.ins/win/bin/../lib/gcc/arm-none-eabi/7.2.1/../../../../arm-none-eabi/lib/thumb/v7e-m/fpv4-sp/hard\libg.a(lib_a-stdio.o)
                0x0000a450                __sread
 .text.__swrite
                0x0000a474       0x3c c:/progra~3/matlab/suppor~1/r2020a/3p778c~1.ins/gnuarm~1.ins/win/bin/../lib/gcc/arm-none-eabi/7.2.1/../../../../arm-none-eabi/lib/thumb/v7e-m/fpv4-sp/hard\libg.a(lib_a-stdio.o)
                0x0000a474                __swrite
 .text.__sseek  0x0000a4b0       0x20 c:/progra~3/matlab/suppor~1/r2020a/3p778c~1.ins/gnuarm~1.ins/win/bin/../lib/gcc/arm-none-eabi/7.2.1/../../../../arm-none-eabi/lib/thumb/v7e-m/fpv4-sp/hard\libg.a(lib_a-stdio.o)
                0x0000a4b0                __sseek
 .text.__sclose
                0x0000a4d0        0x8 c:/progra~3/matlab/suppor~1/r2020a/3p778c~1.ins/gnuarm~1.ins/win/bin/../lib/gcc/arm-none-eabi/7.2.1/../../../../arm-none-eabi/lib/thumb/v7e-m/fpv4-sp/hard\libg.a(lib_a-stdio.o)
                0x0000a4d0                __sclose
 .text.__swbuf_r
                0x0000a4d8       0xb0 c:/progra~3/matlab/suppor~1/r2020a/3p778c~1.ins/gnuarm~1.ins/win/bin/../lib/gcc/arm-none-eabi/7.2.1/../../../../arm-none-eabi/lib/thumb/v7e-m/fpv4-sp/hard\libg.a(lib_a-wbuf.o)
                0x0000a4d8                __swbuf_r
 .text._wcrtomb_r
                0x0000a588       0x50 c:/progra~3/matlab/suppor~1/r2020a/3p778c~1.ins/gnuarm~1.ins/win/bin/../lib/gcc/arm-none-eabi/7.2.1/../../../../arm-none-eabi/lib/thumb/v7e-m/fpv4-sp/hard\libg.a(lib_a-wcrtomb.o)
                0x0000a588                _wcrtomb_r
 .text.__ascii_wctomb
                0x0000a5d8       0x1c c:/progra~3/matlab/suppor~1/r2020a/3p778c~1.ins/gnuarm~1.ins/win/bin/../lib/gcc/arm-none-eabi/7.2.1/../../../../arm-none-eabi/lib/thumb/v7e-m/fpv4-sp/hard\libg.a(lib_a-wctomb_r.o)
                0x0000a5d8                __ascii_wctomb
 .text._write_r
                0x0000a5f4       0x2c c:/progra~3/matlab/suppor~1/r2020a/3p778c~1.ins/gnuarm~1.ins/win/bin/../lib/gcc/arm-none-eabi/7.2.1/../../../../arm-none-eabi/lib/thumb/v7e-m/fpv4-sp/hard\libg.a(lib_a-writer.o)
                0x0000a5f4                _write_r
 .text._close_r
                0x0000a620       0x24 c:/progra~3/matlab/suppor~1/r2020a/3p778c~1.ins/gnuarm~1.ins/win/bin/../lib/gcc/arm-none-eabi/7.2.1/../../../../arm-none-eabi/lib/thumb/v7e-m/fpv4-sp/hard\libg.a(lib_a-closer.o)
                0x0000a620                _close_r
 .text._fclose_r
                0x0000a644       0xd0 c:/progra~3/matlab/suppor~1/r2020a/3p778c~1.ins/gnuarm~1.ins/win/bin/../lib/gcc/arm-none-eabi/7.2.1/../../../../arm-none-eabi/lib/thumb/v7e-m/fpv4-sp/hard\libg.a(lib_a-fclose.o)
                0x0000a644                _fclose_r
 .text._fstat_r
                0x0000a714       0x28 c:/progra~3/matlab/suppor~1/r2020a/3p778c~1.ins/gnuarm~1.ins/win/bin/../lib/gcc/arm-none-eabi/7.2.1/../../../../arm-none-eabi/lib/thumb/v7e-m/fpv4-sp/hard\libg.a(lib_a-fstatr.o)
                0x0000a714                _fstat_r
 .text._isatty_r
                0x0000a73c       0x24 c:/progra~3/matlab/suppor~1/r2020a/3p778c~1.ins/gnuarm~1.ins/win/bin/../lib/gcc/arm-none-eabi/7.2.1/../../../../arm-none-eabi/lib/thumb/v7e-m/fpv4-sp/hard\libg.a(lib_a-isattyr.o)
                0x0000a73c                _isatty_r
 .text._lseek_r
                0x0000a760       0x2c c:/progra~3/matlab/suppor~1/r2020a/3p778c~1.ins/gnuarm~1.ins/win/bin/../lib/gcc/arm-none-eabi/7.2.1/../../../../arm-none-eabi/lib/thumb/v7e-m/fpv4-sp/hard\libg.a(lib_a-lseekr.o)
                0x0000a760                _lseek_r
 .text._read_r  0x0000a78c       0x2c c:/progra~3/matlab/suppor~1/r2020a/3p778c~1.ins/gnuarm~1.ins/win/bin/../lib/gcc/arm-none-eabi/7.2.1/../../../../arm-none-eabi/lib/thumb/v7e-m/fpv4-sp/hard\libg.a(lib_a-readr.o)
                0x0000a78c                _read_r
 .text._close   0x0000a7b8       0x10 c:/progra~3/matlab/suppor~1/r2020a/3p778c~1.ins/gnuarm~1.ins/win/bin/../lib/gcc/arm-none-eabi/7.2.1/../../../../arm-none-eabi/lib/thumb/v7e-m/fpv4-sp/hard\libnosys.a(close.o)
                0x0000a7b8                _close
 .text._fstat   0x0000a7c8       0x10 c:/progra~3/matlab/suppor~1/r2020a/3p778c~1.ins/gnuarm~1.ins/win/bin/../lib/gcc/arm-none-eabi/7.2.1/../../../../arm-none-eabi/lib/thumb/v7e-m/fpv4-sp/hard\libnosys.a(fstat.o)
                0x0000a7c8                _fstat
 .text._getpid  0x0000a7d8       0x10 c:/progra~3/matlab/suppor~1/r2020a/3p778c~1.ins/gnuarm~1.ins/win/bin/../lib/gcc/arm-none-eabi/7.2.1/../../../../arm-none-eabi/lib/thumb/v7e-m/fpv4-sp/hard\libnosys.a(getpid.o)
                0x0000a7d8                _getpid
 .text._isatty  0x0000a7e8       0x10 c:/progra~3/matlab/suppor~1/r2020a/3p778c~1.ins/gnuarm~1.ins/win/bin/../lib/gcc/arm-none-eabi/7.2.1/../../../../arm-none-eabi/lib/thumb/v7e-m/fpv4-sp/hard\libnosys.a(isatty.o)
                0x0000a7e8                _isatty
 .text._kill    0x0000a7f8       0x10 c:/progra~3/matlab/suppor~1/r2020a/3p778c~1.ins/gnuarm~1.ins/win/bin/../lib/gcc/arm-none-eabi/7.2.1/../../../../arm-none-eabi/lib/thumb/v7e-m/fpv4-sp/hard\libnosys.a(kill.o)
                0x0000a7f8                _kill
 .text._lseek   0x0000a808       0x10 c:/progra~3/matlab/suppor~1/r2020a/3p778c~1.ins/gnuarm~1.ins/win/bin/../lib/gcc/arm-none-eabi/7.2.1/../../../../arm-none-eabi/lib/thumb/v7e-m/fpv4-sp/hard\libnosys.a(lseek.o)
                0x0000a808                _lseek
 .text._read    0x0000a818       0x10 c:/progra~3/matlab/suppor~1/r2020a/3p778c~1.ins/gnuarm~1.ins/win/bin/../lib/gcc/arm-none-eabi/7.2.1/../../../../arm-none-eabi/lib/thumb/v7e-m/fpv4-sp/hard\libnosys.a(read.o)
                0x0000a818                _read
 .text._write   0x0000a828       0x10 c:/progra~3/matlab/suppor~1/r2020a/3p778c~1.ins/gnuarm~1.ins/win/bin/../lib/gcc/arm-none-eabi/7.2.1/../../../../arm-none-eabi/lib/thumb/v7e-m/fpv4-sp/hard\libnosys.a(write.o)
                0x0000a828                _write
 .text._exit    0x0000a838        0x4 c:/progra~3/matlab/suppor~1/r2020a/3p778c~1.ins/gnuarm~1.ins/win/bin/../lib/gcc/arm-none-eabi/7.2.1/../../../../arm-none-eabi/lib/thumb/v7e-m/fpv4-sp/hard\libnosys.a(_exit.o)
                0x0000a838                _exit
 *(.rodata)
 .rodata        0x0000a83c       0x44 MW_PWM.o
 .rodata        0x0000a880       0x50 board.o
 *(.rodata*)
 .rodata.Averynicefile_M
                0x0000a8d0        0x4 Averynicefile.o
                0x0000a8d0                Averynicefile_M
 .rodata.__func__.7519
                0x0000a8d4       0x14 MW_PWM.o
 .rodata.os_maxtaskrun
                0x0000a8e8        0x2 RTX_Conf_CM.o
                0x0000a8e8                os_maxtaskrun
 *fill*         0x0000a8ea        0x2 
 .rodata.os_stackinfo
                0x0000a8ec        0x4 RTX_Conf_CM.o
                0x0000a8ec                os_stackinfo
 .rodata.os_trv
                0x0000a8f0        0x4 RTX_Conf_CM.o
                0x0000a8f0                os_trv
 .rodata.os_flags
                0x0000a8f4        0x1 RTX_Conf_CM.o
                0x0000a8f4                os_flags
 *fill*         0x0000a8f5        0x3 
 .rodata.os_clockrate
                0x0000a8f8        0x4 RTX_Conf_CM.o
                0x0000a8f8                os_clockrate
 .rodata.mp_tcb_size
                0x0000a8fc        0x2 RTX_Conf_CM.o
                0x0000a8fc                mp_tcb_size
 *fill*         0x0000a8fe        0x2 
 .rodata.mp_stk_size
                0x0000a900        0x4 RTX_Conf_CM.o
                0x0000a900                mp_stk_size
 .rodata.os_stack_sz
                0x0000a904        0x4 RTX_Conf_CM.o
                0x0000a904                os_stack_sz
 .rodata.os_fifo_size
                0x0000a908        0x1 RTX_Conf_CM.o
                0x0000a908                os_fifo_size
 *fill*         0x0000a909        0x3 
 .rodata.os_thread_def_osTimerThread
                0x0000a90c       0x10 RTX_Conf_CM.o
                0x0000a90c                os_thread_def_osTimerThread
 .rodata.os_messageQ_def_osTimerMessageQ
                0x0000a91c        0x8 RTX_Conf_CM.o
                0x0000a91c                os_messageQ_def_osTimerMessageQ
 .rodata.mp_tmr_size
                0x0000a924        0x2 RTX_Conf_CM.o
                0x0000a924                mp_tmr_size
 *fill*         0x0000a926        0x2 
 .rodata.os_thread_def_main
                0x0000a928       0x10 RTX_Conf_CM.o
                0x0000a928                os_thread_def_main
 .rodata.g_defaultClockConfigRun
                0x0000a938       0x16 board.o
                0x0000a938                g_defaultClockConfigRun
 *fill*         0x0000a94e        0x2 
 .rodata.__func__.7439
                0x0000a950       0x14 board.o
 .rodata.OSA_SemaCreate.str1.1
                0x0000a964       0x45 C:/ProgramData/MATLAB/SupportPackages/R2020a/toolbox/target/supportpackages/freedomk64f/src/ksdk_armgcc_lib/bm/libksdk_platform.a(fsl_os_abstraction_bm.o)
 .rodata.__func__.9217
                0x0000a9a9        0xd C:/ProgramData/MATLAB/SupportPackages/R2020a/toolbox/target/supportpackages/freedomk64f/src/ksdk_armgcc_lib/bm/libksdk_platform.a(fsl_os_abstraction_bm.o)
 .rodata.CLOCK_SYS_Init.str1.1
                0x0000a9b6       0x72 C:/ProgramData/MATLAB/SupportPackages/R2020a/toolbox/target/supportpackages/freedomk64f/src/ksdk_armgcc_lib/bm/libksdk_platform.a(fsl_clock_manager.o)
 .rodata.CLOCK_SYS_OscDeinit.str1.1
                0x0000aa28       0x1e C:/ProgramData/MATLAB/SupportPackages/R2020a/toolbox/target/supportpackages/freedomk64f/src/ksdk_armgcc_lib/bm/libksdk_platform.a(fsl_clock_manager.o)
 .rodata.CLOCK_SYS_RtcOscInit.str1.1
                0x0000aa46       0x1e C:/ProgramData/MATLAB/SupportPackages/R2020a/toolbox/target/supportpackages/freedomk64f/src/ksdk_armgcc_lib/bm/libksdk_platform.a(fsl_clock_manager.o)
 .rodata.__func__.9313
                0x0000aa64       0x12 C:/ProgramData/MATLAB/SupportPackages/R2020a/toolbox/target/supportpackages/freedomk64f/src/ksdk_armgcc_lib/bm/libksdk_platform.a(fsl_clock_manager.o)
 .rodata.__func__.9330
                0x0000aa76       0x15 C:/ProgramData/MATLAB/SupportPackages/R2020a/toolbox/target/supportpackages/freedomk64f/src/ksdk_armgcc_lib/bm/libksdk_platform.a(fsl_clock_manager.o)
 *fill*         0x0000aa8b        0x1 
 .rodata.g_oscBase
                0x0000aa8c        0x4 C:/ProgramData/MATLAB/SupportPackages/R2020a/toolbox/target/supportpackages/freedomk64f/src/ksdk_armgcc_lib/bm/libksdk_platform.a(fsl_clock_manager_common.o)
                0x0000aa8c                g_oscBase
 .rodata.CLOCK_SYS_EnableFtmClock.str1.1
                0x0000aa90       0x38 C:/ProgramData/MATLAB/SupportPackages/R2020a/toolbox/target/supportpackages/freedomk64f/src/ksdk_armgcc_lib/bm/libksdk_platform.a(fsl_clock_MK64F12.o)
 .rodata.CLOCK_SYS_EnablePortClock.str1.1
                0x0000aac8       0x3a C:/ProgramData/MATLAB/SupportPackages/R2020a/toolbox/target/supportpackages/freedomk64f/src/ksdk_armgcc_lib/bm/libksdk_platform.a(fsl_clock_MK64F12.o)
 .rodata.CLOCK_SYS_SetConfiguration.str1.1
                0x0000ab02       0x5c C:/ProgramData/MATLAB/SupportPackages/R2020a/toolbox/target/supportpackages/freedomk64f/src/ksdk_armgcc_lib/bm/libksdk_platform.a(fsl_clock_MK64F12.o)
 .rodata.__func__.8927
                0x0000ab5e       0x1b C:/ProgramData/MATLAB/SupportPackages/R2020a/toolbox/target/supportpackages/freedomk64f/src/ksdk_armgcc_lib/bm/libksdk_platform.a(fsl_clock_MK64F12.o)
 .rodata.__func__.9082
                0x0000ab79       0x1a C:/ProgramData/MATLAB/SupportPackages/R2020a/toolbox/target/supportpackages/freedomk64f/src/ksdk_armgcc_lib/bm/libksdk_platform.a(fsl_clock_MK64F12.o)
 .rodata.__func__.9121
                0x0000ab93       0x19 C:/ProgramData/MATLAB/SupportPackages/R2020a/toolbox/target/supportpackages/freedomk64f/src/ksdk_armgcc_lib/bm/libksdk_platform.a(fsl_clock_MK64F12.o)
 .rodata.ftmGateTable